Component: ARM Compiler 5.05 update 1 (build 106) Tool: armlink [4d0efa]

==============================================================================

Section Cross References

    startup_stm32f103xe.o(RESET) refers to startup_stm32f103xe.o(STACK) for __initial_sp
    startup_stm32f103xe.o(RESET) refers to startup_stm32f103xe.o(.text) for Reset_Handler
    startup_stm32f103xe.o(RESET) refers to stm32f1xx_it.o(i.NMI_Handler) for NMI_Handler
    startup_stm32f103xe.o(RESET) refers to stm32f1xx_it.o(i.HardFault_Handler) for HardFault_Handler
    startup_stm32f103xe.o(RESET) refers to stm32f1xx_it.o(i.MemManage_Handler) for MemManage_Handler
    startup_stm32f103xe.o(RESET) refers to stm32f1xx_it.o(i.BusFault_Handler) for BusFault_Handler
    startup_stm32f103xe.o(RESET) refers to stm32f1xx_it.o(i.UsageFault_Handler) for UsageFault_Handler
    startup_stm32f103xe.o(RESET) refers to stm32f1xx_it.o(i.SVC_Handler) for SVC_Handler
    startup_stm32f103xe.o(RESET) refers to stm32f1xx_it.o(i.DebugMon_Handler) for DebugMon_Handler
    startup_stm32f103xe.o(RESET) refers to stm32f1xx_it.o(i.PendSV_Handler) for PendSV_Handler
    startup_stm32f103xe.o(RESET) refers to stm32f1xx_it.o(i.SysTick_Handler) for SysTick_Handler
    startup_stm32f103xe.o(RESET) refers to stm32f1xx_it.o(i.DMA1_Channel1_IRQHandler) for DMA1_Channel1_IRQHandler
    startup_stm32f103xe.o(RESET) refers to stm32f1xx_it.o(i.DMA1_Channel6_IRQHandler) for DMA1_Channel6_IRQHandler
    startup_stm32f103xe.o(RESET) refers to stm32f1xx_it.o(i.DMA1_Channel7_IRQHandler) for DMA1_Channel7_IRQHandler
    startup_stm32f103xe.o(RESET) refers to stm32f1xx_it.o(i.USART2_IRQHandler) for USART2_IRQHandler
    startup_stm32f103xe.o(RESET) refers to stm32f1xx_it.o(i.TIM6_IRQHandler) for TIM6_IRQHandler
    startup_stm32f103xe.o(RESET) refers to stm32f1xx_it.o(i.TIM7_IRQHandler) for TIM7_IRQHandler
    startup_stm32f103xe.o(RESET) refers to stm32f1xx_it.o(i.DMA2_Channel3_IRQHandler) for DMA2_Channel3_IRQHandler
    startup_stm32f103xe.o(.text) refers to system_stm32f1xx.o(i.SystemInit) for SystemInit
    startup_stm32f103xe.o(.text) refers to entry.o(.ARM.Collect$$$$00000000) for __main
    ili9341_gfx.o(i.ILI9341_Draw_Char) refers to ili9341_stm32_driver.o(i.ILI9341_Draw_Rectangle) for ILI9341_Draw_Rectangle
    ili9341_gfx.o(i.ILI9341_Draw_Char) refers to ili9341_stm32_driver.o(i.ILI9341_Draw_Pixel) for ILI9341_Draw_Pixel
    ili9341_gfx.o(i.ILI9341_Draw_Char) refers to ili9341_gfx.o(.constdata) for .constdata
    ili9341_gfx.o(i.ILI9341_Draw_Filled_Circle) refers to ili9341_stm32_driver.o(i.ILI9341_Draw_Pixel) for ILI9341_Draw_Pixel
    ili9341_gfx.o(i.ILI9341_Draw_Filled_Rectangle_Coord) refers to ili9341_stm32_driver.o(i.ILI9341_Draw_Rectangle) for ILI9341_Draw_Rectangle
    ili9341_gfx.o(i.ILI9341_Draw_Hollow_Circle) refers to ili9341_stm32_driver.o(i.ILI9341_Draw_Pixel) for ILI9341_Draw_Pixel
    ili9341_gfx.o(i.ILI9341_Draw_Hollow_Rectangle_Coord) refers to fflti.o(.text) for __aeabi_i2f
    ili9341_gfx.o(i.ILI9341_Draw_Hollow_Rectangle_Coord) refers to ili9341_stm32_driver.o(i.ILI9341_Draw_Horizontal_Line) for ILI9341_Draw_Horizontal_Line
    ili9341_gfx.o(i.ILI9341_Draw_Hollow_Rectangle_Coord) refers to ili9341_stm32_driver.o(i.ILI9341_Draw_Vertical_Line) for ILI9341_Draw_Vertical_Line
    ili9341_gfx.o(i.ILI9341_Draw_Hollow_Rectangle_Coord) refers to ili9341_stm32_driver.o(i.ILI9341_Draw_Pixel) for ILI9341_Draw_Pixel
    ili9341_gfx.o(i.ILI9341_Draw_Image) refers to ili9341_stm32_driver.o(i.ILI9341_Set_Rotation) for ILI9341_Set_Rotation
    ili9341_gfx.o(i.ILI9341_Draw_Image) refers to ili9341_stm32_driver.o(i.ILI9341_Set_Address) for ILI9341_Set_Address
    ili9341_gfx.o(i.ILI9341_Draw_Image) refers to stm32f1xx_hal_gpio.o(i.HAL_GPIO_WritePin) for HAL_GPIO_WritePin
    ili9341_gfx.o(i.ILI9341_Draw_Image) refers to stm32f1xx_hal_spi.o(i.HAL_SPI_Transmit) for HAL_SPI_Transmit
    ili9341_gfx.o(i.ILI9341_Draw_Image) refers to spi.o(.bss) for hspi2
    ili9341_gfx.o(i.ILI9341_Draw_Text) refers to ili9341_gfx.o(i.ILI9341_Draw_Char) for ILI9341_Draw_Char
    ili9341_stm32_driver.o(i.ILI9341_Draw_Colour) refers to stm32f1xx_hal_gpio.o(i.HAL_GPIO_WritePin) for HAL_GPIO_WritePin
    ili9341_stm32_driver.o(i.ILI9341_Draw_Colour) refers to stm32f1xx_hal_spi.o(i.HAL_SPI_Transmit) for HAL_SPI_Transmit
    ili9341_stm32_driver.o(i.ILI9341_Draw_Colour) refers to spi.o(.bss) for hspi2
    ili9341_stm32_driver.o(i.ILI9341_Draw_Colour_Burst) refers to stm32f1xx_hal_gpio.o(i.HAL_GPIO_WritePin) for HAL_GPIO_WritePin
    ili9341_stm32_driver.o(i.ILI9341_Draw_Colour_Burst) refers to malloc.o(i.malloc) for malloc
    ili9341_stm32_driver.o(i.ILI9341_Draw_Colour_Burst) refers to stm32f1xx_hal_spi.o(i.HAL_SPI_Transmit) for HAL_SPI_Transmit
    ili9341_stm32_driver.o(i.ILI9341_Draw_Colour_Burst) refers to malloc.o(i.free) for free
    ili9341_stm32_driver.o(i.ILI9341_Draw_Colour_Burst) refers to spi.o(.bss) for hspi2
[...]
    ../clib/microlib/init/entry.s            0x00000000   Number         0  entry2.o ABSOLUTE
    ../clib/microlib/init/entry.s            0x00000000   Number         0  entry11a.o ABSOLUTE
    ../clib/microlib/init/entry.s            0x00000000   Number         0  entry10b.o ABSOLUTE
    ../clib/microlib/init/entry.s            0x00000000   Number         0  entry7a.o ABSOLUTE
    ../clib/microlib/init/entry.s            0x00000000   Number         0  entry11b.o ABSOLUTE
    ../clib/microlib/init/entry.s            0x00000000   Number         0  entry.o ABSOLUTE
    ../clib/microlib/longlong.c              0x00000000   Number         0  llsshr.o ABSOLUTE
    ../clib/microlib/longlong.c              0x00000000   Number         0  llushr.o ABSOLUTE
    ../clib/microlib/longlong.c              0x00000000   Number         0  llshl.o ABSOLUTE
    ../clib/microlib/malloc/malloc.c         0x00000000   Number         0  mallocr.o ABSOLUTE
    ../clib/microlib/malloc/malloc.c         0x00000000   Number         0  mallocra.o ABSOLUTE
    ../clib/microlib/malloc/malloc.c         0x00000000   Number         0  malloc.o ABSOLUTE
    ../clib/microlib/malloc/malloc.c         0x00000000   Number         0  malloca.o ABSOLUTE
    ../clib/microlib/malloc/mvars.c          0x00000000   Number         0  mvars.o ABSOLUTE
    ../clib/microlib/printf/printf.c         0x00000000   Number         0  printf1.o ABSOLUTE
    ../clib/microlib/printf/printf.c         0x00000000   Number         0  printfb.o ABSOLUTE
    ../clib/microlib/printf/printf.c         0x00000000   Number         0  printf2.o ABSOLUTE
    ../clib/microlib/printf/printf.c         0x00000000   Number         0  printf3.o ABSOLUTE
    ../clib/microlib/printf/printf.c         0x00000000   Number         0  printf4.o ABSOLUTE
    ../clib/microlib/printf/printf.c         0x00000000   Number         0  printf5.o ABSOLUTE
    ../clib/microlib/printf/printf.c         0x00000000   Number         0  printf6.o ABSOLUTE
    ../clib/microlib/printf/printf.c         0x00000000   Number         0  printf8.o ABSOLUTE
    ../clib/microlib/printf/printf.c         0x00000000   Number         0  printfa.o ABSOLUTE
    ../clib/microlib/printf/printf.c         0x00000000   Number         0  printf7.o ABSOLUTE
    ../clib/microlib/printf/printf.c         0x00000000   Number         0  printf0.o ABSOLUTE
    ../clib/microlib/printf/stubs.s          0x00000000   Number         0  stubs.o ABSOLUTE
    ../clib/microlib/stdio/fputc.c           0x00000000   Number         0  fputc.o ABSOLUTE
    ../clib/microlib/stdio/semi.s            0x00000000   Number         0  semi.o ABSOLUTE
    ../clib/microlib/stdio/streams.c         0x00000000   Number         0  stdout.o ABSOLUTE
    ../clib/microlib/string/memcpy.c         0x00000000   Number         0  memcpya.o ABSOLUTE
    ../clib/microlib/string/memcpy.c         0x00000000   Number         0  memcpyb.o ABSOLUTE
    ../clib/microlib/stubs.s                 0x00000000   Number         0  iusesemip.o ABSOLUTE
    ../clib/microlib/stubs.s                 0x00000000   Number         0  iusefp.o ABSOLUTE
    ../fplib/microlib/fpadd.c                0x00000000   Number         0  dadd.o ABSOLUTE
    ../fplib/microlib/fpdiv.c                0x00000000   Number         0  ddiv.o ABSOLUTE
    ../fplib/microlib/fpepilogue.c           0x00000000   Number         0  depilogue.o ABSOLUTE
    ../fplib/microlib/fpepilogue.c           0x00000000   Number         0  fepilogue.o ABSOLUTE
    ../fplib/microlib/fpfix.c                0x00000000   Number         0  dfixul.o ABSOLUTE
    ../fplib/microlib/fpflt.c                0x00000000   Number         0  fflti.o ABSOLUTE
    ../fplib/microlib/fpmul.c                0x00000000   Number         0  dmul.o ABSOLUTE
    ..\Drivers\STM32F1xx_HAL_Driver\Src\stm32f1xx_hal.c 0x00000000   Number         0  stm32f1xx_hal.o ABSOLUTE
    ..\Drivers\STM32F1xx_HAL_Driver\Src\stm32f1xx_hal_adc.c 0x00000000   Number         0  stm32f1xx_hal_adc.o ABSOLUTE
    ..\Drivers\STM32F1xx_HAL_Driver\Src\stm32f1xx_hal_adc_ex.c 0x00000000   Number         0  stm32f1xx_hal_adc_ex.o ABSOLUTE
    ..\Drivers\STM32F1xx_HAL_Driver\Src\stm32f1xx_hal_cortex.c 0x00000000   Number         0  stm32f1xx_hal_cortex.o ABSOLUTE
    ..\Drivers\STM32F1xx_HAL_Driver\Src\stm32f1xx_hal_dac.c 0x00000000   Number         0  stm32f1xx_hal_dac.o ABSOLUTE
    ..\Drivers\STM32F1xx_HAL_Driver\Src\stm32f1xx_hal_dac_ex.c 0x00000000   Number         0  stm32f1xx_hal_dac_ex.o ABSOLUTE
    ..\Drivers\STM32F1xx_HAL_Driver\Src\stm32f1xx_hal_dma.c 0x00000000   Number         0  stm32f1xx_hal_dma.o ABSOLUTE
    ..\Drivers\STM32F1xx_HAL_Driver\Src\stm32f1xx_hal_flash.c 0x00000000   Number         0  stm32f1xx_hal_flash.o ABSOLUTE
    ..\Drivers\STM32F1xx_HAL_Driver\Src\stm32f1xx_hal_flash_ex.c 0x00000000   Number         0  stm32f1xx_hal_flash_ex.o ABSOLUTE
    ..\Drivers\STM32F1xx_HAL_Driver\Src\stm32f1xx_hal_gpio.c 0x00000000   Number         0  stm32f1xx_hal_gpio.o ABSOLUTE
    ..\Drivers\STM32F1xx_HAL_Driver\Src\stm32f1xx_hal_gpio_ex.c 0x00000000   Number         0  stm32f1xx_hal_gpio_ex.o ABSOLUTE
    ..\Drivers\STM32F1xx_HAL_Driver\Src\stm32f1xx_hal_pwr.c 0x00000000   Number         0  stm32f1xx_hal_pwr.o ABSOLUTE
    ..\Drivers\STM32F1xx_HAL_Driver\Src\stm32f1xx_hal_rcc.c 0x00000000   Number         0  stm32f1xx_hal_rcc.o ABSOLUTE
    ..\Drivers\STM32F1xx_HAL_Driver\Src\stm32f1xx_hal_rcc_ex.c 0x00000000   Number         0  stm32f1xx_hal_rcc_ex.o ABSOLUTE
    ..\Drivers\STM32F1xx_HAL_Driver\Src\stm32f1xx_hal_spi.c 0x00000000   Number         0  stm32f1xx_hal_spi.o ABSOLUTE
    ..\Drivers\STM32F1xx_HAL_Driver\Src\stm32f1xx_hal_spi_ex.c 0x00000000   Number         0  stm32f1xx_hal_spi_ex.o ABSOLUTE
    ..\Drivers\STM32F1xx_HAL_Driver\Src\stm32f1xx_hal_tim.c 0x00000000   Number         0  stm32f1xx_hal_tim.o ABSOLUTE
    ..\Drivers\STM32F1xx_HAL_Driver\Src\stm32f1xx_hal_tim_ex.c 0x00000000   Number         0  stm32f1xx_hal_tim_ex.o ABSOLUTE
    ..\Drivers\STM32F1xx_HAL_Driver\Src\stm32f1xx_hal_uart.c 0x00000000   Number         0  stm32f1xx_hal_uart.o ABSOLUTE
    ..\Src\Audio.c                           0x00000000   Number         0  audio.o ABSOLUTE
    ..\Src\FatFS\SD_functions.c              0x00000000   Number         0  sd_functions.o ABSOLUTE
    ..\Src\FatFS\Src\diskio.c                0x00000000   Number         0  diskio.o ABSOLUTE
    ..\Src\FatFS\Src\fat_sd_spi.c            0x00000000   Number         0  fat_sd_spi.o ABSOLUTE
    ..\Src\FatFS\Src\ff.c                    0x00000000   Number         0  ff.o ABSOLUTE
    ..\Src\FatFS\Src\ffsystem.c              0x00000000   Number         0  ffsystem.o ABSOLUTE
    ..\Src\FatFS\Src\ffunicode.c             0x00000000   Number         0  ffunicode.o ABSOLUTE
    ..\Src\FatFS\Src\syscall.c               0x00000000   Number         0  syscall.o ABSOLUTE
    ..\Src\FatFS\Src\unicode.c               0x00000000   Number         0  unicode.o ABSOLUTE
    ..\Src\Keypad.c                          0x00000000   Number         0  keypad.o ABSOLUTE
    ..\Src\LCD\ILI9341_GFX.c                 0x00000000   Number         0  ili9341_gfx.o ABSOLUTE
    ..\Src\LCD\ILI9341_STM32_Driver.c        0x00000000   Number         0  ili9341_stm32_driver.o ABSOLUTE
    ..\Src\LCD\LCD.c                         0x00000000   Number         0  lcd.o ABSOLUTE
    ..\Src\Master.c                          0x00000000   Number         0  master.o ABSOLUTE
    ..\Src\adc.c                             0x00000000   Number         0  adc.o ABSOLUTE
    ..\Src\dac.c                             0x00000000   Number         0  dac.o ABSOLUTE
    ..\Src\dma.c                             0x00000000   Number         0  dma.o ABSOLUTE
    ..\Src\gpio.c                            0x00000000   Number         0  gpio.o ABSOLUTE
    ..\Src\main.c                            0x00000000   Number         0  main.o ABSOLUTE
    ..\Src\spi.c                             0x00000000   Number         0  spi.o ABSOLUTE
    ..\Src\stm32f1xx_hal_msp.c               0x00000000   Number         0  stm32f1xx_hal_msp.o ABSOLUTE
    ..\Src\stm32f1xx_it.c                    0x00000000   Number         0  stm32f1xx_it.o ABSOLUTE
    ..\Src\system_stm32f1xx.c                0x00000000   Number         0  system_stm32f1xx.o ABSOLUTE
    ..\Src\tim.c                             0x00000000   Number         0  tim.o ABSOLUTE
    ..\Src\usart.c                           0x00000000   Number         0  usart.o ABSOLUTE
    ..\\Src\\Audio.c                         0x00000000   Number         0  audio.o ABSOLUTE
    ..\\Src\\FatFS\\SD_functions.c           0x00000000   Number         0  sd_functions.o ABSOLUTE
    ..\\Src\\FatFS\\Src\\diskio.c            0x00000000   Number         0  diskio.o ABSOLUTE
    ..\\Src\\FatFS\\Src\\fat_sd_spi.c        0x00000000   Number         0  fat_sd_spi.o ABSOLUTE
    ..\\Src\\FatFS\\Src\\ff.c                0x00000000   Number         0  ff.o ABSOLUTE
    ..\\Src\\FatFS\\Src\\ffsystem.c          0x00000000   Number         0  ffsystem.o ABSOLUTE
    ..\\Src\\FatFS\\Src\\ffunicode.c         0x00000000   Number         0  ffunicode.o ABSOLUTE
    ..\\Src\\FatFS\\Src\\syscall.c           0x00000000   Number         0  syscall.o ABSOLUTE
    ..\\Src\\FatFS\\Src\\unicode.c           0x00000000   Number         0  unicode.o ABSOLUTE
    ..\\Src\\Keypad.c                        0x00000000   Number         0  keypad.o ABSOLUTE
    ..\\Src\\LCD\\ILI9341_GFX.c              0x00000000   Number         0  ili9341_gfx.o ABSOLUTE
    ..\\Src\\LCD\\ILI9341_STM32_Driver.c     0x00000000   Number         0  ili9341_stm32_driver.o ABSOLUTE
    ..\\Src\\LCD\\LCD.c                      0x00000000   Number         0  lcd.o ABSOLUTE
    ..\\Src\\Master.c                        0x00000000   Number         0  master.o ABSOLUTE
    cdrcmple.s                               0x00000000   Number         0  cdrcmple.o ABSOLUTE
    dc.s                                     0x00000000   Number         0  dc.o ABSOLUTE
    handlers.s                               0x00000000   Number         0  handlers.o ABSOLUTE
    init.s                                   0x00000000   Number         0  init.o ABSOLUTE
    startup_stm32f103xe.s                    0x00000000   Number         0  startup_stm32f103xe.o ABSOLUTE
    RESET                                    0x08000000   Section      304  startup_stm32f103xe.o(RESET)
    .ARM.Collect$$$$00000000                 0x08000130   Section        0  entry.o(.ARM.Collect$$$$00000000)
    .ARM.Collect$$$$00000001                 0x08000130   Section        4  entry2.o(.ARM.Collect$$$$00000001)
    .ARM.Collect$$$$00000004                 0x08000134   Section        4  entry5.o(.ARM.Collect$$$$00000004)
    .ARM.Collect$$$$00000008                 0x08000138   Section        0  entry7b.o(.ARM.Collect$$$$00000008)
    .ARM.Collect$$$$0000000A                 0x08000138   Section        0  entry8b.o(.ARM.Collect$$$$0000000A)
    .ARM.Collect$$$$0000000B                 0x08000138   Section        8  entry9a.o(.ARM.Collect$$$$0000000B)
    .ARM.Collect$$$$0000000D                 0x08000140   Section        0  entry10a.o(.ARM.Collect$$$$0000000D)
    .ARM.Collect$$$$0000000F                 0x08000140   Section        0  entry11a.o(.ARM.Collect$$$$0000000F)
    .ARM.Collect$$$$00002712                 0x08000140   Section        4  entry2.o(.ARM.Collect$$$$00002712)
    __lit__00000000                          0x08000140   Data           4  entry2.o(.ARM.Collect$$$$00002712)
    .text                                    0x08000144   Section       36  startup_stm32f103xe.o(.text)
    .text                                    0x08000168   Section        0  uidiv.o(.text)
    .text                                    0x08000194   Section       36  init.o(.text)
    i.ADC_ConversionStop_Disable             0x080001b8   Section        0  stm32f1xx_hal_adc.o(i.ADC_ConversionStop_Disable)
    i.ADC_DMAConvCplt                        0x08000204   Section        0  stm32f1xx_hal_adc.o(i.ADC_DMAConvCplt)
    i.ADC_DMAError                           0x08000252   Section        0  stm32f1xx_hal_adc.o(i.ADC_DMAError)
    i.ADC_DMAHalfConvCplt                    0x0800026c   Section        0  stm32f1xx_hal_adc.o(i.ADC_DMAHalfConvCplt)
    i.ADC_Enable                             0x08000278   Section        0  stm32f1xx_hal_adc.o(i.ADC_Enable)
    i.BusFault_Handler                       0x080002e8   Section        0  stm32f1xx_it.o(i.BusFault_Handler)
    i.DAC_DMAConvCpltCh1                     0x080002ea   Section        0  stm32f1xx_hal_dac.o(i.DAC_DMAConvCpltCh1)
    i.DAC_DMAConvCpltCh2                     0x080002fa   Section        0  stm32f1xx_hal_dac_ex.o(i.DAC_DMAConvCpltCh2)
    i.DAC_DMAErrorCh1                        0x0800030a   Section        0  stm32f1xx_hal_dac.o(i.DAC_DMAErrorCh1)
    i.DAC_DMAErrorCh2                        0x08000322   Section        0  stm32f1xx_hal_dac_ex.o(i.DAC_DMAErrorCh2)
    i.DAC_DMAHalfConvCpltCh1                 0x0800033a   Section        0  stm32f1xx_hal_dac.o(i.DAC_DMAHalfConvCpltCh1)
    i.DAC_DMAHalfConvCpltCh2                 0x08000344   Section        0  stm32f1xx_hal_dac_ex.o(i.DAC_DMAHalfConvCpltCh2)
    i.DMA1_Channel1_IRQHandler               0x08000350   Section        0  stm32f1xx_it.o(i.DMA1_Channel1_IRQHandler)
    i.DMA1_Channel6_IRQHandler               0x0800035c   Section        0  stm32f1xx_it.o(i.DMA1_Channel6_IRQHandler)
    i.DMA1_Channel7_IRQHandler               0x08000368   Section        0  stm32f1xx_it.o(i.DMA1_Channel7_IRQHandler)
    i.DMA2_Channel3_IRQHandler               0x08000374   Section        0  stm32f1xx_it.o(i.DMA2_Channel3_IRQHandler)
    i.DMA_SetConfig                          0x08000380   Section        0  stm32f1xx_hal_dma.o(i.DMA_SetConfig)
    DMA_SetConfig                            0x08000381   Thumb Code    42  stm32f1xx_hal_dma.o(i.DMA_SetConfig)
    i.DebugMon_Handler                       0x080003aa   Section        0  stm32f1xx_it.o(i.DebugMon_Handler)
    i.GetNewData                             0x080003ac   Section        0  master.o(i.GetNewData)
    i.HAL_ADC_ConfigChannel                  0x08000444   Section        0  stm32f1xx_hal_adc.o(i.HAL_ADC_ConfigChannel)
    i.HAL_ADC_ConvCpltCallback               0x08000540   Section        0  main.o(i.HAL_ADC_ConvCpltCallback)
    i.HAL_ADC_ConvHalfCpltCallback           0x080005a0   Section        0  stm32f1xx_hal_adc.o(i.HAL_ADC_ConvHalfCpltCallback)
    i.HAL_ADC_ErrorCallback                  0x080005a2   Section        0  stm32f1xx_hal_adc.o(i.HAL_ADC_ErrorCallback)
    i.HAL_ADC_Init                           0x080005a4   Section        0  stm32f1xx_hal_adc.o(i.HAL_ADC_Init)
    i.HAL_ADC_MspInit                        0x080006c8   Section        0  adc.o(i.HAL_ADC_MspInit)
    i.HAL_ADC_Start_DMA                      0x08000754   Section        0  stm32f1xx_hal_adc.o(i.HAL_ADC_Start_DMA)
    i.HAL_ADC_Stop_DMA                       0x08000860   Section        0  stm32f1xx_hal_adc.o(i.HAL_ADC_Stop_DMA)
    i.HAL_DACEx_ConvCpltCallbackCh2          0x080008ac   Section        0  stm32f1xx_hal_dac_ex.o(i.HAL_DACEx_ConvCpltCallbackCh2)
    i.HAL_DACEx_ConvHalfCpltCallbackCh2      0x080008ae   Section        0  stm32f1xx_hal_dac_ex.o(i.HAL_DACEx_ConvHalfCpltCallbackCh2)
    i.HAL_DACEx_ErrorCallbackCh2             0x080008b0   Section        0  stm32f1xx_hal_dac_ex.o(i.HAL_DACEx_ErrorCallbackCh2)
    i.HAL_DAC_ConfigChannel                  0x080008b2   Section        0  stm32f1xx_hal_dac.o(i.HAL_DAC_ConfigChannel)
    i.HAL_DAC_ConvCpltCallbackCh1            0x080008f4   Section        0  main.o(i.HAL_DAC_ConvCpltCallbackCh1)
    i.HAL_DAC_ConvHalfCpltCallbackCh1        0x08000910   Section        0  stm32f1xx_hal_dac.o(i.HAL_DAC_ConvHalfCpltCallbackCh1)
    i.HAL_DAC_ErrorCallbackCh1               0x08000912   Section        0  stm32f1xx_hal_dac.o(i.HAL_DAC_ErrorCallbackCh1)
    i.HAL_DAC_Init                           0x08000914   Section        0  stm32f1xx_hal_dac.o(i.HAL_DAC_Init)
    i.HAL_DAC_MspInit                        0x0800093c   Section        0  dac.o(i.HAL_DAC_MspInit)
    i.HAL_DAC_Start_DMA                      0x080009c4   Section        0  stm32f1xx_hal_dac.o(i.HAL_DAC_Start_DMA)
    i.HAL_DAC_Stop_DMA                       0x08000ab0   Section        0  stm32f1xx_hal_dac.o(i.HAL_DAC_Stop_DMA)
    i.HAL_DMA_Abort                          0x08000ae8   Section        0  stm32f1xx_hal_dma.o(i.HAL_DMA_Abort)
    i.HAL_DMA_Abort_IT                       0x08000b18   Section        0  stm32f1xx_hal_dma.o(i.HAL_DMA_Abort_IT)
    i.HAL_DMA_IRQHandler                     0x08000c48   Section        0  stm32f1xx_hal_dma.o(i.HAL_DMA_IRQHandler)
    i.HAL_DMA_Init                           0x08000e90   Section        0  stm32f1xx_hal_dma.o(i.HAL_DMA_Init)
    i.HAL_DMA_Start_IT                       0x08000f14   Section        0  stm32f1xx_hal_dma.o(i.HAL_DMA_Start_IT)
    i.HAL_Delay                              0x08000f84   Section        0  stm32f1xx_hal.o(i.HAL_Delay)
    i.HAL_GPIO_Init                          0x08000fa0   Section        0  stm32f1xx_hal_gpio.o(i.HAL_GPIO_Init)
    i.HAL_GPIO_TogglePin                     0x08001188   Section        0  stm32f1xx_hal_gpio.o(i.HAL_GPIO_TogglePin)
    i.HAL_GPIO_WritePin                      0x08001190   Section        0  stm32f1xx_hal_gpio.o(i.HAL_GPIO_WritePin)
    i.HAL_GetTick                            0x0800119c   Section        0  stm32f1xx_hal.o(i.HAL_GetTick)
    i.HAL_IncTick                            0x080011a8   Section        0  stm32f1xx_hal.o(i.HAL_IncTick)
    i.HAL_Init                               0x080011b8   Section        0  stm32f1xx_hal.o(i.HAL_Init)
    i.HAL_InitTick                           0x080011dc   Section        0  stm32f1xx_hal.o(i.HAL_InitTick)
    i.HAL_MspInit                            0x08001204   Section        0  stm32f1xx_hal_msp.o(i.HAL_MspInit)
    i.HAL_NVIC_EnableIRQ                     0x08001288   Section        0  stm32f1xx_hal_cortex.o(i.HAL_NVIC_EnableIRQ)
    i.HAL_NVIC_SetPriority                   0x080012a0   Section        0  stm32f1xx_hal_cortex.o(i.HAL_NVIC_SetPriority)
    i.HAL_NVIC_SetPriorityGrouping           0x080012e0   Section        0  stm32f1xx_hal_cortex.o(i.HAL_NVIC_SetPriorityGrouping)
    i.HAL_RCCEx_PeriphCLKConfig              0x08001304   Section        0  stm32f1xx_hal_rcc_ex.o(i.HAL_RCCEx_PeriphCLKConfig)
    i.HAL_RCC_ClockConfig                    0x080013f0   Section        0  stm32f1xx_hal_rcc.o(i.HAL_RCC_ClockConfig)
    i.HAL_RCC_GetHCLKFreq                    0x08001544   Section        0  stm32f1xx_hal_rcc.o(i.HAL_RCC_GetHCLKFreq)
    i.HAL_RCC_GetPCLK1Freq                   0x08001550   Section        0  stm32f1xx_hal_rcc.o(i.HAL_RCC_GetPCLK1Freq)
    i.HAL_RCC_GetPCLK2Freq                   0x08001570   Section        0  stm32f1xx_hal_rcc.o(i.HAL_RCC_GetPCLK2Freq)
    i.HAL_RCC_GetSysClockFreq                0x08001590   Section        0  stm32f1xx_hal_rcc.o(i.HAL_RCC_GetSysClockFreq)
    i.HAL_RCC_OscConfig                      0x080015fc   Section        0  stm32f1xx_hal_rcc.o(i.HAL_RCC_OscConfig)
    i.HAL_SPI_Init                           0x08001900   Section        0  stm32f1xx_hal_spi_ex.o(i.HAL_SPI_Init)
    i.HAL_SPI_MspInit                        0x08001984   Section        0  spi.o(i.HAL_SPI_MspInit)
    i.HAL_SPI_Transmit                       0x08001a0c   Section        0  stm32f1xx_hal_spi.o(i.HAL_SPI_Transmit)
    i.HAL_SYSTICK_CLKSourceConfig            0x08001b74   Section        0  stm32f1xx_hal_cortex.o(i.HAL_SYSTICK_CLKSourceConfig)
    i.HAL_SYSTICK_Callback                   0x08001b8c   Section        0  stm32f1xx_hal_cortex.o(i.HAL_SYSTICK_Callback)
    i.HAL_SYSTICK_Config                     0x08001b8e   Section        0  stm32f1xx_hal_cortex.o(i.HAL_SYSTICK_Config)
    i.HAL_SYSTICK_IRQHandler                 0x08001bb6   Section        0  stm32f1xx_hal_cortex.o(i.HAL_SYSTICK_IRQHandler)
    i.HAL_TIMEx_BreakCallback                0x08001bbe   Section        0  stm32f1xx_hal_tim_ex.o(i.HAL_TIMEx_BreakCallback)
    i.HAL_TIMEx_CommutationCallback          0x08001bc0   Section        0  stm32f1xx_hal_tim_ex.o(i.HAL_TIMEx_CommutationCallback)
    i.HAL_TIMEx_MasterConfigSynchronization  0x08001bc2   Section        0  stm32f1xx_hal_tim_ex.o(i.HAL_TIMEx_MasterConfigSynchronization)
    i.HAL_TIM_Base_Init                      0x08001c12   Section        0  stm32f1xx_hal_tim.o(i.HAL_TIM_Base_Init)
    i.HAL_TIM_Base_MspInit                   0x08001c48   Section        0  tim.o(i.HAL_TIM_Base_MspInit)
    i.HAL_TIM_Base_Start                     0x08001cc4   Section        0  stm32f1xx_hal_tim.o(i.HAL_TIM_Base_Start)
    i.HAL_TIM_Base_Start_IT                  0x08001cde   Section        0  stm32f1xx_hal_tim.o(i.HAL_TIM_Base_Start_IT)
    i.HAL_TIM_Base_Stop_IT                   0x08001cf6   Section        0  stm32f1xx_hal_tim.o(i.HAL_TIM_Base_Stop_IT)
    i.HAL_TIM_ConfigClockSource              0x08001d20   Section        0  stm32f1xx_hal_tim.o(i.HAL_TIM_ConfigClockSource)
    i.HAL_TIM_IC_CaptureCallback             0x08001e12   Section        0  stm32f1xx_hal_tim.o(i.HAL_TIM_IC_CaptureCallback)
    i.HAL_TIM_IRQHandler                     0x08001e14   Section        0  stm32f1xx_hal_tim.o(i.HAL_TIM_IRQHandler)
    i.HAL_TIM_OC_DelayElapsedCallback        0x08001f7a   Section        0  stm32f1xx_hal_tim.o(i.HAL_TIM_OC_DelayElapsedCallback)
    i.HAL_TIM_PWM_PulseFinishedCallback      0x08001f7c   Section        0  stm32f1xx_hal_tim.o(i.HAL_TIM_PWM_PulseFinishedCallback)
    i.HAL_TIM_PeriodElapsedCallback          0x08001f80   Section        0  main.o(i.HAL_TIM_PeriodElapsedCallback)
    i.HAL_TIM_TriggerCallback                0x08002088   Section        0  stm32f1xx_hal_tim.o(i.HAL_TIM_TriggerCallback)
    i.HAL_UART_Abort                         0x0800208a   Section        0  stm32f1xx_hal_uart.o(i.HAL_UART_Abort)
    i.HAL_UART_ErrorCallback                 0x080020f2   Section        0  stm32f1xx_hal_uart.o(i.HAL_UART_ErrorCallback)
    i.HAL_UART_IRQHandler                    0x080020f4   Section        0  stm32f1xx_hal_uart.o(i.HAL_UART_IRQHandler)
    i.HAL_UART_Init                          0x08002204   Section        0  stm32f1xx_hal_uart.o(i.HAL_UART_Init)
    i.HAL_UART_MspInit                       0x08002268   Section        0  usart.o(i.HAL_UART_MspInit)
    i.HAL_UART_Receive_DMA                   0x0800234c   Section        0  stm32f1xx_hal_uart.o(i.HAL_UART_Receive_DMA)
    i.HAL_UART_RxCpltCallback                0x080023e4   Section        0  main.o(i.HAL_UART_RxCpltCallback)
    i.HAL_UART_RxHalfCpltCallback            0x0800248c   Section        0  stm32f1xx_hal_uart.o(i.HAL_UART_RxHalfCpltCallback)
    i.HAL_UART_Transmit                      0x0800248e   Section        0  stm32f1xx_hal_uart.o(i.HAL_UART_Transmit)
    i.HAL_UART_Transmit_DMA                  0x08002548   Section        0  stm32f1xx_hal_uart.o(i.HAL_UART_Transmit_DMA)
    i.HAL_UART_TxCpltCallback                0x080025c8   Section        0  main.o(i.HAL_UART_TxCpltCallback)
    i.HAL_UART_TxHalfCpltCallback            0x08002618   Section        0  stm32f1xx_hal_uart.o(i.HAL_UART_TxHalfCpltCallback)
    i.HardFault_Handler                      0x0800261a   Section        0  stm32f1xx_it.o(i.HardFault_Handler)
    i.ILI9341_Draw_Char                      0x0800261c   Section        0  ili9341_gfx.o(i.ILI9341_Draw_Char)
    i.ILI9341_Draw_Colour_Burst              0x080026c4   Section        0  ili9341_stm32_driver.o(i.ILI9341_Draw_Colour_Burst)
    i.ILI9341_Draw_Pixel                     0x08002768   Section        0  ili9341_stm32_driver.o(i.ILI9341_Draw_Pixel)
    i.ILI9341_Draw_Rectangle                 0x080028c0   Section        0  ili9341_stm32_driver.o(i.ILI9341_Draw_Rectangle)
    i.ILI9341_Draw_Text                      0x08002920   Section        0  ili9341_gfx.o(i.ILI9341_Draw_Text)
    i.ILI9341_Enable                         0x08002958   Section        0  ili9341_stm32_driver.o(i.ILI9341_Enable)
    i.ILI9341_Fill_Screen                    0x08002968   Section        0  ili9341_stm32_driver.o(i.ILI9341_Fill_Screen)
    i.ILI9341_Init                           0x08002990   Section        0  ili9341_stm32_driver.o(i.ILI9341_Init)
    i.ILI9341_Reset                          0x08002ba8   Section        0  ili9341_stm32_driver.o(i.ILI9341_Reset)
    i.ILI9341_SPI_Init                       0x08002be0   Section        0  ili9341_stm32_driver.o(i.ILI9341_SPI_Init)
    i.ILI9341_SPI_Send                       0x08002c00   Section        0  ili9341_stm32_driver.o(i.ILI9341_SPI_Send)
    i.ILI9341_Set_Address                    0x08002c14   Section        0  ili9341_stm32_driver.o(i.ILI9341_Set_Address)
    i.ILI9341_Set_Rotation                   0x08002c68   Section        0  ili9341_stm32_driver.o(i.ILI9341_Set_Rotation)
    i.ILI9341_Write_Command                  0x08002cb8   Section        0  ili9341_stm32_driver.o(i.ILI9341_Write_Command)
    i.ILI9341_Write_Data                     0x08002cf0   Section        0  ili9341_stm32_driver.o(i.ILI9341_Write_Data)
    i.Init_PCK                               0x08002d24   Section        0  master.o(i.Init_PCK)
    i.LCD_Init                               0x08002d54   Section        0  lcd.o(i.LCD_Init)
    i.MX_ADC1_Init                           0x08002d7c   Section        0  adc.o(i.MX_ADC1_Init)
    i.MX_DAC_Init                            0x08002dec   Section        0  dac.o(i.MX_DAC_Init)
    i.MX_DMA_Init                            0x08002e3c   Section        0  dma.o(i.MX_DMA_Init)
    i.MX_GPIO_Init                           0x08002ea8   Section        0  gpio.o(i.MX_GPIO_Init)
    i.MX_SPI2_Init                           0x08002f70   Section        0  spi.o(i.MX_SPI2_Init)
    i.MX_SPI3_Init                           0x08002fc8   Section        0  spi.o(i.MX_SPI3_Init)
    i.MX_TIM6_Init                           0x08003020   Section        0  tim.o(i.MX_TIM6_Init)
    i.MX_TIM7_Init                           0x08003078   Section        0  tim.o(i.MX_TIM7_Init)
    i.MX_TIM8_Init                           0x080030d4   Section        0  tim.o(i.MX_TIM8_Init)
    i.MX_USART2_UART_Init                    0x08003150   Section        0  usart.o(i.MX_USART2_UART_Init)
    i.Master_Init                            0x080031a0   Section        0  master.o(i.Master_Init)
    i.MemManage_Handler                      0x08003210   Section        0  stm32f1xx_it.o(i.MemManage_Handler)
    i.NMI_Handler                            0x08003212   Section        0  stm32f1xx_it.o(i.NMI_Handler)
    i.NVIC_SetPriority                       0x08003214   Section        0  stm32f1xx_hal_cortex.o(i.NVIC_SetPriority)
    NVIC_SetPriority                         0x08003215   Thumb Code    32  stm32f1xx_hal_cortex.o(i.NVIC_SetPriority)
    i.PendSV_Handler                         0x08003234   Section        0  stm32f1xx_it.o(i.PendSV_Handler)
    i.SPI_CheckFlag_BSY                      0x08003236   Section        0  stm32f1xx_hal_spi.o(i.SPI_CheckFlag_BSY)
    SPI_CheckFlag_BSY                        0x08003237   Thumb Code    32  stm32f1xx_hal_spi.o(i.SPI_CheckFlag_BSY)
    i.SPI_WaitFlagStateUntilTimeout          0x08003256   Section        0  stm32f1xx_hal_spi.o(i.SPI_WaitFlagStateUntilTimeout)
    SPI_WaitFlagStateUntilTimeout            0x08003257   Thumb Code   150  stm32f1xx_hal_spi.o(i.SPI_WaitFlagStateUntilTimeout)
    i.SVC_Handler                            0x080032ec   Section        0  stm32f1xx_it.o(i.SVC_Handler)
    i.Send_Audio                             0x080032f0   Section        0  master.o(i.Send_Audio)
    i.Send_PCK                               0x08003354   Section        0  master.o(i.Send_PCK)
    i.SysTick_Handler                        0x080033bc   Section        0  stm32f1xx_it.o(i.SysTick_Handler)
    i.SystemClock_Config                     0x080033ca   Section        0  main.o(i.SystemClock_Config)
    i.SystemInit                             0x08003444   Section        0  system_stm32f1xx.o(i.SystemInit)
    i.TIM6_IRQHandler                        0x0800348c   Section        0  stm32f1xx_it.o(i.TIM6_IRQHandler)
    i.TIM7_IRQHandler                        0x08003498   Section        0  stm32f1xx_it.o(i.TIM7_IRQHandler)
    i.TIM_Base_SetConfig                     0x080034a4   Section        0  stm32f1xx_hal_tim.o(i.TIM_Base_SetConfig)
    i.TIM_ETR_SetConfig                      0x08003530   Section        0  stm32f1xx_hal_tim.o(i.TIM_ETR_SetConfig)
    TIM_ETR_SetConfig                        0x08003531   Thumb Code    20  stm32f1xx_hal_tim.o(i.TIM_ETR_SetConfig)
    i.TIM_ITRx_SetConfig                     0x08003544   Section        0  stm32f1xx_hal_tim.o(i.TIM_ITRx_SetConfig)
    TIM_ITRx_SetConfig                       0x08003545   Thumb Code    16  stm32f1xx_hal_tim.o(i.TIM_ITRx_SetConfig)
    i.TIM_TI1_ConfigInputStage               0x08003554   Section        0  stm32f1xx_hal_tim.o(i.TIM_TI1_ConfigInputStage)
    TIM_TI1_ConfigInputStage                 0x08003555   Thumb Code    34  stm32f1xx_hal_tim.o(i.TIM_TI1_ConfigInputStage)
    i.TIM_TI2_ConfigInputStage               0x08003576   Section        0  stm32f1xx_hal_tim.o(i.TIM_TI2_ConfigInputStage)
    TIM_TI2_ConfigInputStage                 0x08003577   Thumb Code    36  stm32f1xx_hal_tim.o(i.TIM_TI2_ConfigInputStage)
    i.UART_DMAAbortOnError                   0x0800359a   Section        0  stm32f1xx_hal_uart.o(i.UART_DMAAbortOnError)
    UART_DMAAbortOnError                     0x0800359b   Thumb Code    16  stm32f1xx_hal_uart.o(i.UART_DMAAbortOnError)
    i.UART_DMAError                          0x080035aa   Section        0  stm32f1xx_hal_uart.o(i.UART_DMAError)
    UART_DMAError                            0x080035ab   Thumb Code    74  stm32f1xx_hal_uart.o(i.UART_DMAError)
    i.UART_DMAReceiveCplt                    0x080035f4   Section        0  stm32f1xx_hal_uart.o(i.UART_DMAReceiveCplt)
    UART_DMAReceiveCplt                      0x080035f5   Thumb Code    60  stm32f1xx_hal_uart.o(i.UART_DMAReceiveCplt)
    i.UART_DMARxHalfCplt                     0x08003630   Section        0  stm32f1xx_hal_uart.o(i.UART_DMARxHalfCplt)
    UART_DMARxHalfCplt                       0x08003631   Thumb Code    10  stm32f1xx_hal_uart.o(i.UART_DMARxHalfCplt)
    i.UART_DMATransmitCplt                   0x0800363a   Section        0  stm32f1xx_hal_uart.o(i.UART_DMATransmitCplt)
    UART_DMATransmitCplt                     0x0800363b   Thumb Code    46  stm32f1xx_hal_uart.o(i.UART_DMATransmitCplt)
    i.UART_DMATxHalfCplt                     0x08003668   Section        0  stm32f1xx_hal_uart.o(i.UART_DMATxHalfCplt)
    UART_DMATxHalfCplt                       0x08003669   Thumb Code    10  stm32f1xx_hal_uart.o(i.UART_DMATxHalfCplt)
    i.UART_EndRxTransfer                     0x08003672   Section        0  stm32f1xx_hal_uart.o(i.UART_EndRxTransfer)
    UART_EndRxTransfer                       0x08003673   Thumb Code    28  stm32f1xx_hal_uart.o(i.UART_EndRxTransfer)
    i.UART_EndTxTransfer                     0x0800368e   Section        0  stm32f1xx_hal_uart.o(i.UART_EndTxTransfer)
    UART_EndTxTransfer                       0x0800368f   Thumb Code    18  stm32f1xx_hal_uart.o(i.UART_EndTxTransfer)
    i.UART_Receive_IT                        0x080036a0   Section        0  stm32f1xx_hal_uart.o(i.UART_Receive_IT)
    UART_Receive_IT                          0x080036a1   Thumb Code   150  stm32f1xx_hal_uart.o(i.UART_Receive_IT)
    i.UART_SetConfig                         0x08003738   Section        0  stm32f1xx_hal_uart.o(i.UART_SetConfig)
    UART_SetConfig                           0x08003739   Thumb Code   364  stm32f1xx_hal_uart.o(i.UART_SetConfig)
    i.UART_Transmit_IT                       0x080038a8   Section        0  stm32f1xx_hal_uart.o(i.UART_Transmit_IT)
    UART_Transmit_IT                         0x080038a9   Thumb Code    98  stm32f1xx_hal_uart.o(i.UART_Transmit_IT)
    i.UART_WaitOnFlagUntilTimeout            0x0800390a   Section        0  stm32f1xx_hal_uart.o(i.UART_WaitOnFlagUntilTimeout)
    UART_WaitOnFlagUntilTimeout              0x0800390b   Thumb Code   100  stm32f1xx_hal_uart.o(i.UART_WaitOnFlagUntilTimeout)
    i.USART2_IRQHandler                      0x08003970   Section        0  stm32f1xx_it.o(i.USART2_IRQHandler)
    i.UsageFault_Handler                     0x0800397c   Section        0  stm32f1xx_it.o(i.UsageFault_Handler)
    i._Error_Handler                         0x0800397e   Section        0  main.o(i._Error_Handler)
    i.__0sprintf$6                           0x08003980   Section        0  printf6.o(i.__0sprintf$6)
    i.__scatterload_copy                     0x080039a8   Section       14  handlers.o(i.__scatterload_copy)
    i.__scatterload_null                     0x080039b6   Section        2  handlers.o(i.__scatterload_null)
    i.__scatterload_zeroinit                 0x080039b8   Section       14  handlers.o(i.__scatterload_zeroinit)
    i._printf_core                           0x080039c8   Section        0  printf6.o(i._printf_core)
    _printf_core                             0x080039c9   Thumb Code   748  printf6.o(i._printf_core)
    i._printf_post_padding                   0x08003cb8   Section        0  printf6.o(i._printf_post_padding)
    _printf_post_padding                     0x08003cb9   Thumb Code    36  printf6.o(i._printf_post_padding)
    i._printf_pre_padding                    0x08003cdc   Section        0  printf6.o(i._printf_pre_padding)
    _printf_pre_padding                      0x08003cdd   Thumb Code    46  printf6.o(i._printf_pre_padding)
    i._sputc                                 0x08003d0a   Section        0  printf6.o(i._sputc)
    _sputc                                   0x08003d0b   Thumb Code    10  printf6.o(i._sputc)
    i.free                                   0x08003d14   Section        0  malloc.o(i.free)
    i.main                                   0x08003d64   Section        0  main.o(i.main)
    i.malloc                                 0x08003ed8   Section        0  malloc.o(i.malloc)
    .constdata                               0x08003f44   Section      576  ili9341_gfx.o(.constdata)
    font                                     0x08003f44   Data         576  ili9341_gfx.o(.constdata)
    .constdata                               0x08004184   Section       16  system_stm32f1xx.o(.constdata)
    .constdata                               0x08004194   Section        8  system_stm32f1xx.o(.constdata)
    .data                                    0x20000000   Section        4  ili9341_stm32_driver.o(.data)
    .data                                    0x20000004   Section        2  main.o(.data)
    .data                                    0x20000006   Section        1  master.o(.data)
    .data                                    0x20000008   Section        4  system_stm32f1xx.o(.data)
    .data                                    0x2000000c   Section        4  stm32f1xx_hal.o(.data)
    .data                                    0x20000010   Section        4  mvars.o(.data)
    .data                                    0x20000014   Section        4  mvars.o(.data)
    .bss                                     0x20000018   Section      192  tim.o(.bss)
    .bss                                     0x200000d8   Section      116  adc.o(.bss)
    .bss                                     0x2000014c   Section      200  usart.o(.bss)
    .bss                                     0x20000214   Section       88  dac.o(.bss)
    .bss                                     0x2000026c   Section      176  spi.o(.bss)
    .bss                                     0x2000031c   Section     4840  main.o(.bss)
    .bss                                     0x20001604   Section     1556  master.o(.bss)
    HEAP                                     0x20001c18   Section      512  startup_stm32f103xe.o(HEAP)
    STACK                                    0x20001e18   Section     1024  startup_stm32f103xe.o(STACK)

    Global Symbols

    Symbol Name                              Value     Ov Type        Size  Object(Section)

    BuildAttributes$$THM_ISAv4$P$D$K$B$S$PE$A:L22UL41UL21$X:L11$S22US41US21$IEEE1$IW$USESV6$~STKCKD$USESV7$~SHL$OTIME$ROPI$EBA8$MICROLIB$REQ8$PRES8$EABIv2 0x00000000   Number         0  anon$$obj.o ABSOLUTE
    __ARM_use_no_argv                        0x00000000   Number         0  main.o ABSOLUTE
    _printf_a                                0x00000000   Number         0  stubs.o ABSOLUTE
    _printf_c                                0x00000000   Number         0  stubs.o ABSOLUTE
    _printf_charcount                        0x00000000   Number         0  stubs.o ABSOLUTE
    _printf_d                                0x00000000   Number         0  stubs.o ABSOLUTE
    _printf_e                                0x00000000   Number         0  stubs.o ABSOLUTE
    _printf_f                                0x00000000   Number         0  stubs.o ABSOLUTE
    _printf_flags                            0x00000000   Number         0  stubs.o ABSOLUTE
    _printf_fp_dec                           0x00000000   Number         0  stubs.o ABSOLUTE
    _printf_fp_hex                           0x00000000   Number         0  stubs.o ABSOLUTE
    _printf_g                                0x00000000   Number         0  stubs.o ABSOLUTE
    _printf_i                                0x00000000   Number         0  stubs.o ABSOLUTE
    _printf_int_dec                          0x00000000   Number         0  stubs.o ABSOLUTE
    _printf_l                                0x00000000   Number         0  stubs.o ABSOLUTE
    _printf_lc                               0x00000000   Number         0  stubs.o ABSOLUTE
    _printf_ll                               0x00000000   Number         0  stubs.o ABSOLUTE
    _printf_lld                              0x00000000   Number         0  stubs.o ABSOLUTE
    _printf_lli                              0x00000000   Number         0  stubs.o ABSOLUTE
    _printf_llo                              0x00000000   Number         0  stubs.o ABSOLUTE
    _printf_llu                              0x00000000   Number         0  stubs.o ABSOLUTE
    _printf_llx                              0x00000000   Number         0  stubs.o ABSOLUTE
    _printf_longlong_dec                     0x00000000   Number         0  stubs.o ABSOLUTE
    _printf_longlong_hex                     0x00000000   Number         0  stubs.o ABSOLUTE
    _printf_longlong_oct                     0x00000000   Number         0  stubs.o ABSOLUTE
    _printf_ls                               0x00000000   Number         0  stubs.o ABSOLUTE
    _printf_mbtowc                           0x00000000   Number         0  stubs.o ABSOLUTE
    _printf_n                                0x00000000   Number         0  stubs.o ABSOLUTE
    _printf_o                                0x00000000   Number         0  stubs.o ABSOLUTE
    _printf_p                                0x00000000   Number         0  stubs.o ABSOLUTE
    _printf_percent                          0x00000000   Number         0  stubs.o ABSOLUTE
    _printf_pre_padding                      0x00000000   Number         0  stubs.o ABSOLUTE
    _printf_return_value                     0x00000000   Number         0  stubs.o ABSOLUTE
    _printf_s                                0x00000000   Number         0  stubs.o ABSOLUTE
    _printf_sizespec                         0x00000000   Number         0  stubs.o ABSOLUTE
    _printf_str                              0x00000000   Number         0  stubs.o ABSOLUTE
    _printf_truncate_signed                  0x00000000   Number         0  stubs.o ABSOLUTE
    _printf_truncate_unsigned                0x00000000   Number         0  stubs.o ABSOLUTE
    _printf_u                                0x00000000   Number         0  stubs.o ABSOLUTE
    _printf_wc                               0x00000000   Number         0  stubs.o ABSOLUTE
    _printf_wctomb                           0x00000000   Number         0  stubs.o ABSOLUTE
    _printf_widthprec                        0x00000000   Number         0  stubs.o ABSOLUTE
    _printf_x                                0x00000000   Number         0  stubs.o ABSOLUTE
    __cpp_initialize__aeabi_                  - Undefined Weak Reference
    __cxa_finalize                            - Undefined Weak Reference
    __decompress                              - Undefined Weak Reference
    _clock_init                               - Undefined Weak Reference
    _microlib_exit                            - Undefined Weak Reference
    __Vectors_Size                           0x00000130   Number         0  startup_stm32f103xe.o ABSOLUTE
    __Vectors                                0x08000000   Data           4  startup_stm32f103xe.o(RESET)
    __Vectors_End                            0x08000130   Data           0  startup_stm32f103xe.o(RESET)
    __main                                   0x08000131   Thumb Code     0  entry.o(.ARM.Collect$$$$00000000)
    _main_stk                                0x08000131   Thumb Code     0  entry2.o(.ARM.Collect$$$$00000001)
    _main_scatterload                        0x08000135   Thumb Code     0  entry5.o(.ARM.Collect$$$$00000004)
    __main_after_scatterload                 0x08000139   Thumb Code     0  entry5.o(.ARM.Collect$$$$00000004)
    _main_clock                              0x08000139   Thumb Code     0  entry7b.o(.ARM.Collect$$$$00000008)
    _main_cpp_init                           0x08000139   Thumb Code     0  entry8b.o(.ARM.Collect$$$$0000000A)
    _main_init                               0x08000139   Thumb Code     0  entry9a.o(.ARM.Collect$$$$0000000B)
    __rt_final_cpp                           0x08000141   Thumb Code     0  entry10a.o(.ARM.Collect$$$$0000000D)
    __rt_final_exit                          0x08000141   Thumb Code     0  entry11a.o(.ARM.Collect$$$$0000000F)
    Reset_Handler                            0x08000145   Thumb Code     8  startup_stm32f103xe.o(.text)
    ADC1_2_IRQHandler                        0x0800015f   Thumb Code     0  startup_stm32f103xe.o(.text)
    ADC3_IRQHandler                          0x0800015f   Thumb Code     0  startup_stm32f103xe.o(.text)
    CAN1_RX1_IRQHandler                      0x0800015f   Thumb Code     0  startup_stm32f103xe.o(.text)
    CAN1_SCE_IRQHandler                      0x0800015f   Thumb Code     0  startup_stm32f103xe.o(.text)
    DMA1_Channel2_IRQHandler                 0x0800015f   Thumb Code     0  startup_stm32f103xe.o(.text)
    DMA1_Channel3_IRQHandler                 0x0800015f   Thumb Code     0  startup_stm32f103xe.o(.text)
    DMA1_Channel4_IRQHandler                 0x0800015f   Thumb Code     0  startup_stm32f103xe.o(.text)
    DMA1_Channel5_IRQHandler                 0x0800015f   Thumb Code     0  startup_stm32f103xe.o(.text)
    DMA2_Channel1_IRQHandler                 0x0800015f   Thumb Code     0  startup_stm32f103xe.o(.text)
    DMA2_Channel2_IRQHandler                 0x0800015f   Thumb Code     0  startup_stm32f103xe.o(.text)
    DMA2_Channel4_5_IRQHandler               0x0800015f   Thumb Code     0  startup_stm32f103xe.o(.text)
    EXTI0_IRQHandler                         0x0800015f   Thumb Code     0  startup_stm32f103xe.o(.text)
    EXTI15_10_IRQHandler                     0x0800015f   Thumb Code     0  startup_stm32f103xe.o(.text)
    EXTI1_IRQHandler                         0x0800015f   Thumb Code     0  startup_stm32f103xe.o(.text)
    EXTI2_IRQHandler                         0x0800015f   Thumb Code     0  startup_stm32f103xe.o(.text)
    EXTI3_IRQHandler                         0x0800015f   Thumb Code     0  startup_stm32f103xe.o(.text)
    EXTI4_IRQHandler                         0x0800015f   Thumb Code     0  startup_stm32f103xe.o(.text)
    EXTI9_5_IRQHandler                       0x0800015f   Thumb Code     0  startup_stm32f103xe.o(.text)
    FLASH_IRQHandler                         0x0800015f   Thumb Code     0  startup_stm32f103xe.o(.text)
    FSMC_IRQHandler                          0x0800015f   Thumb Code     0  startup_stm32f103xe.o(.text)
    I2C1_ER_IRQHandler                       0x0800015f   Thumb Code     0  startup_stm32f103xe.o(.text)
    I2C1_EV_IRQHandler                       0x0800015f   Thumb Code     0  startup_stm32f103xe.o(.text)
    I2C2_ER_IRQHandler                       0x0800015f   Thumb Code     0  startup_stm32f103xe.o(.text)
    I2C2_EV_IRQHandler                       0x0800015f   Thumb Code     0  startup_stm32f103xe.o(.text)
    PVD_IRQHandler                           0x0800015f   Thumb Code     0  startup_stm32f103xe.o(.text)
    RCC_IRQHandler                           0x0800015f   Thumb Code     0  startup_stm32f103xe.o(.text)
    RTC_Alarm_IRQHandler                     0x0800015f   Thumb Code     0  startup_stm32f103xe.o(.text)
    RTC_IRQHandler                           0x0800015f   Thumb Code     0  startup_stm32f103xe.o(.text)
    SDIO_IRQHandler                          0x0800015f   Thumb Code     0  startup_stm32f103xe.o(.text)
    SPI1_IRQHandler                          0x0800015f   Thumb Code     0  startup_stm32f103xe.o(.text)
    SPI2_IRQHandler                          0x0800015f   Thumb Code     0  startup_stm32f103xe.o(.text)
    SPI3_IRQHandler                          0x0800015f   Thumb Code     0  startup_stm32f103xe.o(.text)
    TAMPER_IRQHandler                        0x0800015f   Thumb Code     0  startup_stm32f103xe.o(.text)
    TIM1_BRK_IRQHandler                      0x0800015f   Thumb Code     0  startup_stm32f103xe.o(.text)
    TIM1_CC_IRQHandler                       0x0800015f   Thumb Code     0  startup_stm32f103xe.o(.text)
    TIM1_TRG_COM_IRQHandler                  0x0800015f   Thumb Code     0  startup_stm32f103xe.o(.text)
    TIM1_UP_IRQHandler                       0x0800015f   Thumb Code     0  startup_stm32f103xe.o(.text)
    TIM2_IRQHandler                          0x0800015f   Thumb Code     0  startup_stm32f103xe.o(.text)
    TIM3_IRQHandler                          0x0800015f   Thumb Code     0  startup_stm32f103xe.o(.text)
    TIM4_IRQHandler                          0x0800015f   Thumb Code     0  startup_stm32f103xe.o(.text)
    TIM5_IRQHandler                          0x0800015f   Thumb Code     0  startup_stm32f103xe.o(.text)
    TIM8_BRK_IRQHandler                      0x0800015f   Thumb Code     0  startup_stm32f103xe.o(.text)
    TIM8_CC_IRQHandler                       0x0800015f   Thumb Code     0  startup_stm32f103xe.o(.text)
    TIM8_TRG_COM_IRQHandler                  0x0800015f   Thumb Code     0  startup_stm32f103xe.o(.text)
    TIM8_UP_IRQHandler                       0x0800015f   Thumb Code     0  startup_stm32f103xe.o(.text)
    UART4_IRQHandler                         0x0800015f   Thumb Code     0  startup_stm32f103xe.o(.text)
    UART5_IRQHandler                         0x0800015f   Thumb Code     0  startup_stm32f103xe.o(.text)
    USART1_IRQHandler                        0x0800015f   Thumb Code     0  startup_stm32f103xe.o(.text)
    USART3_IRQHandler                        0x0800015f   Thumb Code     0  startup_stm32f103xe.o(.text)
    USBWakeUp_IRQHandler                     0x0800015f   Thumb Code     0  startup_stm32f103xe.o(.text)
    USB_HP_CAN1_TX_IRQHandler                0x0800015f   Thumb Code     0  startup_stm32f103xe.o(.text)
    USB_LP_CAN1_RX0_IRQHandler               0x0800015f   Thumb Code     0  startup_stm32f103xe.o(.text)
    WWDG_IRQHandler                          0x0800015f   Thumb Code     0  startup_stm32f103xe.o(.text)
    __aeabi_uidiv                            0x08000169   Thumb Code     0  uidiv.o(.text)
    __aeabi_uidivmod                         0x08000169   Thumb Code    44  uidiv.o(.text)
    __scatterload                            0x08000195   Thumb Code    28  init.o(.text)
    __scatterload_rt2                        0x08000195   Thumb Code     0  init.o(.text)
    ADC_ConversionStop_Disable               0x080001b9   Thumb Code    76  stm32f1xx_hal_adc.o(i.ADC_ConversionStop_Disable)
    ADC_DMAConvCplt                          0x08000205   Thumb Code    78  stm32f1xx_hal_adc.o(i.ADC_DMAConvCplt)
    ADC_DMAError                             0x08000253   Thumb Code    26  stm32f1xx_hal_adc.o(i.ADC_DMAError)
    ADC_DMAHalfConvCplt                      0x0800026d   Thumb Code    10  stm32f1xx_hal_adc.o(i.ADC_DMAHalfConvCplt)
    ADC_Enable                               0x08000279   Thumb Code   104  stm32f1xx_hal_adc.o(i.ADC_Enable)
    BusFault_Handler                         0x080002e9   Thumb Code     2  stm32f1xx_it.o(i.BusFault_Handler)
    DAC_DMAConvCpltCh1                       0x080002eb   Thumb Code    16  stm32f1xx_hal_dac.o(i.DAC_DMAConvCpltCh1)
    DAC_DMAConvCpltCh2                       0x080002fb   Thumb Code    16  stm32f1xx_hal_dac_ex.o(i.DAC_DMAConvCpltCh2)
    DAC_DMAErrorCh1                          0x0800030b   Thumb Code    24  stm32f1xx_hal_dac.o(i.DAC_DMAErrorCh1)
    DAC_DMAErrorCh2                          0x08000323   Thumb Code    24  stm32f1xx_hal_dac_ex.o(i.DAC_DMAErrorCh2)
    DAC_DMAHalfConvCpltCh1                   0x0800033b   Thumb Code    10  stm32f1xx_hal_dac.o(i.DAC_DMAHalfConvCpltCh1)
    DAC_DMAHalfConvCpltCh2                   0x08000345   Thumb Code    10  stm32f1xx_hal_dac_ex.o(i.DAC_DMAHalfConvCpltCh2)
    DMA1_Channel1_IRQHandler                 0x08000351   Thumb Code     6  stm32f1xx_it.o(i.DMA1_Channel1_IRQHandler)
    DMA1_Channel6_IRQHandler                 0x0800035d   Thumb Code     6  stm32f1xx_it.o(i.DMA1_Channel6_IRQHandler)
    DMA1_Channel7_IRQHandler                 0x08000369   Thumb Code     6  stm32f1xx_it.o(i.DMA1_Channel7_IRQHandler)
    DMA2_Channel3_IRQHandler                 0x08000375   Thumb Code     6  stm32f1xx_it.o(i.DMA2_Channel3_IRQHandler)
    DebugMon_Handler                         0x080003ab   Thumb Code     2  stm32f1xx_it.o(i.DebugMon_Handler)
    GetNewData                               0x080003ad   Thumb Code   144  master.o(i.GetNewData)
    HAL_ADC_ConfigChannel                    0x08000445   Thumb Code   240  stm32f1xx_hal_adc.o(i.HAL_ADC_ConfigChannel)
    HAL_ADC_ConvCpltCallback                 0x08000541   Thumb Code    82  main.o(i.HAL_ADC_ConvCpltCallback)
    HAL_ADC_ConvHalfCpltCallback             0x080005a1   Thumb Code     2  stm32f1xx_hal_adc.o(i.HAL_ADC_ConvHalfCpltCallback)
    HAL_ADC_ErrorCallback                    0x080005a3   Thumb Code     2  stm32f1xx_hal_adc.o(i.HAL_ADC_ErrorCallback)
    HAL_ADC_Init                             0x080005a5   Thumb Code   276  stm32f1xx_hal_adc.o(i.HAL_ADC_Init)
    HAL_ADC_MspInit                          0x080006c9   Thumb Code   104  adc.o(i.HAL_ADC_MspInit)
    HAL_ADC_Start_DMA                        0x08000755   Thumb Code   246  stm32f1xx_hal_adc.o(i.HAL_ADC_Start_DMA)
    HAL_ADC_Stop_DMA                         0x08000861   Thumb Code    76  stm32f1xx_hal_adc.o(i.HAL_ADC_Stop_DMA)
    HAL_DACEx_ConvCpltCallbackCh2            0x080008ad   Thumb Code     2  stm32f1xx_hal_dac_ex.o(i.HAL_DACEx_ConvCpltCallbackCh2)
    HAL_DACEx_ConvHalfCpltCallbackCh2        0x080008af   Thumb Code     2  stm32f1xx_hal_dac_ex.o(i.HAL_DACEx_ConvHalfCpltCallbackCh2)
    HAL_DACEx_ErrorCallbackCh2               0x080008b1   Thumb Code     2  stm32f1xx_hal_dac_ex.o(i.HAL_DACEx_ErrorCallbackCh2)
    HAL_DAC_ConfigChannel                    0x080008b3   Thumb Code    66  stm32f1xx_hal_dac.o(i.HAL_DAC_ConfigChannel)
    HAL_DAC_ConvCpltCallbackCh1              0x080008f5   Thumb Code    20  main.o(i.HAL_DAC_ConvCpltCallbackCh1)
    HAL_DAC_ConvHalfCpltCallbackCh1          0x08000911   Thumb Code     2  stm32f1xx_hal_dac.o(i.HAL_DAC_ConvHalfCpltCallbackCh1)
    HAL_DAC_ErrorCallbackCh1                 0x08000913   Thumb Code     2  stm32f1xx_hal_dac.o(i.HAL_DAC_ErrorCallbackCh1)
    HAL_DAC_Init                             0x08000915   Thumb Code    40  stm32f1xx_hal_dac.o(i.HAL_DAC_Init)
    HAL_DAC_MspInit                          0x0800093d   Thumb Code   100  dac.o(i.HAL_DAC_MspInit)
    HAL_DAC_Start_DMA                        0x080009c5   Thumb Code   210  stm32f1xx_hal_dac.o(i.HAL_DAC_Start_DMA)
    HAL_DAC_Stop_DMA                         0x08000ab1   Thumb Code    56  stm32f1xx_hal_dac.o(i.HAL_DAC_Stop_DMA)
    HAL_DMA_Abort                            0x08000ae9   Thumb Code    48  stm32f1xx_hal_dma.o(i.HAL_DMA_Abort)
    HAL_DMA_Abort_IT                         0x08000b19   Thumb Code   296  stm32f1xx_hal_dma.o(i.HAL_DMA_Abort_IT)
    HAL_DMA_IRQHandler                       0x08000c49   Thumb Code   552  stm32f1xx_hal_dma.o(i.HAL_DMA_IRQHandler)
    HAL_DMA_Init                             0x08000e91   Thumb Code   120  stm32f1xx_hal_dma.o(i.HAL_DMA_Init)
    HAL_DMA_Start_IT                         0x08000f15   Thumb Code   112  stm32f1xx_hal_dma.o(i.HAL_DMA_Start_IT)
    HAL_Delay                                0x08000f85   Thumb Code    28  stm32f1xx_hal.o(i.HAL_Delay)
    HAL_GPIO_Init                            0x08000fa1   Thumb Code   446  stm32f1xx_hal_gpio.o(i.HAL_GPIO_Init)
    HAL_GPIO_TogglePin                       0x08001189   Thumb Code     8  stm32f1xx_hal_gpio.o(i.HAL_GPIO_TogglePin)
    HAL_GPIO_WritePin                        0x08001191   Thumb Code    10  stm32f1xx_hal_gpio.o(i.HAL_GPIO_WritePin)
    HAL_GetTick                              0x0800119d   Thumb Code     6  stm32f1xx_hal.o(i.HAL_GetTick)
    HAL_IncTick                              0x080011a9   Thumb Code    10  stm32f1xx_hal.o(i.HAL_IncTick)
    HAL_Init                                 0x080011b9   Thumb Code    32  stm32f1xx_hal.o(i.HAL_Init)
    HAL_InitTick                             0x080011dd   Thumb Code    34  stm32f1xx_hal.o(i.HAL_InitTick)
    HAL_MspInit                              0x08001205   Thumb Code   122  stm32f1xx_hal_msp.o(i.HAL_MspInit)
    HAL_NVIC_EnableIRQ                       0x08001289   Thumb Code    22  stm32f1xx_hal_cortex.o(i.HAL_NVIC_EnableIRQ)
    HAL_NVIC_SetPriority                     0x080012a1   Thumb Code    60  stm32f1xx_hal_cortex.o(i.HAL_NVIC_SetPriority)
    HAL_NVIC_SetPriorityGrouping             0x080012e1   Thumb Code    26  stm32f1xx_hal_cortex.o(i.HAL_NVIC_SetPriorityGrouping)
    HAL_RCCEx_PeriphCLKConfig                0x08001305   Thumb Code   224  stm32f1xx_hal_rcc_ex.o(i.HAL_RCCEx_PeriphCLKConfig)
    HAL_RCC_ClockConfig                      0x080013f1   Thumb Code   322  stm32f1xx_hal_rcc.o(i.HAL_RCC_ClockConfig)
    HAL_RCC_GetHCLKFreq                      0x08001545   Thumb Code     6  stm32f1xx_hal_rcc.o(i.HAL_RCC_GetHCLKFreq)
    HAL_RCC_GetPCLK1Freq                     0x08001551   Thumb Code    20  stm32f1xx_hal_rcc.o(i.HAL_RCC_GetPCLK1Freq)
    HAL_RCC_GetPCLK2Freq                     0x08001571   Thumb Code    20  stm32f1xx_hal_rcc.o(i.HAL_RCC_GetPCLK2Freq)
    HAL_RCC_GetSysClockFreq                  0x08001591   Thumb Code    74  stm32f1xx_hal_rcc.o(i.HAL_RCC_GetSysClockFreq)
    HAL_RCC_OscConfig                        0x080015fd   Thumb Code   750  stm32f1xx_hal_rcc.o(i.HAL_RCC_OscConfig)
    HAL_SPI_Init                             0x08001901   Thumb Code   130  stm32f1xx_hal_spi_ex.o(i.HAL_SPI_Init)
    HAL_SPI_MspInit                          0x08001985   Thumb Code   118  spi.o(i.HAL_SPI_MspInit)
    HAL_SPI_Transmit                         0x08001a0d   Thumb Code   360  stm32f1xx_hal_spi.o(i.HAL_SPI_Transmit)
    HAL_SYSTICK_CLKSourceConfig              0x08001b75   Thumb Code    24  stm32f1xx_hal_cortex.o(i.HAL_SYSTICK_CLKSourceConfig)
    HAL_SYSTICK_Callback                     0x08001b8d   Thumb Code     2  stm32f1xx_hal_cortex.o(i.HAL_SYSTICK_Callback)
    HAL_SYSTICK_Config                       0x08001b8f   Thumb Code    40  stm32f1xx_hal_cortex.o(i.HAL_SYSTICK_Config)
    HAL_SYSTICK_IRQHandler                   0x08001bb7   Thumb Code     8  stm32f1xx_hal_cortex.o(i.HAL_SYSTICK_IRQHandler)
    HAL_TIMEx_BreakCallback                  0x08001bbf   Thumb Code     2  stm32f1xx_hal_tim_ex.o(i.HAL_TIMEx_BreakCallback)
    HAL_TIMEx_CommutationCallback            0x08001bc1   Thumb Code     2  stm32f1xx_hal_tim_ex.o(i.HAL_TIMEx_CommutationCallback)
    HAL_TIMEx_MasterConfigSynchronization    0x08001bc3   Thumb Code    80  stm32f1xx_hal_tim_ex.o(i.HAL_TIMEx_MasterConfigSynchronization)
    HAL_TIM_Base_Init                        0x08001c13   Thumb Code    54  stm32f1xx_hal_tim.o(i.HAL_TIM_Base_Init)
    HAL_TIM_Base_MspInit                     0x08001c49   Thumb Code   108  tim.o(i.HAL_TIM_Base_MspInit)
    HAL_TIM_Base_Start                       0x08001cc5   Thumb Code    26  stm32f1xx_hal_tim.o(i.HAL_TIM_Base_Start)
    HAL_TIM_Base_Start_IT                    0x08001cdf   Thumb Code    24  stm32f1xx_hal_tim.o(i.HAL_TIM_Base_Start_IT)
    HAL_TIM_Base_Stop_IT                     0x08001cf7   Thumb Code    42  stm32f1xx_hal_tim.o(i.HAL_TIM_Base_Stop_IT)
    HAL_TIM_ConfigClockSource                0x08001d21   Thumb Code   242  stm32f1xx_hal_tim.o(i.HAL_TIM_ConfigClockSource)
    HAL_TIM_IC_CaptureCallback               0x08001e13   Thumb Code     2  stm32f1xx_hal_tim.o(i.HAL_TIM_IC_CaptureCallback)
    HAL_TIM_IRQHandler                       0x08001e15   Thumb Code   358  stm32f1xx_hal_tim.o(i.HAL_TIM_IRQHandler)
    HAL_TIM_OC_DelayElapsedCallback          0x08001f7b   Thumb Code     2  stm32f1xx_hal_tim.o(i.HAL_TIM_OC_DelayElapsedCallback)
    HAL_TIM_PWM_PulseFinishedCallback        0x08001f7d   Thumb Code     2  stm32f1xx_hal_tim.o(i.HAL_TIM_PWM_PulseFinishedCallback)
    HAL_TIM_PeriodElapsedCallback            0x08001f81   Thumb Code   216  main.o(i.HAL_TIM_PeriodElapsedCallback)
    HAL_TIM_TriggerCallback                  0x08002089   Thumb Code     2  stm32f1xx_hal_tim.o(i.HAL_TIM_TriggerCallback)
    HAL_UART_Abort                           0x0800208b   Thumb Code   104  stm32f1xx_hal_uart.o(i.HAL_UART_Abort)
    HAL_UART_ErrorCallback                   0x080020f3   Thumb Code     2  stm32f1xx_hal_uart.o(i.HAL_UART_ErrorCallback)
    HAL_UART_IRQHandler                      0x080020f5   Thumb Code   266  stm32f1xx_hal_uart.o(i.HAL_UART_IRQHandler)
    HAL_UART_Init                            0x08002205   Thumb Code    98  stm32f1xx_hal_uart.o(i.HAL_UART_Init)
    HAL_UART_MspInit                         0x08002269   Thumb Code   192  usart.o(i.HAL_UART_MspInit)
    HAL_UART_Receive_DMA                     0x0800234d   Thumb Code   138  stm32f1xx_hal_uart.o(i.HAL_UART_Receive_DMA)
    HAL_UART_RxCpltCallback                  0x080023e5   Thumb Code   144  main.o(i.HAL_UART_RxCpltCallback)
    HAL_UART_RxHalfCpltCallback              0x0800248d   Thumb Code     2  stm32f1xx_hal_uart.o(i.HAL_UART_RxHalfCpltCallback)
    HAL_UART_Transmit                        0x0800248f   Thumb Code   186  stm32f1xx_hal_uart.o(i.HAL_UART_Transmit)
    HAL_UART_Transmit_DMA                    0x08002549   Thumb Code   114  stm32f1xx_hal_uart.o(i.HAL_UART_Transmit_DMA)
    HAL_UART_TxCpltCallback                  0x080025c9   Thumb Code    70  main.o(i.HAL_UART_TxCpltCallback)
    HAL_UART_TxHalfCpltCallback              0x08002619   Thumb Code     2  stm32f1xx_hal_uart.o(i.HAL_UART_TxHalfCpltCallback)
    HardFault_Handler                        0x0800261b   Thumb Code     2  stm32f1xx_it.o(i.HardFault_Handler)
    ILI9341_Draw_Char                        0x0800261d   Thumb Code   164  ili9341_gfx.o(i.ILI9341_Draw_Char)
    ILI9341_Draw_Colour_Burst                0x080026c5   Thumb Code   154  ili9341_stm32_driver.o(i.ILI9341_Draw_Colour_Burst)
    ILI9341_Draw_Pixel                       0x08002769   Thumb Code   332  ili9341_stm32_driver.o(i.ILI9341_Draw_Pixel)
    ILI9341_Draw_Rectangle                   0x080028c1   Thumb Code    90  ili9341_stm32_driver.o(i.ILI9341_Draw_Rectangle)
    ILI9341_Draw_Text                        0x08002921   Thumb Code    54  ili9341_gfx.o(i.ILI9341_Draw_Text)
    ILI9341_Enable                           0x08002959   Thumb Code    10  ili9341_stm32_driver.o(i.ILI9341_Enable)
    ILI9341_Fill_Screen                      0x08002969   Thumb Code    34  ili9341_stm32_driver.o(i.ILI9341_Fill_Screen)
    ILI9341_Init                             0x08002991   Thumb Code   536  ili9341_stm32_driver.o(i.ILI9341_Init)
    ILI9341_Reset                            0x08002ba9   Thumb Code    52  ili9341_stm32_driver.o(i.ILI9341_Reset)
    ILI9341_SPI_Init                         0x08002be1   Thumb Code    26  ili9341_stm32_driver.o(i.ILI9341_SPI_Init)
    ILI9341_SPI_Send                         0x08002c01   Thumb Code    16  ili9341_stm32_driver.o(i.ILI9341_SPI_Send)
    ILI9341_Set_Address                      0x08002c15   Thumb Code    82  ili9341_stm32_driver.o(i.ILI9341_Set_Address)
    ILI9341_Set_Rotation                     0x08002c69   Thumb Code    76  ili9341_stm32_driver.o(i.ILI9341_Set_Rotation)
    ILI9341_Write_Command                    0x08002cb9   Thumb Code    50  ili9341_stm32_driver.o(i.ILI9341_Write_Command)
    ILI9341_Write_Data                       0x08002cf1   Thumb Code    48  ili9341_stm32_driver.o(i.ILI9341_Write_Data)
    Init_PCK                                 0x08002d25   Thumb Code    46  master.o(i.Init_PCK)
    LCD_Init                                 0x08002d55   Thumb Code    34  lcd.o(i.LCD_Init)
    MX_ADC1_Init                             0x08002d7d   Thumb Code    82  adc.o(i.MX_ADC1_Init)
    MX_DAC_Init                              0x08002ded   Thumb Code    56  dac.o(i.MX_DAC_Init)
    MX_DMA_Init                              0x08002e3d   Thumb Code   104  dma.o(i.MX_DMA_Init)
    MX_GPIO_Init                             0x08002ea9   Thumb Code   182  gpio.o(i.MX_GPIO_Init)
    MX_SPI2_Init                             0x08002f71   Thumb Code    64  spi.o(i.MX_SPI2_Init)
    MX_SPI3_Init                             0x08002fc9   Thumb Code    64  spi.o(i.MX_SPI3_Init)
    MX_TIM6_Init                             0x08003021   Thumb Code    64  tim.o(i.MX_TIM6_Init)
    MX_TIM7_Init                             0x08003079   Thumb Code    66  tim.o(i.MX_TIM7_Init)
    MX_TIM8_Init                             0x080030d5   Thumb Code    98  tim.o(i.MX_TIM8_Init)
    MX_USART2_UART_Init                      0x08003151   Thumb Code    50  usart.o(i.MX_USART2_UART_Init)
    Master_Init                              0x080031a1   Thumb Code    88  master.o(i.Master_Init)
    MemManage_Handler                        0x08003211   Thumb Code     2  stm32f1xx_it.o(i.MemManage_Handler)
    NMI_Handler                              0x08003213   Thumb Code     2  stm32f1xx_it.o(i.NMI_Handler)
    PendSV_Handler                           0x08003235   Thumb Code     2  stm32f1xx_it.o(i.PendSV_Handler)
    SVC_Handler                              0x080032ed   Thumb Code     2  stm32f1xx_it.o(i.SVC_Handler)
    Send_Audio                               0x080032f1   Thumb Code    88  master.o(i.Send_Audio)
    Send_PCK                                 0x08003355   Thumb Code    88  master.o(i.Send_PCK)
    SysTick_Handler                          0x080033bd   Thumb Code    14  stm32f1xx_it.o(i.SysTick_Handler)
    SystemClock_Config                       0x080033cb   Thumb Code   120  main.o(i.SystemClock_Config)
    SystemInit                               0x08003445   Thumb Code    56  system_stm32f1xx.o(i.SystemInit)
    TIM6_IRQHandler                          0x0800348d   Thumb Code     6  stm32f1xx_it.o(i.TIM6_IRQHandler)
    TIM7_IRQHandler                          0x08003499   Thumb Code     6  stm32f1xx_it.o(i.TIM7_IRQHandler)
    TIM_Base_SetConfig                       0x080034a5   Thumb Code   120  stm32f1xx_hal_tim.o(i.TIM_Base_SetConfig)
    USART2_IRQHandler                        0x08003971   Thumb Code     6  stm32f1xx_it.o(i.USART2_IRQHandler)
    UsageFault_Handler                       0x0800397d   Thumb Code     2  stm32f1xx_it.o(i.UsageFault_Handler)
    _Error_Handler                           0x0800397f   Thumb Code     2  main.o(i._Error_Handler)
    __0sprintf$6                             0x08003981   Thumb Code    34  printf6.o(i.__0sprintf$6)
    __1sprintf$6                             0x08003981   Thumb Code     0  printf6.o(i.__0sprintf$6)
    __2sprintf                               0x08003981   Thumb Code     0  printf6.o(i.__0sprintf$6)
    __scatterload_copy                       0x080039a9   Thumb Code    14  handlers.o(i.__scatterload_copy)
    __scatterload_null                       0x080039b7   Thumb Code     2  handlers.o(i.__scatterload_null)
    __scatterload_zeroinit                   0x080039b9   Thumb Code    14  handlers.o(i.__scatterload_zeroinit)
    free                                     0x08003d15   Thumb Code    76  malloc.o(i.free)
    main                                     0x08003d65   Thumb Code   336  main.o(i.main)
    malloc                                   0x08003ed9   Thumb Code    92  malloc.o(i.malloc)
    AHBPrescTable                            0x08004184   Data          16  system_stm32f1xx.o(.constdata)
    APBPrescTable                            0x08004194   Data           8  system_stm32f1xx.o(.constdata)
    Region$$Table$$Base                      0x0800419c   Number         0  anon$$obj.o(Region$$Table)
    Region$$Table$$Limit                     0x080041bc   Number         0  anon$$obj.o(Region$$Table)
    LCD_HEIGHT                               0x20000000   Data           2  ili9341_stm32_driver.o(.data)
    LCD_WIDTH                                0x20000002   Data           2  ili9341_stm32_driver.o(.data)
    timer7_temp                              0x20000004   Data           1  main.o(.data)
    timer6_temp                              0x20000005   Data           1  main.o(.data)
    PCK_RCV                                  0x20000006   Data           1  master.o(.data)
    SystemCoreClock                          0x20000008   Data           4  system_stm32f1xx.o(.data)
    uwTick                                   0x2000000c   Data           4  stm32f1xx_hal.o(.data)
    __microlib_freelist                      0x20000010   Data           4  mvars.o(.data)
    __microlib_freelist_initialised          0x20000014   Data           4  mvars.o(.data)
    htim6                                    0x20000018   Data          64  tim.o(.bss)
    htim7                                    0x20000058   Data          64  tim.o(.bss)
    htim8                                    0x20000098   Data          64  tim.o(.bss)
    hadc1                                    0x200000d8   Data          48  adc.o(.bss)
    hdma_adc1                                0x20000108   Data          68  adc.o(.bss)
    huart2                                   0x2000014c   Data          64  usart.o(.bss)
    hdma_usart2_rx                           0x2000018c   Data          68  usart.o(.bss)
    hdma_usart2_tx                           0x200001d0   Data          68  usart.o(.bss)
    hdac                                     0x20000214   Data          20  dac.o(.bss)
    hdma_dac_ch1                             0x20000228   Data          68  dac.o(.bss)
    hspi2                                    0x2000026c   Data          88  spi.o(.bss)
    hspi3                                    0x200002c4   Data          88  spi.o(.bss)
    Buff_get                                 0x2000031c   Data          10  main.o(.bss)
    lcd_buff                                 0x20000326   Data          30  main.o(.bss)
    adcBuff                                  0x20000344   Data        1600  main.o(.bss)
    adc_audio_buff                           0x20000984   Data        1600  main.o(.bss)
    uart_audio_buff                          0x20000fc4   Data        1600  main.o(.bss)
    Send_pck                                 0x20001604   Data          11  master.o(.bss)
    User_state                               0x2000160f   Data        1430  master.o(.bss)
    master                                   0x20001ba8   Data         112  master.o(.bss)
    __heap_base                              0x20001c18   Data           0  startup_stm32f103xe.o(HEAP)
    __heap_limit                             0x20001e18   Data           0  startup_stm32f103xe.o(HEAP)
    __initial_sp                             0x20002218   Data           0  startup_stm32f103xe.o(STACK)



==============================================================================

Memory Map of the image

  Image Entry point : 0x08000131

  Load Region LR_IROM1 (Base: 0x08000000, Size: 0x000041d4, Max: 0x00080000, ABSOLUTE)

    Execution Region ER_IROM1 (Base: 0x08000000, Size: 0x000041bc, Max: 0x00080000, ABSOLUTE)

    Base Addr    Size         Type   Attr      Idx    E Section Name        Object

    0x08000000   0x00000130   Data   RO            3    RESET               startup_stm32f103xe.o
    0x08000130   0x00000000   Code   RO         4624  * .ARM.Collect$$$$00000000  mc_w.l(entry.o)
    0x08000130   0x00000004   Code   RO         4920    .ARM.Collect$$$$00000001  mc_w.l(entry2.o)
    0x08000134   0x00000004   Code   RO         4923    .ARM.Collect$$$$00000004  mc_w.l(entry5.o)
    0x08000138   0x00000000   Code   RO         4925    .ARM.Collect$$$$00000008  mc_w.l(entry7b.o)
    0x08000138   0x00000000   Code   RO         4927    .ARM.Collect$$$$0000000A  mc_w.l(entry8b.o)
    0x08000138   0x00000008   Code   RO         4928    .ARM.Collect$$$$0000000B  mc_w.l(entry9a.o)
    0x08000140   0x00000000   Code   RO         4930    .ARM.Collect$$$$0000000D  mc_w.l(entry10a.o)
    0x08000140   0x00000000   Code   RO         4932    .ARM.Collect$$$$0000000F  mc_w.l(entry11a.o)
    0x08000140   0x00000004   Code   RO         4921    .ARM.Collect$$$$00002712  mc_w.l(entry2.o)
    0x08000144   0x00000024   Code   RO            4    .text               startup_stm32f103xe.o
    0x08000168   0x0000002c   Code   RO         4937    .text               mc_w.l(uidiv.o)
    0x08000194   0x00000024   Code   RO         4960    .text               mc_w.l(init.o)
    0x080001b8   0x0000004c   Code   RO         1698    i.ADC_ConversionStop_Disable  stm32f1xx_hal_adc.o
    0x08000204   0x0000004e   Code   RO         1699    i.ADC_DMAConvCplt   stm32f1xx_hal_adc.o
    0x08000252   0x0000001a   Code   RO         1700    i.ADC_DMAError      stm32f1xx_hal_adc.o
    0x0800026c   0x0000000a   Code   RO         1701    i.ADC_DMAHalfConvCplt  stm32f1xx_hal_adc.o
    0x08000276   0x00000002   PAD
    0x08000278   0x00000070   Code   RO         1702    i.ADC_Enable        stm32f1xx_hal_adc.o
    0x080002e8   0x00000002   Code   RO         1092    i.BusFault_Handler  stm32f1xx_it.o
    0x080002ea   0x00000010   Code   RO         2721    i.DAC_DMAConvCpltCh1  stm32f1xx_hal_dac.o
    0x080002fa   0x00000010   Code   RO         3846    i.DAC_DMAConvCpltCh2  stm32f1xx_hal_dac_ex.o
    0x0800030a   0x00000018   Code   RO         2722    i.DAC_DMAErrorCh1   stm32f1xx_hal_dac.o
    0x08000322   0x00000018   Code   RO         3847    i.DAC_DMAErrorCh2   stm32f1xx_hal_dac_ex.o
    0x0800033a   0x0000000a   Code   RO         2723    i.DAC_DMAHalfConvCpltCh1  stm32f1xx_hal_dac.o
    0x08000344   0x0000000a   Code   RO         3848    i.DAC_DMAHalfConvCpltCh2  stm32f1xx_hal_dac_ex.o
    0x0800034e   0x00000002   PAD
    0x08000350   0x0000000c   Code   RO         1093    i.DMA1_Channel1_IRQHandler  stm32f1xx_it.o
    0x0800035c   0x0000000c   Code   RO         1094    i.DMA1_Channel6_IRQHandler  stm32f1xx_it.o
    0x08000368   0x0000000c   Code   RO         1095    i.DMA1_Channel7_IRQHandler  stm32f1xx_it.o
    0x08000374   0x0000000c   Code   RO         1096    i.DMA2_Channel3_IRQHandler  stm32f1xx_it.o
    0x08000380   0x0000002a   Code   RO         3423    i.DMA_SetConfig     stm32f1xx_hal_dma.o
    0x080003aa   0x00000002   Code   RO         1097    i.DebugMon_Handler  stm32f1xx_it.o
    0x080003ac   0x00000098   Code   RO         1582    i.GetNewData        master.o
    0x08000444   0x000000fc   Code   RO         1704    i.HAL_ADC_ConfigChannel  stm32f1xx_hal_adc.o
    0x08000540   0x00000060   Code   RO         1465    i.HAL_ADC_ConvCpltCallback  main.o
    0x080005a0   0x00000002   Code   RO         1706    i.HAL_ADC_ConvHalfCpltCallback  stm32f1xx_hal_adc.o
    0x080005a2   0x00000002   Code   RO         1708    i.HAL_ADC_ErrorCallback  stm32f1xx_hal_adc.o
    0x080005a4   0x00000124   Code   RO         1713    i.HAL_ADC_Init      stm32f1xx_hal_adc.o
    0x080006c8   0x0000008c   Code   RO         1292    i.HAL_ADC_MspInit   adc.o
    0x08000754   0x0000010c   Code   RO         1720    i.HAL_ADC_Start_DMA  stm32f1xx_hal_adc.o
    0x08000860   0x0000004c   Code   RO         1723    i.HAL_ADC_Stop_DMA  stm32f1xx_hal_adc.o
    0x080008ac   0x00000002   Code   RO         3849    i.HAL_DACEx_ConvCpltCallbackCh2  stm32f1xx_hal_dac_ex.o
    0x080008ae   0x00000002   Code   RO         3850    i.HAL_DACEx_ConvHalfCpltCallbackCh2  stm32f1xx_hal_dac_ex.o
    0x080008b0   0x00000002   Code   RO         3853    i.HAL_DACEx_ErrorCallbackCh2  stm32f1xx_hal_dac_ex.o
    0x080008b2   0x00000042   Code   RO         2724    i.HAL_DAC_ConfigChannel  stm32f1xx_hal_dac.o
    0x080008f4   0x0000001c   Code   RO         1466    i.HAL_DAC_ConvCpltCallbackCh1  main.o
    0x08000910   0x00000002   Code   RO         2726    i.HAL_DAC_ConvHalfCpltCallbackCh1  stm32f1xx_hal_dac.o
    0x08000912   0x00000002   Code   RO         2728    i.HAL_DAC_ErrorCallbackCh1  stm32f1xx_hal_dac.o
    0x08000914   0x00000028   Code   RO         2732    i.HAL_DAC_Init      stm32f1xx_hal_dac.o
    0x0800093c   0x00000088   Code   RO         1376    i.HAL_DAC_MspInit   dac.o
    0x080009c4   0x000000ec   Code   RO         2737    i.HAL_DAC_Start_DMA  stm32f1xx_hal_dac.o
    0x08000ab0   0x00000038   Code   RO         2739    i.HAL_DAC_Stop_DMA  stm32f1xx_hal_dac.o
    0x08000ae8   0x00000030   Code   RO         3424    i.HAL_DMA_Abort     stm32f1xx_hal_dma.o
    0x08000b18   0x00000130   Code   RO         3425    i.HAL_DMA_Abort_IT  stm32f1xx_hal_dma.o
    0x08000c48   0x00000248   Code   RO         3429    i.HAL_DMA_IRQHandler  stm32f1xx_hal_dma.o
    0x08000e90   0x00000084   Code   RO         3430    i.HAL_DMA_Init      stm32f1xx_hal_dma.o
    0x08000f14   0x00000070   Code   RO         3434    i.HAL_DMA_Start_IT  stm32f1xx_hal_dma.o
    0x08000f84   0x0000001c   Code   RO         2963    i.HAL_Delay         stm32f1xx_hal.o
    0x08000fa0   0x000001e8   Code   RO         2102    i.HAL_GPIO_Init     stm32f1xx_hal_gpio.o
    0x08001188   0x00000008   Code   RO         2105    i.HAL_GPIO_TogglePin  stm32f1xx_hal_gpio.o
    0x08001190   0x0000000a   Code   RO         2106    i.HAL_GPIO_WritePin  stm32f1xx_hal_gpio.o
    0x0800119a   0x00000002   PAD
    0x0800119c   0x0000000c   Code   RO         2967    i.HAL_GetTick       stm32f1xx_hal.o
    0x080011a8   0x00000010   Code   RO         2969    i.HAL_IncTick       stm32f1xx_hal.o
    0x080011b8   0x00000024   Code   RO         2970    i.HAL_Init          stm32f1xx_hal.o
    0x080011dc   0x00000028   Code   RO         2971    i.HAL_InitTick      stm32f1xx_hal.o
    0x08001204   0x00000084   Code   RO         1556    i.HAL_MspInit       stm32f1xx_hal_msp.o
    0x08001288   0x00000016   Code   RO         3646    i.HAL_NVIC_EnableIRQ  stm32f1xx_hal_cortex.o
    0x0800129e   0x00000002   PAD
    0x080012a0   0x00000040   Code   RO         3652    i.HAL_NVIC_SetPriority  stm32f1xx_hal_cortex.o
    0x080012e0   0x00000024   Code   RO         3653    i.HAL_NVIC_SetPriorityGrouping  stm32f1xx_hal_cortex.o
    0x08001304   0x000000ec   Code   RO         3926    i.HAL_RCCEx_PeriphCLKConfig  stm32f1xx_hal_rcc_ex.o
    0x080013f0   0x00000154   Code   RO         3519    i.HAL_RCC_ClockConfig  stm32f1xx_hal_rcc.o
    0x08001544   0x0000000c   Code   RO         3524    i.HAL_RCC_GetHCLKFreq  stm32f1xx_hal_rcc.o
    0x08001550   0x00000020   Code   RO         3526    i.HAL_RCC_GetPCLK1Freq  stm32f1xx_hal_rcc.o
    0x08001570   0x00000020   Code   RO         3527    i.HAL_RCC_GetPCLK2Freq  stm32f1xx_hal_rcc.o
    0x08001590   0x0000006c   Code   RO         3528    i.HAL_RCC_GetSysClockFreq  stm32f1xx_hal_rcc.o
    0x080015fc   0x00000304   Code   RO         3531    i.HAL_RCC_OscConfig  stm32f1xx_hal_rcc.o
    0x08001900   0x00000082   Code   RO         3620    i.HAL_SPI_Init      stm32f1xx_hal_spi_ex.o
    0x08001982   0x00000002   PAD
    0x08001984   0x00000088   Code   RO         1418    i.HAL_SPI_MspInit   spi.o
    0x08001a0c   0x00000168   Code   RO         2417    i.HAL_SPI_Transmit  stm32f1xx_hal_spi.o
    0x08001b74   0x00000018   Code   RO         3655    i.HAL_SYSTICK_CLKSourceConfig  stm32f1xx_hal_cortex.o
    0x08001b8c   0x00000002   Code   RO         3656    i.HAL_SYSTICK_Callback  stm32f1xx_hal_cortex.o
    0x08001b8e   0x00000028   Code   RO         3657    i.HAL_SYSTICK_Config  stm32f1xx_hal_cortex.o
    0x08001bb6   0x00000008   Code   RO         3658    i.HAL_SYSTICK_IRQHandler  stm32f1xx_hal_cortex.o
    0x08001bbe   0x00000002   Code   RO         2165    i.HAL_TIMEx_BreakCallback  stm32f1xx_hal_tim_ex.o
    0x08001bc0   0x00000002   Code   RO         2166    i.HAL_TIMEx_CommutationCallback  stm32f1xx_hal_tim_ex.o
    0x08001bc2   0x00000050   Code   RO         2182    i.HAL_TIMEx_MasterConfigSynchronization  stm32f1xx_hal_tim_ex.o
    0x08001c12   0x00000036   Code   RO         3998    i.HAL_TIM_Base_Init  stm32f1xx_hal_tim.o
    0x08001c48   0x0000007c   Code   RO         1238    i.HAL_TIM_Base_MspInit  tim.o
    0x08001cc4   0x0000001a   Code   RO         4001    i.HAL_TIM_Base_Start  stm32f1xx_hal_tim.o
    0x08001cde   0x00000018   Code   RO         4003    i.HAL_TIM_Base_Start_IT  stm32f1xx_hal_tim.o
    0x08001cf6   0x0000002a   Code   RO         4006    i.HAL_TIM_Base_Stop_IT  stm32f1xx_hal_tim.o
    0x08001d20   0x000000f2   Code   RO         4007    i.HAL_TIM_ConfigClockSource  stm32f1xx_hal_tim.o
    0x08001e12   0x00000002   Code   RO         4027    i.HAL_TIM_IC_CaptureCallback  stm32f1xx_hal_tim.o
    0x08001e14   0x00000166   Code   RO         4040    i.HAL_TIM_IRQHandler  stm32f1xx_hal_tim.o
    0x08001f7a   0x00000002   Code   RO         4043    i.HAL_TIM_OC_DelayElapsedCallback  stm32f1xx_hal_tim.o
    0x08001f7c   0x00000002   Code   RO         4070    i.HAL_TIM_PWM_PulseFinishedCallback  stm32f1xx_hal_tim.o
    0x08001f7e   0x00000002   PAD
    0x08001f80   0x00000108   Code   RO         1467    i.HAL_TIM_PeriodElapsedCallback  main.o
    0x08002088   0x00000002   Code   RO         4081    i.HAL_TIM_TriggerCallback  stm32f1xx_hal_tim.o
    0x0800208a   0x00000068   Code   RO         3105    i.HAL_UART_Abort    stm32f1xx_hal_uart.o
    0x080020f2   0x00000002   Code   RO         3118    i.HAL_UART_ErrorCallback  stm32f1xx_hal_uart.o
    0x080020f4   0x00000110   Code   RO         3121    i.HAL_UART_IRQHandler  stm32f1xx_hal_uart.o
    0x08002204   0x00000062   Code   RO         3122    i.HAL_UART_Init     stm32f1xx_hal_uart.o
    0x08002266   0x00000002   PAD
    0x08002268   0x000000e4   Code   RO         1334    i.HAL_UART_MspInit  usart.o
    0x0800234c   0x00000098   Code   RO         3126    i.HAL_UART_Receive_DMA  stm32f1xx_hal_uart.o
    0x080023e4   0x000000a8   Code   RO         1468    i.HAL_UART_RxCpltCallback  main.o
    0x0800248c   0x00000002   Code   RO         3129    i.HAL_UART_RxHalfCpltCallback  stm32f1xx_hal_uart.o
    0x0800248e   0x000000ba   Code   RO         3130    i.HAL_UART_Transmit  stm32f1xx_hal_uart.o
    0x08002548   0x00000080   Code   RO         3131    i.HAL_UART_Transmit_DMA  stm32f1xx_hal_uart.o
    0x080025c8   0x00000050   Code   RO         1469    i.HAL_UART_TxCpltCallback  main.o
    0x08002618   0x00000002   Code   RO         3134    i.HAL_UART_TxHalfCpltCallback  stm32f1xx_hal_uart.o
    0x0800261a   0x00000002   Code   RO         1098    i.HardFault_Handler  stm32f1xx_it.o
    0x0800261c   0x000000a8   Code   RO           13    i.ILI9341_Draw_Char  ili9341_gfx.o
    0x080026c4   0x000000a4   Code   RO          186    i.ILI9341_Draw_Colour_Burst  ili9341_stm32_driver.o
    0x08002768   0x00000158   Code   RO          188    i.ILI9341_Draw_Pixel  ili9341_stm32_driver.o
    0x080028c0   0x00000060   Code   RO          189    i.ILI9341_Draw_Rectangle  ili9341_stm32_driver.o
    0x08002920   0x00000036   Code   RO           19    i.ILI9341_Draw_Text  ili9341_gfx.o
    0x08002956   0x00000002   PAD
    0x08002958   0x00000010   Code   RO          191    i.ILI9341_Enable    ili9341_stm32_driver.o
    0x08002968   0x00000028   Code   RO          192    i.ILI9341_Fill_Screen  ili9341_stm32_driver.o
    0x08002990   0x00000218   Code   RO          193    i.ILI9341_Init      ili9341_stm32_driver.o
    0x08002ba8   0x00000038   Code   RO          194    i.ILI9341_Reset     ili9341_stm32_driver.o
    0x08002be0   0x00000020   Code   RO          195    i.ILI9341_SPI_Init  ili9341_stm32_driver.o
    0x08002c00   0x00000014   Code   RO          196    i.ILI9341_SPI_Send  ili9341_stm32_driver.o
    0x08002c14   0x00000052   Code   RO          197    i.ILI9341_Set_Address  ili9341_stm32_driver.o
    0x08002c66   0x00000002   PAD
    0x08002c68   0x00000050   Code   RO          198    i.ILI9341_Set_Rotation  ili9341_stm32_driver.o
    0x08002cb8   0x00000038   Code   RO          199    i.ILI9341_Write_Command  ili9341_stm32_driver.o
    0x08002cf0   0x00000034   Code   RO          200    i.ILI9341_Write_Data  ili9341_stm32_driver.o
    0x08002d24   0x0000002e   Code   RO         1584    i.Init_PCK          master.o
    0x08002d52   0x00000002   PAD
    0x08002d54   0x00000028   Code   RO          301    i.LCD_Init          lcd.o
    0x08002d7c   0x00000070   Code   RO         1293    i.MX_ADC1_Init      adc.o
    0x08002dec   0x00000050   Code   RO         1377    i.MX_DAC_Init       dac.o
    0x08002e3c   0x0000006c   Code   RO         1210    i.MX_DMA_Init       dma.o
    0x08002ea8   0x000000c8   Code   RO         1068    i.MX_GPIO_Init      gpio.o
    0x08002f70   0x00000058   Code   RO         1419    i.MX_SPI2_Init      spi.o
    0x08002fc8   0x00000058   Code   RO         1420    i.MX_SPI3_Init      spi.o
    0x08003020   0x00000058   Code   RO         1239    i.MX_TIM6_Init      tim.o
    0x08003078   0x0000005c   Code   RO         1240    i.MX_TIM7_Init      tim.o
    0x080030d4   0x0000007c   Code   RO         1241    i.MX_TIM8_Init      tim.o
    0x08003150   0x00000050   Code   RO         1335    i.MX_USART2_UART_Init  usart.o
    0x080031a0   0x00000070   Code   RO         1586    i.Master_Init       master.o
    0x08003210   0x00000002   Code   RO         1099    i.MemManage_Handler  stm32f1xx_it.o
    0x08003212   0x00000002   Code   RO         1100    i.NMI_Handler       stm32f1xx_it.o
    0x08003214   0x00000020   Code   RO         3659    i.NVIC_SetPriority  stm32f1xx_hal_cortex.o
    0x08003234   0x00000002   Code   RO         1101    i.PendSV_Handler    stm32f1xx_it.o
    0x08003236   0x00000020   Code   RO         2433    i.SPI_CheckFlag_BSY  stm32f1xx_hal_spi.o
    0x08003256   0x00000096   Code   RO         2452    i.SPI_WaitFlagStateUntilTimeout  stm32f1xx_hal_spi.o
    0x080032ec   0x00000002   Code   RO         1102    i.SVC_Handler       stm32f1xx_it.o
    0x080032ee   0x00000002   PAD
    0x080032f0   0x00000064   Code   RO         1587    i.Send_Audio        master.o
    0x08003354   0x00000068   Code   RO         1588    i.Send_PCK          master.o
    0x080033bc   0x0000000e   Code   RO         1103    i.SysTick_Handler   stm32f1xx_it.o
    0x080033ca   0x00000078   Code   RO         1470    i.SystemClock_Config  main.o
    0x08003442   0x00000002   PAD
    0x08003444   0x00000048   Code   RO         1661    i.SystemInit        system_stm32f1xx.o
    0x0800348c   0x0000000c   Code   RO         1104    i.TIM6_IRQHandler   stm32f1xx_it.o
    0x08003498   0x0000000c   Code   RO         1105    i.TIM7_IRQHandler   stm32f1xx_it.o
    0x080034a4   0x0000008c   Code   RO         4082    i.TIM_Base_SetConfig  stm32f1xx_hal_tim.o
    0x08003530   0x00000014   Code   RO         4089    i.TIM_ETR_SetConfig  stm32f1xx_hal_tim.o
    0x08003544   0x00000010   Code   RO         4090    i.TIM_ITRx_SetConfig  stm32f1xx_hal_tim.o
    0x08003554   0x00000022   Code   RO         4096    i.TIM_TI1_ConfigInputStage  stm32f1xx_hal_tim.o
    0x08003576   0x00000024   Code   RO         4098    i.TIM_TI2_ConfigInputStage  stm32f1xx_hal_tim.o
    0x0800359a   0x00000010   Code   RO         3135    i.UART_DMAAbortOnError  stm32f1xx_hal_uart.o
    0x080035aa   0x0000004a   Code   RO         3136    i.UART_DMAError     stm32f1xx_hal_uart.o
    0x080035f4   0x0000003c   Code   RO         3137    i.UART_DMAReceiveCplt  stm32f1xx_hal_uart.o
    0x08003630   0x0000000a   Code   RO         3139    i.UART_DMARxHalfCplt  stm32f1xx_hal_uart.o
    0x0800363a   0x0000002e   Code   RO         3141    i.UART_DMATransmitCplt  stm32f1xx_hal_uart.o
    0x08003668   0x0000000a   Code   RO         3143    i.UART_DMATxHalfCplt  stm32f1xx_hal_uart.o
    0x08003672   0x0000001c   Code   RO         3145    i.UART_EndRxTransfer  stm32f1xx_hal_uart.o
    0x0800368e   0x00000012   Code   RO         3146    i.UART_EndTxTransfer  stm32f1xx_hal_uart.o
    0x080036a0   0x00000096   Code   RO         3147    i.UART_Receive_IT   stm32f1xx_hal_uart.o
    0x08003736   0x00000002   PAD
    0x08003738   0x00000170   Code   RO         3148    i.UART_SetConfig    stm32f1xx_hal_uart.o
    0x080038a8   0x00000062   Code   RO         3149    i.UART_Transmit_IT  stm32f1xx_hal_uart.o
    0x0800390a   0x00000064   Code   RO         3150    i.UART_WaitOnFlagUntilTimeout  stm32f1xx_hal_uart.o
    0x0800396e   0x00000002   PAD
    0x08003970   0x0000000c   Code   RO         1106    i.USART2_IRQHandler  stm32f1xx_it.o
    0x0800397c   0x00000002   Code   RO         1107    i.UsageFault_Handler  stm32f1xx_it.o
    0x0800397e   0x00000002   Code   RO         1471    i._Error_Handler    main.o
    0x08003980   0x00000028   Code   RO         4786    i.__0sprintf$6      mc_w.l(printf6.o)
    0x080039a8   0x0000000e   Code   RO         4972    i.__scatterload_copy  mc_w.l(handlers.o)
    0x080039b6   0x00000002   Code   RO         4973    i.__scatterload_null  mc_w.l(handlers.o)
    0x080039b8   0x0000000e   Code   RO         4974    i.__scatterload_zeroinit  mc_w.l(handlers.o)
    0x080039c6   0x00000002   PAD
    0x080039c8   0x000002f0   Code   RO         4791    i._printf_core      mc_w.l(printf6.o)
    0x08003cb8   0x00000024   Code   RO         4792    i._printf_post_padding  mc_w.l(printf6.o)
    0x08003cdc   0x0000002e   Code   RO         4793    i._printf_pre_padding  mc_w.l(printf6.o)
    0x08003d0a   0x0000000a   Code   RO         4795    i._sputc            mc_w.l(printf6.o)
    0x08003d14   0x00000050   Code   RO         4890    i.free              mc_w.l(malloc.o)
    0x08003d64   0x00000174   Code   RO         1472    i.main              main.o
    0x08003ed8   0x0000006c   Code   RO         4891    i.malloc            mc_w.l(malloc.o)
    0x08003f44   0x00000240   Data   RO           20    .constdata          ili9341_gfx.o
    0x08004184   0x00000010   Data   RO         1662    .constdata          system_stm32f1xx.o
    0x08004194   0x00000008   Data   RO         1663    .constdata          system_stm32f1xx.o
    0x0800419c   0x00000020   Data   RO         4970    Region$$Table       anon$$obj.o


    Execution Region RW_IRAM1 (Base: 0x20000000, Size: 0x00002218, Max: 0x00010000, ABSOLUTE)

    Base Addr    Size         Type   Attr      Idx    E Section Name        Object

    0x20000000   0x00000004   Data   RW          201    .data               ili9341_stm32_driver.o
    0x20000004   0x00000002   Data   RW         1475    .data               main.o
    0x20000006   0x00000001   Data   RW         1591    .data               master.o
    0x20000007   0x00000001   PAD
    0x20000008   0x00000004   Data   RW         1664    .data               system_stm32f1xx.o
    0x2000000c   0x00000004   Data   RW         2976    .data               stm32f1xx_hal.o
    0x20000010   0x00000004   Data   RW         4945    .data               mc_w.l(mvars.o)
    0x20000014   0x00000004   Data   RW         4946    .data               mc_w.l(mvars.o)
    0x20000018   0x000000c0   Zero   RW         1242    .bss                tim.o
    0x200000d8   0x00000074   Zero   RW         1294    .bss                adc.o
    0x2000014c   0x000000c8   Zero   RW         1336    .bss                usart.o
    0x20000214   0x00000058   Zero   RW         1378    .bss                dac.o
    0x2000026c   0x000000b0   Zero   RW         1421    .bss                spi.o
    0x2000031c   0x000012e8   Zero   RW         1473    .bss                main.o
    0x20001604   0x00000614   Zero   RW         1589    .bss                master.o
    0x20001c18   0x00000200   Zero   RW            2    HEAP                startup_stm32f103xe.o
    0x20001e18   0x00000400   Zero   RW            1    STACK               startup_stm32f103xe.o


==============================================================================

Image component sizes


      Code (inc. data)   RO Data    RW Data    ZI Data      Debug   Object Name

       252         66          0          0        116       1663   adc.o
       216         60          0          0         88       1640   dac.o
       108          4          0          0          0        806   dma.o
       200         18          0          0          0        935   gpio.o
       222          4        576          0          0     499944   ili9341_gfx.o
      1574         68          0          4          0       8507   ili9341_stm32_driver.o
         0          0          0          0          0       1316   keypad.o
        40          6          0          0          0        451   lcd.o
      1130        148          0          2       4840       5976   main.o
       514         70          0          1       1556       5669   master.o
       312         66          0          0        176       2198   spi.o
        36          8        304          0       1536        808   startup_stm32f103xe.o
       132         22          0          4          0       3655   stm32f1xx_hal.o
      1194         58          0          0          0       7994   stm32f1xx_hal_adc.o
       228         14          0          0          0      27061   stm32f1xx_hal_cortex.o
       452         26          0          0          0       5951   stm32f1xx_hal_dac.o
        56          0          0          0          0       3705   stm32f1xx_hal_dac_ex.o
      1222         52          0          0          0       4606   stm32f1xx_hal_dma.o
       506         42          0          0          0       3105   stm32f1xx_hal_gpio.o
       132         10          0          0          0        858   stm32f1xx_hal_msp.o
      1296        104          0          0          0       5448   stm32f1xx_hal_rcc.o
       236         12          0          0          0       1344   stm32f1xx_hal_rcc_ex.o
       542          0          0          0          0       2835   stm32f1xx_hal_spi.o
       130          0          0          0          0       1047   stm32f1xx_hal_spi_ex.o
      1000         20          0          0          0      10099   stm32f1xx_hal_tim.o
        84          0          0          0          0       2294   stm32f1xx_hal_tim_ex.o
      1924         38          0          0          0      13743   stm32f1xx_hal_uart.o
       114         42          0          0          0       6930   stm32f1xx_it.o
        72         16         24          4          0       1175   system_stm32f1xx.o
       428         92          0          0        192       2760   tim.o
       308         66          0          0        200       1796   usart.o

    ----------------------------------------------------------------------
     14688       1132        936         16       8704     636319   Object Totals
         0          0         32          0          0          0   (incl. Generated)
        28          0          0          1          0          0   (incl. Padding)

    ----------------------------------------------------------------------

      Code (inc. data)   RO Data    RW Data    ZI Data      Debug   Library Member Name

         0          0          0          0          0          0   entry.o
         0          0          0          0          0          0   entry10a.o
         0          0          0          0          0          0   entry11a.o
         8          4          0          0          0          0   entry2.o
         4          0          0          0          0          0   entry5.o
         0          0          0          0          0          0   entry7b.o
         0          0          0          0          0          0   entry8b.o
         8          4          0          0          0          0   entry9a.o
        30          0          0          0          0          0   handlers.o
        36          8          0          0          0         68   init.o
       188         20          0          0          0        160   malloc.o
         0          0          0          8          0          0   mvars.o
       884         10          0          0          0        420   printf6.o
        44          0          0          0          0         80   uidiv.o

    ----------------------------------------------------------------------
      1204         46          0          8          0        728   Library Totals
         2          0          0          0          0          0   (incl. Padding)

    ----------------------------------------------------------------------

      Code (inc. data)   RO Data    RW Data    ZI Data      Debug   Library Name

      1202         46          0          8          0        728   mc_w.l

    ----------------------------------------------------------------------
      1204         46          0          8          0        728   Library Totals

    ----------------------------------------------------------------------

==============================================================================


      Code (inc. data)   RO Data    RW Data    ZI Data      Debug   

     15892       1178        936         24       8704     628775   Grand Totals
     15892       1178        936         24       8704     628775   ELF Image Totals
     15892       1178        936         24          0          0   ROM Totals

==============================================================================

    Total RO  Size (Code + RO Data)                16828 (  16.43kB)
    Total RW  Size (RW Data + ZI Data)              8728 (   8.52kB)
    Total ROM Size (Code + RO Data + RW Data)      16852 (  16.46kB)

==============================================================================

