<html>
<body>
<pre>
<h1>µVision Build Log</h1>
<h2>Tool Versions:</h2>
IDE-Version: µVision V5.14.0.0
Copyright (C) 2015 ARM Ltd and ARM Germany GmbH. All rights reserved.
License Information: Reza Karbasi, Reza_C, LIC=ZB412-99N85-XUP41-CJ61Q-7SG41-XFYP4
 
Tool Versions:
Toolchain:       MDK-ARM Standard  Version: 5.14.0.0
Toolchain Path:  C:\Keil_v5\ARM\ARMCC\Bin
C Compiler:      Armcc.exe V5.05 update 1 (build 106)
Assembler:       Armasm.exe V5.05 update 1 (build 106)
Linker/Locator:  ArmLink.exe V5.05 update 1 (build 106)
Library Manager: ArmAr.exe V5.05 update 1 (build 106)
Hex Converter:   FromElf.exe V5.05 update 1 (build 106)
CPU DLL:         SARMCM3.DLL V5.14.0.0
Dialog DLL:      DCM.DLL V1.13.1.0
Target DLL:      STLink\ST-LINKIII-KEIL_SWO.dll V2.0.14.0_KEIL
Dialog DLL:      TCM.DLL V1.14.4.0
 
<h2>Project:</h2>
F:\Reza Karbasi\Documents\Github\Nurse-Panel-Code\Master\MDK-ARM\Nurse board.uvprojx
Project File Date:  03/01/2018

<h2>Output:</h2>
Build target 'Nurse board'
compiling stm32f1xx_hal_dac.c...
compiling stm32f1xx_hal_flash_ex.c...
compiling stm32f1xx_hal_cortex.c...
compiling stm32f1xx_hal_spi.c...
compiling stm32f1xx_hal_gpio.c...
compiling stm32f1xx_hal_tim_ex.c...
compiling stm32f1xx_hal_rcc.c...
compiling stm32f1xx_hal_flash.c...
compiling stm32f1xx_hal_rcc_ex.c...
compiling stm32f1xx_hal_adc.c...
compiling stm32f1xx_hal_dac_ex.c...
compiling stm32f1xx_hal.c...
compiling stm32f1xx_hal_adc_ex.c...
compiling stm32f1xx_hal_uart.c...
compiling stm32f1xx_hal_tim.c...
compiling stm32f1xx_hal_dma.c...
compiling stm32f1xx_hal_gpio_ex.c...
compiling stm32f1xx_hal_spi_ex.c...
compiling stm32f1xx_hal_pwr.c...
compiling ILI9341_GFX.c...
compiling ILI9341_STM32_Driver.c...
compiling SD_functions.c...
..\Src\FatFS\SD_functions.c(22): warning:  #188-D: enumerated type mixed with another type
                fr=f_printf(&fil,fmt);
..\Src\FatFS\SD_functions.c: 1 warning, 0 errors
compiling unicode.c...
compiling syscall.c...
..\Src\FatFS\Src\syscall.c(13): warning:  #9-D: nested comment is not allowed
  /*------------------------------------------------------------------------*/
..\Src\FatFS\Src\syscall.c: 1 warning, 0 errors
compiling ffunicode.c...
compiling ffsystem.c...
compiling ff.c...
compiling fat_sd_spi.c...
../Inc/fat_sd_spi.h(69): warning:  #1-D: last line of file ends without a newline
  #endif
..\Src\FatFS\Src\fat_sd_spi.c(13): warning:  #177-D: variable "spi" was declared but never referenced
        SPI_InitTypeDef spi;
..\Src\FatFS\Src\fat_sd_spi.c(195): warning:  #546-D: transfer of control bypasses initialization of:
            variable "hcs" (declared at line 261)
                goto err_spi;
                ^
..\Src\FatFS\Src\fat_sd_spi.c(214): warning:  #546-D: transfer of control bypasses initialization of:
            variable "hcs" (declared at line 261)
                goto err_spi;
                ^
..\Src\FatFS\Src\fat_sd_spi.c(236): warning:  #546-D: transfer of control bypasses initialization of:
            variable "hcs" (declared at line 261)
                goto err_spi;
                ^
..\Src\FatFS\Src\fat_sd_spi.c(199): warning:  #546-D: transfer of control bypasses initialization of:
            variable "hcs" (declared at line 261)
                goto err;
                ^
..\Src\FatFS\Src\fat_sd_spi.c(411): warning:  #940-D: missing return statement at end of non-void function "sd_read_status"
  }
..\Src\FatFS\Src\fat_sd_spi.c(449): warning:  #550-D: variable "b" was set but never used
        uint8_t b[16];
..\Src\FatFS\Src\fat_sd_spi.c(753): warning:  #940-D: missing return statement at end of non-void function "sd_read"
  }
..\Src\FatFS\Src\fat_sd_spi.c(775): warning:  #1-D: last line of file ends without a newline
  }
..\Src\FatFS\Src\fat_sd_spi.c(775): warning:  #940-D: missing return statement at end of non-void function "sd_write"
  }
..\Src\FatFS\Src\fat_sd_spi.c(139): warning:  #177-D: function "print_r1" was declared but never referenced
  static void print_r1(uint8_t r)
..\Src\FatFS\Src\fat_sd_spi.c(149): warning:  #177-D: function "print_r2" was declared but never referenced
  static void print_r2(uint16_t r)
..\Src\FatFS\Src\fat_sd_spi.c: 13 warnings, 0 errors
compiling diskio.c...
../Inc/fat_sd_spi.h(69): warning:  #1-D: last line of file ends without a newline
  #endif
..\Src\FatFS\Src\diskio.c: 1 warning, 0 errors
compiling Master.c...
..\Src\Master.c(105): warning:  #188-D: enumerated type mixed with another type
        return out;
..\Src\Master.c: 1 warning, 0 errors
compiling Audio.c...
..\Src\Audio.c(129): warning:  #188-D: enumerated type mixed with another type
        audio_file.fres=0;
..\Src\Audio.c: 1 warning, 0 errors
compiling Keypad.c...
..\Src\Keypad.c(59): warning:  #188-D: enumerated type mixed with another type
                                        key->Key=ii*9+key->output_number;
..\Src\Keypad.c(63): warning:  #188-D: enumerated type mixed with another type
                                        key->Key=ii+key->output_number*9;
..\Src\Keypad.c: 2 warnings, 0 errors
assembling startup_stm32f103xe.s...
compiling system_stm32f1xx.c...
compiling dac.c...
compiling gpio.c...
compiling dma.c...
compiling tim.c...
compiling stm32f1xx_hal_msp.c...
compiling spi.c...
compiling adc.c...
compiling main.c...
compiling stm32f1xx_it.c...
compiling usart.c...
linking...
Program Size: Code=13920 RO-data=936 RW-data=28 ZI-data=13396  
"Nurse board\Nurse board.axf" - 0 Error(s), 20 Warning(s).

<h2>Software Packages used:</h2>

Package Vendor: ARM
                http://www.keil.com/pack/ARM.CMSIS.5.1.0.pack
                ARM::CMSIS:CORE:5.0.2
                CMSIS (Cortex Microcontroller Software Interface Standard)
   * Component: CORE Version: 5.0.2

<h2>Collection of Component include folders:</h2>
  F:\Reza Karbasi\Documents\Github\Nurse-Panel-Code\Master\MDK-ARM\RTE
  C:\Keil_v5\ARM\PACK\ARM\CMSIS\5.1.0\CMSIS\Include
  C:\Keil_v5\ARM\PACK\Keil\STM32F1xx_DFP\2.2.0

<h2>Collection of Component Files used:</h2>

   * Component: ARM::CMSIS:CORE:5.0.2
</pre>
</body>
</html>
