Component: ARM Compiler 5.05 update 1 (build 106) Tool: armlink [4d0efa]

==============================================================================

Section Cross References

    stm32f1xx_hal_dac.o(i.DAC_DMAConvCpltCh1) refers to stm32f1xx_hal_dac.o(i.HAL_DAC_ConvCpltCallbackCh1) for HAL_DAC_ConvCpltCallbackCh1
    stm32f1xx_hal_dac.o(i.DAC_DMAErrorCh1) refers to stm32f1xx_hal_dac.o(i.HAL_DAC_ErrorCallbackCh1) for HAL_DAC_ErrorCallbackCh1
    stm32f1xx_hal_dac.o(i.DAC_DMAHalfConvCpltCh1) refers to stm32f1xx_hal_dac.o(i.HAL_DAC_ConvHalfCpltCallbackCh1) for HAL_DAC_ConvHalfCpltCallbackCh1
    stm32f1xx_hal_dac.o(i.HAL_DAC_DeInit) refers to dac.o(i.HAL_DAC_MspDeInit) for HAL_DAC_MspDeInit
    stm32f1xx_hal_dac.o(i.HAL_DAC_Init) refers to dac.o(i.HAL_DAC_MspInit) for HAL_DAC_MspInit
    stm32f1xx_hal_dac.o(i.HAL_DAC_Start_DMA) refers to stm32f1xx_hal_dma.o(i.HAL_DMA_Start_IT) for HAL_DMA_Start_IT
    stm32f1xx_hal_dac.o(i.HAL_DAC_Start_DMA) refers to stm32f1xx_hal_dac_ex.o(i.DAC_DMAConvCpltCh2) for DAC_DMAConvCpltCh2
    stm32f1xx_hal_dac.o(i.HAL_DAC_Start_DMA) refers to stm32f1xx_hal_dac_ex.o(i.DAC_DMAHalfConvCpltCh2) for DAC_DMAHalfConvCpltCh2
    stm32f1xx_hal_dac.o(i.HAL_DAC_Start_DMA) refers to stm32f1xx_hal_dac_ex.o(i.DAC_DMAErrorCh2) for DAC_DMAErrorCh2
    stm32f1xx_hal_dac.o(i.HAL_DAC_Start_DMA) refers to stm32f1xx_hal_dac.o(i.DAC_DMAConvCpltCh1) for DAC_DMAConvCpltCh1
    stm32f1xx_hal_dac.o(i.HAL_DAC_Start_DMA) refers to stm32f1xx_hal_dac.o(i.DAC_DMAHalfConvCpltCh1) for DAC_DMAHalfConvCpltCh1
    stm32f1xx_hal_dac.o(i.HAL_DAC_Start_DMA) refers to stm32f1xx_hal_dac.o(i.DAC_DMAErrorCh1) for DAC_DMAErrorCh1
    stm32f1xx_hal_dac.o(i.HAL_DAC_Stop_DMA) refers to stm32f1xx_hal_dma.o(i.HAL_DMA_Abort) for HAL_DMA_Abort
    stm32f1xx_hal_flash_ex.o(i.FLASH_MassErase) refers to stm32f1xx_hal_flash.o(.bss) for pFlash
    stm32f1xx_hal_flash_ex.o(i.FLASH_OB_DisableWRP) refers to stm32f1xx_hal_flash.o(i.FLASH_WaitForLastOperation) for FLASH_WaitForLastOperation
    stm32f1xx_hal_flash_ex.o(i.FLASH_OB_DisableWRP) refers to stm32f1xx_hal_flash_ex.o(i.HAL_FLASHEx_OBErase) for HAL_FLASHEx_OBErase
    stm32f1xx_hal_flash_ex.o(i.FLASH_OB_DisableWRP) refers to stm32f1xx_hal_flash.o(.bss) for pFlash
    stm32f1xx_hal_flash_ex.o(i.FLASH_OB_EnableWRP) refers to stm32f1xx_hal_flash.o(i.FLASH_WaitForLastOperation) for FLASH_WaitForLastOperation
    stm32f1xx_hal_flash_ex.o(i.FLASH_OB_EnableWRP) refers to stm32f1xx_hal_flash_ex.o(i.HAL_FLASHEx_OBErase) for HAL_FLASHEx_OBErase
    stm32f1xx_hal_flash_ex.o(i.FLASH_OB_EnableWRP) refers to stm32f1xx_hal_flash.o(.bss) for pFlash
    stm32f1xx_hal_flash_ex.o(i.FLASH_OB_RDP_LevelConfig) refers to stm32f1xx_hal_flash.o(i.FLASH_WaitForLastOperation) for FLASH_WaitForLastOperation
    stm32f1xx_hal_flash_ex.o(i.FLASH_OB_RDP_LevelConfig) refers to stm32f1xx_hal_flash.o(.bss) for pFlash
    stm32f1xx_hal_flash_ex.o(i.FLASH_PageErase) refers to stm32f1xx_hal_flash.o(.bss) for pFlash
    stm32f1xx_hal_flash_ex.o(i.HAL_FLASHEx_Erase) refers to stm32f1xx_hal_flash.o(i.FLASH_WaitForLastOperation) for FLASH_WaitForLastOperation
    stm32f1xx_hal_flash_ex.o(i.HAL_FLASHEx_Erase) refers to stm32f1xx_hal_flash_ex.o(i.FLASH_MassErase) for FLASH_MassErase
    stm32f1xx_hal_flash_ex.o(i.HAL_FLASHEx_Erase) refers to stm32f1xx_hal_flash_ex.o(i.FLASH_PageErase) for FLASH_PageErase
    stm32f1xx_hal_flash_ex.o(i.HAL_FLASHEx_Erase) refers to stm32f1xx_hal_flash.o(.bss) for pFlash
    stm32f1xx_hal_flash_ex.o(i.HAL_FLASHEx_Erase_IT) refers to stm32f1xx_hal_flash_ex.o(i.FLASH_PageErase) for FLASH_PageErase
    stm32f1xx_hal_flash_ex.o(i.HAL_FLASHEx_Erase_IT) refers to stm32f1xx_hal_flash_ex.o(i.FLASH_MassErase) for FLASH_MassErase
    stm32f1xx_hal_flash_ex.o(i.HAL_FLASHEx_Erase_IT) refers to stm32f1xx_hal_flash.o(.bss) for pFlash
    stm32f1xx_hal_flash_ex.o(i.HAL_FLASHEx_OBErase) refers to stm32f1xx_hal_flash_ex.o(i.FLASH_OB_GetRDP) for FLASH_OB_GetRDP
    stm32f1xx_hal_flash_ex.o(i.HAL_FLASHEx_OBErase) refers to stm32f1xx_hal_flash.o(i.FLASH_WaitForLastOperation) for FLASH_WaitForLastOperation
    stm32f1xx_hal_flash_ex.o(i.HAL_FLASHEx_OBErase) refers to stm32f1xx_hal_flash_ex.o(i.FLASH_OB_RDP_LevelConfig) for FLASH_OB_RDP_LevelConfig
    stm32f1xx_hal_flash_ex.o(i.HAL_FLASHEx_OBErase) refers to stm32f1xx_hal_flash.o(.bss) for pFlash
    stm32f1xx_hal_flash_ex.o(i.HAL_FLASHEx_OBGetConfig) refers to stm32f1xx_hal_flash_ex.o(i.FLASH_OB_GetRDP) for FLASH_OB_GetRDP
    stm32f1xx_hal_flash_ex.o(i.HAL_FLASHEx_OBProgram) refers to stm32f1xx_hal_flash_ex.o(i.FLASH_OB_DisableWRP) for FLASH_OB_DisableWRP
    stm32f1xx_hal_flash_ex.o(i.HAL_FLASHEx_OBProgram) refers to stm32f1xx_hal_flash_ex.o(i.FLASH_OB_EnableWRP) for FLASH_OB_EnableWRP
    stm32f1xx_hal_flash_ex.o(i.HAL_FLASHEx_OBProgram) refers to stm32f1xx_hal_flash_ex.o(i.FLASH_OB_RDP_LevelConfig) for FLASH_OB_RDP_LevelConfig
[...]
    Removing ff.o(.data), (8 bytes).
    Removing fat_sd_spi.o(.rev16_text), (4 bytes).
    Removing fat_sd_spi.o(.revsh_text), (4 bytes).
    Removing fat_sd_spi.o(.rrx_text), (6 bytes).
    Removing fat_sd_spi.o(i.crc16), (46 bytes).
    Removing fat_sd_spi.o(i.crc7), (28 bytes).
    Removing fat_sd_spi.o(i.crc7_one), (24 bytes).
    Removing fat_sd_spi.o(i.hwif_init), (72 bytes).
    Removing fat_sd_spi.o(i.sd_cmd), (110 bytes).
    Removing fat_sd_spi.o(i.sd_get_data), (96 bytes).
    Removing fat_sd_spi.o(i.sd_get_r1), (26 bytes).
    Removing fat_sd_spi.o(i.sd_get_r7), (54 bytes).
    Removing fat_sd_spi.o(i.sd_init), (632 bytes).
    Removing fat_sd_spi.o(i.sd_nec), (18 bytes).
    Removing fat_sd_spi.o(i.sd_put_data), (140 bytes).
    Removing fat_sd_spi.o(i.sd_read), (60 bytes).
    Removing fat_sd_spi.o(i.sd_read_cid), (120 bytes).
    Removing fat_sd_spi.o(i.sd_read_csd), (256 bytes).
    Removing fat_sd_spi.o(i.sd_read_status), (108 bytes).
    Removing fat_sd_spi.o(i.sd_readsector), (140 bytes).
    Removing fat_sd_spi.o(i.sd_write), (60 bytes).
    Removing fat_sd_spi.o(i.sd_writesector), (144 bytes).
    Removing fat_sd_spi.o(i.spi_set_speed), (24 bytes).
    Removing fat_sd_spi.o(i.spi_txrx), (40 bytes).
    Removing diskio.o(.rev16_text), (4 bytes).
    Removing diskio.o(.revsh_text), (4 bytes).
    Removing diskio.o(.rrx_text), (6 bytes).
    Removing diskio.o(i.disk_initialize), (20 bytes).
    Removing diskio.o(i.disk_ioctl), (44 bytes).
    Removing diskio.o(i.disk_read), (52 bytes).
    Removing diskio.o(i.disk_status), (20 bytes).
    Removing diskio.o(i.disk_write), (52 bytes).
    Removing diskio.o(i.get_fattime), (76 bytes).
    Removing diskio.o(.bss), (16 bytes).
    Removing master.o(.rev16_text), (4 bytes).
    Removing master.o(.revsh_text), (4 bytes).
    Removing master.o(.rrx_text), (6 bytes).
    Removing master.o(i.Append_Record), (60 bytes).
    Removing master.o(i.End_Call), (132 bytes).
    Removing master.o(i.Increase_Buffer_Pointer), (16 bytes).
    Removing master.o(i.Init_PCK), (46 bytes).
    Removing master.o(i.Make_Call), (104 bytes).
    Removing master.o(i.Master_Init), (56 bytes).
    Removing master.o(i.Send_Audio), (120 bytes).
    Removing master.o(i.Send_PCK), (104 bytes).
    Removing master.o(.bss), (11 bytes).
    Removing audio.o(.rev16_text), (4 bytes).
    Removing audio.o(.revsh_text), (4 bytes).
    Removing audio.o(.rrx_text), (6 bytes).
    Removing audio.o(i.Start_Recording), (212 bytes).
    Removing audio.o(i.WavaRecorderHeaderInit), (182 bytes).
    Removing audio.o(.bss), (1432 bytes).
    Removing keypad.o(.rev16_text), (4 bytes).
    Removing keypad.o(.revsh_text), (4 bytes).
    Removing keypad.o(.rrx_text), (6 bytes).
    Removing system_stm32f1xx.o(.rev16_text), (4 bytes).
    Removing system_stm32f1xx.o(.revsh_text), (4 bytes).
    Removing system_stm32f1xx.o(.rrx_text), (6 bytes).
    Removing system_stm32f1xx.o(i.SystemCoreClockUpdate), (104 bytes).
    Removing dac.o(.rev16_text), (4 bytes).
    Removing dac.o(.revsh_text), (4 bytes).
    Removing dac.o(.rrx_text), (6 bytes).
    Removing dac.o(i.HAL_DAC_MspDeInit), (56 bytes).
    Removing gpio.o(.rev16_text), (4 bytes).
    Removing gpio.o(.revsh_text), (4 bytes).
    Removing gpio.o(.rrx_text), (6 bytes).
    Removing dma.o(.rev16_text), (4 bytes).
    Removing dma.o(.revsh_text), (4 bytes).
    Removing dma.o(.rrx_text), (6 bytes).
    Removing tim.o(.rev16_text), (4 bytes).
    Removing tim.o(.revsh_text), (4 bytes).
    Removing tim.o(.rrx_text), (6 bytes).
    Removing tim.o(i.HAL_TIM_Base_MspDeInit), (76 bytes).
    Removing stm32f1xx_hal_msp.o(.rev16_text), (4 bytes).
    Removing stm32f1xx_hal_msp.o(.revsh_text), (4 bytes).
    Removing stm32f1xx_hal_msp.o(.rrx_text), (6 bytes).
    Removing spi.o(.rev16_text), (4 bytes).
    Removing spi.o(.revsh_text), (4 bytes).
    Removing spi.o(.rrx_text), (6 bytes).
    Removing spi.o(i.HAL_SPI_MspDeInit), (64 bytes).
    Removing adc.o(.rev16_text), (4 bytes).
    Removing adc.o(.revsh_text), (4 bytes).
    Removing adc.o(.rrx_text), (6 bytes).
    Removing adc.o(i.HAL_ADC_MspDeInit), (56 bytes).
    Removing main.o(.rev16_text), (4 bytes).
    Removing main.o(.revsh_text), (4 bytes).
    Removing main.o(.rrx_text), (6 bytes).
    Removing main.o(i.HAL_ADC_ConvCpltCallback), (92 bytes).
    Removing main.o(.data), (4 bytes).
    Removing stm32f1xx_it.o(.rev16_text), (4 bytes).
    Removing stm32f1xx_it.o(.revsh_text), (4 bytes).
    Removing stm32f1xx_it.o(.rrx_text), (6 bytes).
    Removing usart.o(.rev16_text), (4 bytes).
    Removing usart.o(.revsh_text), (4 bytes).
    Removing usart.o(.rrx_text), (6 bytes).
    Removing usart.o(i.HAL_UART_MspDeInit), (68 bytes).
    Removing fflti.o(.text), (18 bytes).
    Removing fepilogue.o(.text), (110 bytes).
    Removing dadd.o(.text), (334 bytes).
    Removing dmul.o(.text), (228 bytes).
    Removing ddiv.o(.text), (222 bytes).
    Removing dfixul.o(.text), (48 bytes).
    Removing cdrcmple.o(.text), (48 bytes).
    Removing depilogue.o(.text), (186 bytes).

621 unused section(s) (total 44131 bytes) removed from the image.

==============================================================================

Image Symbol Table

    Local Symbols

    Symbol Name                              Value     Ov Type        Size  Object(Section)

    ../Drivers/STM32F1xx_HAL_Driver/Src/stm32f1xx_hal.c 0x00000000   Number         0  stm32f1xx_hal.o ABSOLUTE
    ../Drivers/STM32F1xx_HAL_Driver/Src/stm32f1xx_hal_adc.c 0x00000000   Number         0  stm32f1xx_hal_adc.o ABSOLUTE
    ../Drivers/STM32F1xx_HAL_Driver/Src/stm32f1xx_hal_adc_ex.c 0x00000000   Number         0  stm32f1xx_hal_adc_ex.o ABSOLUTE
    ../Drivers/STM32F1xx_HAL_Driver/Src/stm32f1xx_hal_cortex.c 0x00000000   Number         0  stm32f1xx_hal_cortex.o ABSOLUTE
    ../Drivers/STM32F1xx_HAL_Driver/Src/stm32f1xx_hal_dac.c 0x00000000   Number         0  stm32f1xx_hal_dac.o ABSOLUTE
    ../Drivers/STM32F1xx_HAL_Driver/Src/stm32f1xx_hal_dac_ex.c 0x00000000   Number         0  stm32f1xx_hal_dac_ex.o ABSOLUTE
    ../Drivers/STM32F1xx_HAL_Driver/Src/stm32f1xx_hal_dma.c 0x00000000   Number         0  stm32f1xx_hal_dma.o ABSOLUTE
    ../Drivers/STM32F1xx_HAL_Driver/Src/stm32f1xx_hal_flash.c 0x00000000   Number         0  stm32f1xx_hal_flash.o ABSOLUTE
    ../Drivers/STM32F1xx_HAL_Driver/Src/stm32f1xx_hal_flash_ex.c 0x00000000   Number         0  stm32f1xx_hal_flash_ex.o ABSOLUTE
    ../Drivers/STM32F1xx_HAL_Driver/Src/stm32f1xx_hal_gpio.c 0x00000000   Number         0  stm32f1xx_hal_gpio.o ABSOLUTE
    ../Drivers/STM32F1xx_HAL_Driver/Src/stm32f1xx_hal_gpio_ex.c 0x00000000   Number         0  stm32f1xx_hal_gpio_ex.o ABSOLUTE
    ../Drivers/STM32F1xx_HAL_Driver/Src/stm32f1xx_hal_pwr.c 0x00000000   Number         0  stm32f1xx_hal_pwr.o ABSOLUTE
    ../Drivers/STM32F1xx_HAL_Driver/Src/stm32f1xx_hal_rcc.c 0x00000000   Number         0  stm32f1xx_hal_rcc.o ABSOLUTE
    ../Drivers/STM32F1xx_HAL_Driver/Src/stm32f1xx_hal_rcc_ex.c 0x00000000   Number         0  stm32f1xx_hal_rcc_ex.o ABSOLUTE
    ../Drivers/STM32F1xx_HAL_Driver/Src/stm32f1xx_hal_spi.c 0x00000000   Number         0  stm32f1xx_hal_spi.o ABSOLUTE
    ../Drivers/STM32F1xx_HAL_Driver/Src/stm32f1xx_hal_spi_ex.c 0x00000000   Number         0  stm32f1xx_hal_spi_ex.o ABSOLUTE
    ../Drivers/STM32F1xx_HAL_Driver/Src/stm32f1xx_hal_tim.c 0x00000000   Number         0  stm32f1xx_hal_tim.o ABSOLUTE
    ../Drivers/STM32F1xx_HAL_Driver/Src/stm32f1xx_hal_tim_ex.c 0x00000000   Number         0  stm32f1xx_hal_tim_ex.o ABSOLUTE
    ../Drivers/STM32F1xx_HAL_Driver/Src/stm32f1xx_hal_uart.c 0x00000000   Number         0  stm32f1xx_hal_uart.o ABSOLUTE
    ../Src/adc.c                             0x00000000   Number         0  adc.o ABSOLUTE
    ../Src/dac.c                             0x00000000   Number         0  dac.o ABSOLUTE
    ../Src/dma.c                             0x00000000   Number         0  dma.o ABSOLUTE
    ../Src/gpio.c                            0x00000000   Number         0  gpio.o ABSOLUTE
    ../Src/main.c                            0x00000000   Number         0  main.o ABSOLUTE
    ../Src/spi.c                             0x00000000   Number         0  spi.o ABSOLUTE
    ../Src/stm32f1xx_hal_msp.c               0x00000000   Number         0  stm32f1xx_hal_msp.o ABSOLUTE
    ../Src/stm32f1xx_it.c                    0x00000000   Number         0  stm32f1xx_it.o ABSOLUTE
    ../Src/system_stm32f1xx.c                0x00000000   Number         0  system_stm32f1xx.o ABSOLUTE
    ../Src/tim.c                             0x00000000   Number         0  tim.o ABSOLUTE
    ../Src/usart.c                           0x00000000   Number         0  usart.o ABSOLUTE
    ../clib/microlib/division.c              0x00000000   Number         0  uidiv.o ABSOLUTE
    ../clib/microlib/division.c              0x00000000   Number         0  uldiv.o ABSOLUTE
    ../clib/microlib/init/entry.s            0x00000000   Number         0  entry7b.o ABSOLUTE
    ../clib/microlib/init/entry.s            0x00000000   Number         0  entry2.o ABSOLUTE
    ../clib/microlib/init/entry.s            0x00000000   Number         0  entry5.o ABSOLUTE
    ../clib/microlib/init/entry.s            0x00000000   Number         0  entry7a.o ABSOLUTE
    ../clib/microlib/init/entry.s            0x00000000   Number         0  entry8a.o ABSOLUTE
    ../clib/microlib/init/entry.s            0x00000000   Number         0  entry8b.o ABSOLUTE
    ../clib/microlib/init/entry.s            0x00000000   Number         0  entry9a.o ABSOLUTE
    ../clib/microlib/init/entry.s            0x00000000   Number         0  entry11b.o ABSOLUTE
    ../clib/microlib/init/entry.s            0x00000000   Number         0  entry11a.o ABSOLUTE
    ../clib/microlib/init/entry.s            0x00000000   Number         0  entry10b.o ABSOLUTE
    ../clib/microlib/init/entry.s            0x00000000   Number         0  entry10a.o ABSOLUTE
    ../clib/microlib/init/entry.s            0x00000000   Number         0  entry.o ABSOLUTE
    ../clib/microlib/init/entry.s            0x00000000   Number         0  entry9b.o ABSOLUTE
    ../clib/microlib/longlong.c              0x00000000   Number         0  llushr.o ABSOLUTE
    ../clib/microlib/longlong.c              0x00000000   Number         0  llsshr.o ABSOLUTE
    ../clib/microlib/longlong.c              0x00000000   Number         0  llshl.o ABSOLUTE
    ../clib/microlib/malloc/malloc.c         0x00000000   Number         0  mallocra.o ABSOLUTE
    ../clib/microlib/malloc/malloc.c         0x00000000   Number         0  mallocr.o ABSOLUTE
    ../clib/microlib/malloc/malloc.c         0x00000000   Number         0  malloca.o ABSOLUTE
    ../clib/microlib/malloc/malloc.c         0x00000000   Number         0  malloc.o ABSOLUTE
    ../clib/microlib/malloc/mvars.c          0x00000000   Number         0  mvars.o ABSOLUTE
    ../clib/microlib/printf/printf.c         0x00000000   Number         0  printf5.o ABSOLUTE
    ../clib/microlib/printf/printf.c         0x00000000   Number         0  printfb.o ABSOLUTE
    ../clib/microlib/printf/printf.c         0x00000000   Number         0  printf6.o ABSOLUTE
    ../clib/microlib/printf/printf.c         0x00000000   Number         0  printf4.o ABSOLUTE
    ../clib/microlib/printf/printf.c         0x00000000   Number         0  printf0.o ABSOLUTE
    ../clib/microlib/printf/printf.c         0x00000000   Number         0  printfa.o ABSOLUTE
    ../clib/microlib/printf/printf.c         0x00000000   Number         0  printf8.o ABSOLUTE
    ../clib/microlib/printf/printf.c         0x00000000   Number         0  printf7.o ABSOLUTE
    ../clib/microlib/printf/printf.c         0x00000000   Number         0  printf3.o ABSOLUTE
    ../clib/microlib/printf/printf.c         0x00000000   Number         0  printf2.o ABSOLUTE
    ../clib/microlib/printf/printf.c         0x00000000   Number         0  printf1.o ABSOLUTE
    ../clib/microlib/printf/stubs.s          0x00000000   Number         0  stubs.o ABSOLUTE
    ../clib/microlib/stdio/fputc.c           0x00000000   Number         0  fputc.o ABSOLUTE
    ../clib/microlib/stdio/semi.s            0x00000000   Number         0  semi.o ABSOLUTE
    ../clib/microlib/stdio/streams.c         0x00000000   Number         0  stdout.o ABSOLUTE
    ../clib/microlib/string/memcpy.c         0x00000000   Number         0  memcpyb.o ABSOLUTE
    ../clib/microlib/string/memcpy.c         0x00000000   Number         0  memcpya.o ABSOLUTE
    ../clib/microlib/stubs.s                 0x00000000   Number         0  iusesemip.o ABSOLUTE
    ../clib/microlib/stubs.s                 0x00000000   Number         0  iusefp.o ABSOLUTE
    ../fplib/microlib/fpadd.c                0x00000000   Number         0  dadd.o ABSOLUTE
    ../fplib/microlib/fpdiv.c                0x00000000   Number         0  ddiv.o ABSOLUTE
    ../fplib/microlib/fpepilogue.c           0x00000000   Number         0  fepilogue.o ABSOLUTE
    ../fplib/microlib/fpepilogue.c           0x00000000   Number         0  depilogue.o ABSOLUTE
    ../fplib/microlib/fpfix.c                0x00000000   Number         0  dfixul.o ABSOLUTE
    ../fplib/microlib/fpflt.c                0x00000000   Number         0  fflti.o ABSOLUTE
    ../fplib/microlib/fpmul.c                0x00000000   Number         0  dmul.o ABSOLUTE
    ..\Drivers\STM32F1xx_HAL_Driver\Src\stm32f1xx_hal.c 0x00000000   Number         0  stm32f1xx_hal.o ABSOLUTE
    ..\Drivers\STM32F1xx_HAL_Driver\Src\stm32f1xx_hal_adc.c 0x00000000   Number         0  stm32f1xx_hal_adc.o ABSOLUTE
    ..\Drivers\STM32F1xx_HAL_Driver\Src\stm32f1xx_hal_adc_ex.c 0x00000000   Number         0  stm32f1xx_hal_adc_ex.o ABSOLUTE
    ..\Drivers\STM32F1xx_HAL_Driver\Src\stm32f1xx_hal_cortex.c 0x00000000   Number         0  stm32f1xx_hal_cortex.o ABSOLUTE
    ..\Drivers\STM32F1xx_HAL_Driver\Src\stm32f1xx_hal_dac.c 0x00000000   Number         0  stm32f1xx_hal_dac.o ABSOLUTE
    ..\Drivers\STM32F1xx_HAL_Driver\Src\stm32f1xx_hal_dac_ex.c 0x00000000   Number         0  stm32f1xx_hal_dac_ex.o ABSOLUTE
    ..\Drivers\STM32F1xx_HAL_Driver\Src\stm32f1xx_hal_dma.c 0x00000000   Number         0  stm32f1xx_hal_dma.o ABSOLUTE
    ..\Drivers\STM32F1xx_HAL_Driver\Src\stm32f1xx_hal_flash.c 0x00000000   Number         0  stm32f1xx_hal_flash.o ABSOLUTE
    ..\Drivers\STM32F1xx_HAL_Driver\Src\stm32f1xx_hal_flash_ex.c 0x00000000   Number         0  stm32f1xx_hal_flash_ex.o ABSOLUTE
    ..\Drivers\STM32F1xx_HAL_Driver\Src\stm32f1xx_hal_gpio.c 0x00000000   Number         0  stm32f1xx_hal_gpio.o ABSOLUTE
    ..\Drivers\STM32F1xx_HAL_Driver\Src\stm32f1xx_hal_gpio_ex.c 0x00000000   Number         0  stm32f1xx_hal_gpio_ex.o ABSOLUTE
    ..\Drivers\STM32F1xx_HAL_Driver\Src\stm32f1xx_hal_pwr.c 0x00000000   Number         0  stm32f1xx_hal_pwr.o ABSOLUTE
    ..\Drivers\STM32F1xx_HAL_Driver\Src\stm32f1xx_hal_rcc.c 0x00000000   Number         0  stm32f1xx_hal_rcc.o ABSOLUTE
    ..\Drivers\STM32F1xx_HAL_Driver\Src\stm32f1xx_hal_rcc_ex.c 0x00000000   Number         0  stm32f1xx_hal_rcc_ex.o ABSOLUTE
    ..\Drivers\STM32F1xx_HAL_Driver\Src\stm32f1xx_hal_spi.c 0x00000000   Number         0  stm32f1xx_hal_spi.o ABSOLUTE
    ..\Drivers\STM32F1xx_HAL_Driver\Src\stm32f1xx_hal_spi_ex.c 0x00000000   Number         0  stm32f1xx_hal_spi_ex.o ABSOLUTE
    ..\Drivers\STM32F1xx_HAL_Driver\Src\stm32f1xx_hal_tim.c 0x00000000   Number         0  stm32f1xx_hal_tim.o ABSOLUTE
    ..\Drivers\STM32F1xx_HAL_Driver\Src\stm32f1xx_hal_tim_ex.c 0x00000000   Number         0  stm32f1xx_hal_tim_ex.o ABSOLUTE
    ..\Drivers\STM32F1xx_HAL_Driver\Src\stm32f1xx_hal_uart.c 0x00000000   Number         0  stm32f1xx_hal_uart.o ABSOLUTE
    ..\Src\Audio.c                           0x00000000   Number         0  audio.o ABSOLUTE
    ..\Src\FatFS\SD_functions.c              0x00000000   Number         0  sd_functions.o ABSOLUTE
    ..\Src\FatFS\Src\diskio.c                0x00000000   Number         0  diskio.o ABSOLUTE
    ..\Src\FatFS\Src\fat_sd_spi.c            0x00000000   Number         0  fat_sd_spi.o ABSOLUTE
    ..\Src\FatFS\Src\ff.c                    0x00000000   Number         0  ff.o ABSOLUTE
    ..\Src\FatFS\Src\ffsystem.c              0x00000000   Number         0  ffsystem.o ABSOLUTE
    ..\Src\FatFS\Src\ffunicode.c             0x00000000   Number         0  ffunicode.o ABSOLUTE
    ..\Src\FatFS\Src\syscall.c               0x00000000   Number         0  syscall.o ABSOLUTE
    ..\Src\FatFS\Src\unicode.c               0x00000000   Number         0  unicode.o ABSOLUTE
    ..\Src\Keypad.c                          0x00000000   Number         0  keypad.o ABSOLUTE
    ..\Src\LCD\ILI9341_GFX.c                 0x00000000   Number         0  ili9341_gfx.o ABSOLUTE
    ..\Src\LCD\ILI9341_STM32_Driver.c        0x00000000   Number         0  ili9341_stm32_driver.o ABSOLUTE
    ..\Src\Master.c                          0x00000000   Number         0  master.o ABSOLUTE
    ..\Src\adc.c                             0x00000000   Number         0  adc.o ABSOLUTE
    ..\Src\dac.c                             0x00000000   Number         0  dac.o ABSOLUTE
    ..\Src\dma.c                             0x00000000   Number         0  dma.o ABSOLUTE
    ..\Src\gpio.c                            0x00000000   Number         0  gpio.o ABSOLUTE
    ..\Src\main.c                            0x00000000   Number         0  main.o ABSOLUTE
    ..\Src\spi.c                             0x00000000   Number         0  spi.o ABSOLUTE
    ..\Src\stm32f1xx_hal_msp.c               0x00000000   Number         0  stm32f1xx_hal_msp.o ABSOLUTE
    ..\Src\stm32f1xx_it.c                    0x00000000   Number         0  stm32f1xx_it.o ABSOLUTE
    ..\Src\system_stm32f1xx.c                0x00000000   Number         0  system_stm32f1xx.o ABSOLUTE
    ..\Src\tim.c                             0x00000000   Number         0  tim.o ABSOLUTE
    ..\Src\usart.c                           0x00000000   Number         0  usart.o ABSOLUTE
    ..\\Src\\Audio.c                         0x00000000   Number         0  audio.o ABSOLUTE
    ..\\Src\\FatFS\\SD_functions.c           0x00000000   Number         0  sd_functions.o ABSOLUTE
    ..\\Src\\FatFS\\Src\\diskio.c            0x00000000   Number         0  diskio.o ABSOLUTE
    ..\\Src\\FatFS\\Src\\fat_sd_spi.c        0x00000000   Number         0  fat_sd_spi.o ABSOLUTE
    ..\\Src\\FatFS\\Src\\ff.c                0x00000000   Number         0  ff.o ABSOLUTE
    ..\\Src\\FatFS\\Src\\ffsystem.c          0x00000000   Number         0  ffsystem.o ABSOLUTE
    ..\\Src\\FatFS\\Src\\ffunicode.c         0x00000000   Number         0  ffunicode.o ABSOLUTE
    ..\\Src\\FatFS\\Src\\syscall.c           0x00000000   Number         0  syscall.o ABSOLUTE
    ..\\Src\\FatFS\\Src\\unicode.c           0x00000000   Number         0  unicode.o ABSOLUTE
    ..\\Src\\Keypad.c                        0x00000000   Number         0  keypad.o ABSOLUTE
    ..\\Src\\LCD\\ILI9341_GFX.c              0x00000000   Number         0  ili9341_gfx.o ABSOLUTE
    ..\\Src\\LCD\\ILI9341_STM32_Driver.c     0x00000000   Number         0  ili9341_stm32_driver.o ABSOLUTE
    ..\\Src\\Master.c                        0x00000000   Number         0  master.o ABSOLUTE
    cdrcmple.s                               0x00000000   Number         0  cdrcmple.o ABSOLUTE
    dc.s                                     0x00000000   Number         0  dc.o ABSOLUTE
    handlers.s                               0x00000000   Number         0  handlers.o ABSOLUTE
    init.s                                   0x00000000   Number         0  init.o ABSOLUTE
    startup_stm32f103xe.s                    0x00000000   Number         0  startup_stm32f103xe.o ABSOLUTE
    RESET                                    0x08000000   Section      304  startup_stm32f103xe.o(RESET)
    .ARM.Collect$$$$00000000                 0x08000130   Section        0  entry.o(.ARM.Collect$$$$00000000)
    .ARM.Collect$$$$00000001                 0x08000130   Section        4  entry2.o(.ARM.Collect$$$$00000001)
    .ARM.Collect$$$$00000004                 0x08000134   Section        4  entry5.o(.ARM.Collect$$$$00000004)
    .ARM.Collect$$$$00000008                 0x08000138   Section        0  entry7b.o(.ARM.Collect$$$$00000008)
    .ARM.Collect$$$$0000000A                 0x08000138   Section        0  entry8b.o(.ARM.Collect$$$$0000000A)
    .ARM.Collect$$$$0000000B                 0x08000138   Section        8  entry9a.o(.ARM.Collect$$$$0000000B)
    .ARM.Collect$$$$0000000D                 0x08000140   Section        0  entry10a.o(.ARM.Collect$$$$0000000D)
    .ARM.Collect$$$$0000000F                 0x08000140   Section        0  entry11a.o(.ARM.Collect$$$$0000000F)
    .ARM.Collect$$$$00002712                 0x08000140   Section        4  entry2.o(.ARM.Collect$$$$00002712)
    __lit__00000000                          0x08000140   Data           4  entry2.o(.ARM.Collect$$$$00002712)
    .text                                    0x08000144   Section       36  startup_stm32f103xe.o(.text)
    .text                                    0x08000168   Section        0  uidiv.o(.text)
    .text                                    0x08000194   Section       36  init.o(.text)
    i.ADC_ConversionStop_Disable             0x080001b8   Section        0  stm32f1xx_hal_adc.o(i.ADC_ConversionStop_Disable)
    i.BusFault_Handler                       0x08000204   Section        0  stm32f1xx_it.o(i.BusFault_Handler)
    i.DAC_DMAConvCpltCh1                     0x08000206   Section        0  stm32f1xx_hal_dac.o(i.DAC_DMAConvCpltCh1)
    i.DAC_DMAConvCpltCh2                     0x08000216   Section        0  stm32f1xx_hal_dac_ex.o(i.DAC_DMAConvCpltCh2)
    i.DAC_DMAErrorCh1                        0x08000226   Section        0  stm32f1xx_hal_dac.o(i.DAC_DMAErrorCh1)
    i.DAC_DMAErrorCh2                        0x0800023e   Section        0  stm32f1xx_hal_dac_ex.o(i.DAC_DMAErrorCh2)
    i.DAC_DMAHalfConvCpltCh1                 0x08000256   Section        0  stm32f1xx_hal_dac.o(i.DAC_DMAHalfConvCpltCh1)
    i.DAC_DMAHalfConvCpltCh2                 0x08000260   Section        0  stm32f1xx_hal_dac_ex.o(i.DAC_DMAHalfConvCpltCh2)
    i.DMA1_Channel1_IRQHandler               0x0800026c   Section        0  stm32f1xx_it.o(i.DMA1_Channel1_IRQHandler)
    i.DMA1_Channel6_IRQHandler               0x08000278   Section        0  stm32f1xx_it.o(i.DMA1_Channel6_IRQHandler)
    i.DMA1_Channel7_IRQHandler               0x08000284   Section        0  stm32f1xx_it.o(i.DMA1_Channel7_IRQHandler)
    i.DMA2_Channel3_IRQHandler               0x08000290   Section        0  stm32f1xx_it.o(i.DMA2_Channel3_IRQHandler)
    i.DMA_SetConfig                          0x0800029c   Section        0  stm32f1xx_hal_dma.o(i.DMA_SetConfig)
    DMA_SetConfig                            0x0800029d   Thumb Code    42  stm32f1xx_hal_dma.o(i.DMA_SetConfig)
    i.DebugMon_Handler                       0x080002c6   Section        0  stm32f1xx_it.o(i.DebugMon_Handler)
    i.GetNewData                             0x080002c8   Section        0  master.o(i.GetNewData)
    i.HAL_ADC_ConfigChannel                  0x0800034c   Section        0  stm32f1xx_hal_adc.o(i.HAL_ADC_ConfigChannel)
    i.HAL_ADC_Init                           0x08000448   Section        0  stm32f1xx_hal_adc.o(i.HAL_ADC_Init)
    i.HAL_ADC_MspInit                        0x0800056c   Section        0  adc.o(i.HAL_ADC_MspInit)
    i.HAL_DACEx_ConvCpltCallbackCh2          0x080005f8   Section        0  stm32f1xx_hal_dac_ex.o(i.HAL_DACEx_ConvCpltCallbackCh2)
    i.HAL_DACEx_ConvHalfCpltCallbackCh2      0x080005fa   Section        0  stm32f1xx_hal_dac_ex.o(i.HAL_DACEx_ConvHalfCpltCallbackCh2)
    i.HAL_DACEx_ErrorCallbackCh2             0x080005fc   Section        0  stm32f1xx_hal_dac_ex.o(i.HAL_DACEx_ErrorCallbackCh2)
    i.HAL_DAC_ConfigChannel                  0x080005fe   Section        0  stm32f1xx_hal_dac.o(i.HAL_DAC_ConfigChannel)
    i.HAL_DAC_ConvCpltCallbackCh1            0x08000640   Section        0  stm32f1xx_hal_dac.o(i.HAL_DAC_ConvCpltCallbackCh1)
    i.HAL_DAC_ConvHalfCpltCallbackCh1        0x08000642   Section        0  stm32f1xx_hal_dac.o(i.HAL_DAC_ConvHalfCpltCallbackCh1)
    i.HAL_DAC_ErrorCallbackCh1               0x08000644   Section        0  stm32f1xx_hal_dac.o(i.HAL_DAC_ErrorCallbackCh1)
    i.HAL_DAC_Init                           0x08000646   Section        0  stm32f1xx_hal_dac.o(i.HAL_DAC_Init)
    i.HAL_DAC_MspInit                        0x08000670   Section        0  dac.o(i.HAL_DAC_MspInit)
    i.HAL_DAC_Start_DMA                      0x080006fc   Section        0  stm32f1xx_hal_dac.o(i.HAL_DAC_Start_DMA)
    i.HAL_DMA_Abort                          0x080007e8   Section        0  stm32f1xx_hal_dma.o(i.HAL_DMA_Abort)
    i.HAL_DMA_Abort_IT                       0x08000818   Section        0  stm32f1xx_hal_dma.o(i.HAL_DMA_Abort_IT)
    i.HAL_DMA_IRQHandler                     0x08000948   Section        0  stm32f1xx_hal_dma.o(i.HAL_DMA_IRQHandler)
    i.HAL_DMA_Init                           0x08000b90   Section        0  stm32f1xx_hal_dma.o(i.HAL_DMA_Init)
    i.HAL_DMA_Start_IT                       0x08000c14   Section        0  stm32f1xx_hal_dma.o(i.HAL_DMA_Start_IT)
    i.HAL_Delay                              0x08000c84   Section        0  stm32f1xx_hal.o(i.HAL_Delay)
    i.HAL_GPIO_Init                          0x08000ca0   Section        0  stm32f1xx_hal_gpio.o(i.HAL_GPIO_Init)
    i.HAL_GPIO_ReadPin                       0x08000e88   Section        0  stm32f1xx_hal_gpio.o(i.HAL_GPIO_ReadPin)
    i.HAL_GPIO_WritePin                      0x08000e92   Section        0  stm32f1xx_hal_gpio.o(i.HAL_GPIO_WritePin)
    i.HAL_GetTick                            0x08000e9c   Section        0  stm32f1xx_hal.o(i.HAL_GetTick)
    i.HAL_IncTick                            0x08000ea8   Section        0  stm32f1xx_hal.o(i.HAL_IncTick)
    i.HAL_Init                               0x08000eb8   Section        0  stm32f1xx_hal.o(i.HAL_Init)
    i.HAL_InitTick                           0x08000edc   Section        0  stm32f1xx_hal.o(i.HAL_InitTick)
    i.HAL_MspInit                            0x08000f04   Section        0  stm32f1xx_hal_msp.o(i.HAL_MspInit)
    i.HAL_NVIC_EnableIRQ                     0x08000f88   Section        0  stm32f1xx_hal_cortex.o(i.HAL_NVIC_EnableIRQ)
    i.HAL_NVIC_SetPriority                   0x08000fa0   Section        0  stm32f1xx_hal_cortex.o(i.HAL_NVIC_SetPriority)
    i.HAL_NVIC_SetPriorityGrouping           0x08000fe0   Section        0  stm32f1xx_hal_cortex.o(i.HAL_NVIC_SetPriorityGrouping)
    i.HAL_RCCEx_PeriphCLKConfig              0x08001004   Section        0  stm32f1xx_hal_rcc_ex.o(i.HAL_RCCEx_PeriphCLKConfig)
    i.HAL_RCC_ClockConfig                    0x080010f0   Section        0  stm32f1xx_hal_rcc.o(i.HAL_RCC_ClockConfig)
    i.HAL_RCC_GetHCLKFreq                    0x08001244   Section        0  stm32f1xx_hal_rcc.o(i.HAL_RCC_GetHCLKFreq)
    i.HAL_RCC_GetPCLK1Freq                   0x08001250   Section        0  stm32f1xx_hal_rcc.o(i.HAL_RCC_GetPCLK1Freq)
    i.HAL_RCC_GetPCLK2Freq                   0x08001270   Section        0  stm32f1xx_hal_rcc.o(i.HAL_RCC_GetPCLK2Freq)
    i.HAL_RCC_GetSysClockFreq                0x08001290   Section        0  stm32f1xx_hal_rcc.o(i.HAL_RCC_GetSysClockFreq)
    i.HAL_RCC_OscConfig                      0x080012fc   Section        0  stm32f1xx_hal_rcc.o(i.HAL_RCC_OscConfig)
    i.HAL_SPI_Init                           0x08001600   Section        0  stm32f1xx_hal_spi_ex.o(i.HAL_SPI_Init)
    i.HAL_SPI_MspInit                        0x08001684   Section        0  spi.o(i.HAL_SPI_MspInit)
    i.HAL_SPI_Transmit                       0x0800170c   Section        0  stm32f1xx_hal_spi.o(i.HAL_SPI_Transmit)
    i.HAL_SYSTICK_CLKSourceConfig            0x08001874   Section        0  stm32f1xx_hal_cortex.o(i.HAL_SYSTICK_CLKSourceConfig)
    i.HAL_SYSTICK_Callback                   0x0800188c   Section        0  stm32f1xx_hal_cortex.o(i.HAL_SYSTICK_Callback)
    i.HAL_SYSTICK_Config                     0x0800188e   Section        0  stm32f1xx_hal_cortex.o(i.HAL_SYSTICK_Config)
    i.HAL_SYSTICK_IRQHandler                 0x080018b6   Section        0  stm32f1xx_hal_cortex.o(i.HAL_SYSTICK_IRQHandler)
    i.HAL_TIMEx_BreakCallback                0x080018be   Section        0  stm32f1xx_hal_tim_ex.o(i.HAL_TIMEx_BreakCallback)
    i.HAL_TIMEx_CommutationCallback          0x080018c0   Section        0  stm32f1xx_hal_tim_ex.o(i.HAL_TIMEx_CommutationCallback)
    i.HAL_TIMEx_MasterConfigSynchronization  0x080018c2   Section        0  stm32f1xx_hal_tim_ex.o(i.HAL_TIMEx_MasterConfigSynchronization)
    i.HAL_TIM_Base_Init                      0x08001912   Section        0  stm32f1xx_hal_tim.o(i.HAL_TIM_Base_Init)
    i.HAL_TIM_Base_MspInit                   0x08001948   Section        0  tim.o(i.HAL_TIM_Base_MspInit)
    i.HAL_TIM_Base_Stop_IT                   0x080019c4   Section        0  stm32f1xx_hal_tim.o(i.HAL_TIM_Base_Stop_IT)
    i.HAL_TIM_ConfigClockSource              0x080019ee   Section        0  stm32f1xx_hal_tim.o(i.HAL_TIM_ConfigClockSource)
    i.HAL_TIM_IC_CaptureCallback             0x08001ae0   Section        0  stm32f1xx_hal_tim.o(i.HAL_TIM_IC_CaptureCallback)
    i.HAL_TIM_IRQHandler                     0x08001ae2   Section        0  stm32f1xx_hal_tim.o(i.HAL_TIM_IRQHandler)
    i.HAL_TIM_OC_DelayElapsedCallback        0x08001c48   Section        0  stm32f1xx_hal_tim.o(i.HAL_TIM_OC_DelayElapsedCallback)
    i.HAL_TIM_PWM_PulseFinishedCallback      0x08001c4a   Section        0  stm32f1xx_hal_tim.o(i.HAL_TIM_PWM_PulseFinishedCallback)
    i.HAL_TIM_PeriodElapsedCallback          0x08001c4c   Section        0  main.o(i.HAL_TIM_PeriodElapsedCallback)
    i.HAL_TIM_TriggerCallback                0x08001ce8   Section        0  stm32f1xx_hal_tim.o(i.HAL_TIM_TriggerCallback)
    i.HAL_UART_Abort                         0x08001cea   Section        0  stm32f1xx_hal_uart.o(i.HAL_UART_Abort)
    i.HAL_UART_ErrorCallback                 0x08001d52   Section        0  stm32f1xx_hal_uart.o(i.HAL_UART_ErrorCallback)
    i.HAL_UART_IRQHandler                    0x08001d54   Section        0  stm32f1xx_hal_uart.o(i.HAL_UART_IRQHandler)
    i.HAL_UART_Init                          0x08001e64   Section        0  stm32f1xx_hal_uart.o(i.HAL_UART_Init)
    i.HAL_UART_MspInit                       0x08001ec8   Section        0  usart.o(i.HAL_UART_MspInit)
    i.HAL_UART_RxCpltCallback                0x08001fa0   Section        0  main.o(i.HAL_UART_RxCpltCallback)
    i.HAL_UART_TxCpltCallback                0x08002030   Section        0  main.o(i.HAL_UART_TxCpltCallback)
    i.HardFault_Handler                      0x08002060   Section        0  stm32f1xx_it.o(i.HardFault_Handler)
    i.ILI9341_Draw_Char                      0x08002064   Section        0  ili9341_gfx.o(i.ILI9341_Draw_Char)
    i.ILI9341_Draw_Colour_Burst              0x0800210c   Section        0  ili9341_stm32_driver.o(i.ILI9341_Draw_Colour_Burst)
    i.ILI9341_Draw_Pixel                     0x080021b0   Section        0  ili9341_stm32_driver.o(i.ILI9341_Draw_Pixel)
    i.ILI9341_Draw_Rectangle                 0x08002308   Section        0  ili9341_stm32_driver.o(i.ILI9341_Draw_Rectangle)
    i.ILI9341_Draw_Text                      0x08002368   Section        0  ili9341_gfx.o(i.ILI9341_Draw_Text)
    i.ILI9341_Enable                         0x080023a0   Section        0  ili9341_stm32_driver.o(i.ILI9341_Enable)
    i.ILI9341_Fill_Screen                    0x080023b0   Section        0  ili9341_stm32_driver.o(i.ILI9341_Fill_Screen)
    i.ILI9341_Init                           0x080023d8   Section        0  ili9341_stm32_driver.o(i.ILI9341_Init)
    i.ILI9341_Reset                          0x080025f0   Section        0  ili9341_stm32_driver.o(i.ILI9341_Reset)
    i.ILI9341_SPI_Init                       0x08002628   Section        0  ili9341_stm32_driver.o(i.ILI9341_SPI_Init)
    i.ILI9341_SPI_Send                       0x08002648   Section        0  ili9341_stm32_driver.o(i.ILI9341_SPI_Send)
    i.ILI9341_Set_Address                    0x0800265c   Section        0  ili9341_stm32_driver.o(i.ILI9341_Set_Address)
    i.ILI9341_Set_Rotation                   0x080026b0   Section        0  ili9341_stm32_driver.o(i.ILI9341_Set_Rotation)
    i.ILI9341_Write_Command                  0x08002700   Section        0  ili9341_stm32_driver.o(i.ILI9341_Write_Command)
    i.ILI9341_Write_Data                     0x08002738   Section        0  ili9341_stm32_driver.o(i.ILI9341_Write_Data)
    i.MX_ADC1_Init                           0x0800276c   Section        0  adc.o(i.MX_ADC1_Init)
    i.MX_DAC_Init                            0x080027dc   Section        0  dac.o(i.MX_DAC_Init)
    i.MX_DMA_Init                            0x0800282c   Section        0  dma.o(i.MX_DMA_Init)
    i.MX_GPIO_Init                           0x08002898   Section        0  gpio.o(i.MX_GPIO_Init)
    i.MX_SPI2_Init                           0x08002980   Section        0  spi.o(i.MX_SPI2_Init)
    i.MX_SPI3_Init                           0x080029d8   Section        0  spi.o(i.MX_SPI3_Init)
    i.MX_TIM5_Init                           0x08002a30   Section        0  tim.o(i.MX_TIM5_Init)
    i.MX_TIM7_Init                           0x08002aa8   Section        0  tim.o(i.MX_TIM7_Init)
    i.MX_TIM8_Init                           0x08002b04   Section        0  tim.o(i.MX_TIM8_Init)
    i.MX_USART2_UART_Init                    0x08002b80   Section        0  usart.o(i.MX_USART2_UART_Init)
    i.MemManage_Handler                      0x08002bcc   Section        0  stm32f1xx_it.o(i.MemManage_Handler)
    i.NMI_Handler                            0x08002bce   Section        0  stm32f1xx_it.o(i.NMI_Handler)
    i.NVIC_SetPriority                       0x08002bd0   Section        0  stm32f1xx_hal_cortex.o(i.NVIC_SetPriority)
    NVIC_SetPriority                         0x08002bd1   Thumb Code    32  stm32f1xx_hal_cortex.o(i.NVIC_SetPriority)
    i.PendSV_Handler                         0x08002bf0   Section        0  stm32f1xx_it.o(i.PendSV_Handler)
    i.SPI_CheckFlag_BSY                      0x08002bf2   Section        0  stm32f1xx_hal_spi.o(i.SPI_CheckFlag_BSY)
    SPI_CheckFlag_BSY                        0x08002bf3   Thumb Code    32  stm32f1xx_hal_spi.o(i.SPI_CheckFlag_BSY)
    i.SPI_WaitFlagStateUntilTimeout          0x08002c12   Section        0  stm32f1xx_hal_spi.o(i.SPI_WaitFlagStateUntilTimeout)
    SPI_WaitFlagStateUntilTimeout            0x08002c13   Thumb Code   150  stm32f1xx_hal_spi.o(i.SPI_WaitFlagStateUntilTimeout)
    i.SVC_Handler                            0x08002ca8   Section        0  stm32f1xx_it.o(i.SVC_Handler)
    i.SysTick_Handler                        0x08002caa   Section        0  stm32f1xx_it.o(i.SysTick_Handler)
    i.SystemClock_Config                     0x08002cb8   Section        0  main.o(i.SystemClock_Config)
    i.SystemInit                             0x08002d30   Section        0  system_stm32f1xx.o(i.SystemInit)
    i.TIM5_IRQHandler                        0x08002d78   Section        0  stm32f1xx_it.o(i.TIM5_IRQHandler)
    i.TIM7_IRQHandler                        0x08002d84   Section        0  stm32f1xx_it.o(i.TIM7_IRQHandler)
    i.TIM_Base_SetConfig                     0x08002d90   Section        0  stm32f1xx_hal_tim.o(i.TIM_Base_SetConfig)
    i.TIM_ETR_SetConfig                      0x08002e1c   Section        0  stm32f1xx_hal_tim.o(i.TIM_ETR_SetConfig)
    TIM_ETR_SetConfig                        0x08002e1d   Thumb Code    20  stm32f1xx_hal_tim.o(i.TIM_ETR_SetConfig)
    i.TIM_ITRx_SetConfig                     0x08002e30   Section        0  stm32f1xx_hal_tim.o(i.TIM_ITRx_SetConfig)
    TIM_ITRx_SetConfig                       0x08002e31   Thumb Code    16  stm32f1xx_hal_tim.o(i.TIM_ITRx_SetConfig)
    i.TIM_TI1_ConfigInputStage               0x08002e40   Section        0  stm32f1xx_hal_tim.o(i.TIM_TI1_ConfigInputStage)
    TIM_TI1_ConfigInputStage                 0x08002e41   Thumb Code    34  stm32f1xx_hal_tim.o(i.TIM_TI1_ConfigInputStage)
    i.TIM_TI2_ConfigInputStage               0x08002e62   Section        0  stm32f1xx_hal_tim.o(i.TIM_TI2_ConfigInputStage)
    TIM_TI2_ConfigInputStage                 0x08002e63   Thumb Code    36  stm32f1xx_hal_tim.o(i.TIM_TI2_ConfigInputStage)
    i.UART_DMAAbortOnError                   0x08002e86   Section        0  stm32f1xx_hal_uart.o(i.UART_DMAAbortOnError)
    UART_DMAAbortOnError                     0x08002e87   Thumb Code    16  stm32f1xx_hal_uart.o(i.UART_DMAAbortOnError)
    i.UART_EndRxTransfer                     0x08002e96   Section        0  stm32f1xx_hal_uart.o(i.UART_EndRxTransfer)
    UART_EndRxTransfer                       0x08002e97   Thumb Code    28  stm32f1xx_hal_uart.o(i.UART_EndRxTransfer)
    i.UART_Receive_IT                        0x08002eb2   Section        0  stm32f1xx_hal_uart.o(i.UART_Receive_IT)
    UART_Receive_IT                          0x08002eb3   Thumb Code   150  stm32f1xx_hal_uart.o(i.UART_Receive_IT)
    i.UART_SetConfig                         0x08002f48   Section        0  stm32f1xx_hal_uart.o(i.UART_SetConfig)
    UART_SetConfig                           0x08002f49   Thumb Code   364  stm32f1xx_hal_uart.o(i.UART_SetConfig)
    i.UART_Transmit_IT                       0x080030b8   Section        0  stm32f1xx_hal_uart.o(i.UART_Transmit_IT)
    UART_Transmit_IT                         0x080030b9   Thumb Code    98  stm32f1xx_hal_uart.o(i.UART_Transmit_IT)
    i.USART2_IRQHandler                      0x0800311c   Section        0  stm32f1xx_it.o(i.USART2_IRQHandler)
    i.UsageFault_Handler                     0x08003128   Section        0  stm32f1xx_it.o(i.UsageFault_Handler)
    i._Error_Handler                         0x0800312a   Section        0  main.o(i._Error_Handler)
    i.__0sprintf$6                           0x0800312c   Section        0  printf6.o(i.__0sprintf$6)
    i.__scatterload_copy                     0x08003154   Section       14  handlers.o(i.__scatterload_copy)
    i.__scatterload_null                     0x08003162   Section        2  handlers.o(i.__scatterload_null)
    i.__scatterload_zeroinit                 0x08003164   Section       14  handlers.o(i.__scatterload_zeroinit)
    i._printf_core                           0x08003174   Section        0  printf6.o(i._printf_core)
    _printf_core                             0x08003175   Thumb Code   748  printf6.o(i._printf_core)
    i._printf_post_padding                   0x08003464   Section        0  printf6.o(i._printf_post_padding)
    _printf_post_padding                     0x08003465   Thumb Code    36  printf6.o(i._printf_post_padding)
    i._printf_pre_padding                    0x08003488   Section        0  printf6.o(i._printf_pre_padding)
    _printf_pre_padding                      0x08003489   Thumb Code    46  printf6.o(i._printf_pre_padding)
    i._sputc                                 0x080034b6   Section        0  printf6.o(i._sputc)
    _sputc                                   0x080034b7   Thumb Code    10  printf6.o(i._sputc)
    i.free                                   0x080034c0   Section        0  malloc.o(i.free)
    i.function                               0x08003510   Section        0  keypad.o(i.function)
    i.main                                   0x08003bb4   Section        0  main.o(i.main)
    i.malloc                                 0x08003ca4   Section        0  malloc.o(i.malloc)
    .constdata                               0x08003d10   Section      576  ili9341_gfx.o(.constdata)
    font                                     0x08003d10   Data         576  ili9341_gfx.o(.constdata)
    .constdata                               0x08003f50   Section       16  system_stm32f1xx.o(.constdata)
    .constdata                               0x08003f60   Section        8  system_stm32f1xx.o(.constdata)
    .data                                    0x20000000   Section        4  stm32f1xx_hal.o(.data)
    .data                                    0x20000004   Section        4  ili9341_stm32_driver.o(.data)
    .data                                    0x20000008   Section        1  master.o(.data)
    .data                                    0x2000000c   Section        4  system_stm32f1xx.o(.data)
    .data                                    0x20000010   Section        3  main.o(.data)
    .data                                    0x20000014   Section        4  mvars.o(.data)
    .data                                    0x20000018   Section        4  mvars.o(.data)
    .bss                                     0x2000001c   Section     1368  master.o(.bss)
    .bss                                     0x20000574   Section       88  dac.o(.bss)
    .bss                                     0x200005cc   Section      192  tim.o(.bss)
    .bss                                     0x2000068c   Section      176  spi.o(.bss)
    .bss                                     0x2000073c   Section      116  adc.o(.bss)
    .bss                                     0x200007b0   Section     9640  main.o(.bss)
    .bss                                     0x20002d58   Section      200  usart.o(.bss)
    HEAP                                     0x20002e20   Section      512  startup_stm32f103xe.o(HEAP)
    STACK                                    0x20003020   Section     1024  startup_stm32f103xe.o(STACK)

    Global Symbols

    Symbol Name                              Value     Ov Type        Size  Object(Section)

    BuildAttributes$$THM_ISAv4$P$D$K$B$S$PE$A:L22UL41UL21$X:L11$S22US41US21$IEEE1$IW$USESV6$~STKCKD$USESV7$~SHL$OTIME$ROPI$EBA8$MICROLIB$REQ8$PRES8$EABIv2 0x00000000   Number         0  anon$$obj.o ABSOLUTE
    __ARM_use_no_argv                        0x00000000   Number         0  main.o ABSOLUTE
    _printf_a                                0x00000000   Number         0  stubs.o ABSOLUTE
    _printf_c                                0x00000000   Number         0  stubs.o ABSOLUTE
    _printf_charcount                        0x00000000   Number         0  stubs.o ABSOLUTE
    _printf_d                                0x00000000   Number         0  stubs.o ABSOLUTE
    _printf_e                                0x00000000   Number         0  stubs.o ABSOLUTE
    _printf_f                                0x00000000   Number         0  stubs.o ABSOLUTE
    _printf_flags                            0x00000000   Number         0  stubs.o ABSOLUTE
    _printf_fp_dec                           0x00000000   Number         0  stubs.o ABSOLUTE
    _printf_fp_hex                           0x00000000   Number         0  stubs.o ABSOLUTE
    _printf_g                                0x00000000   Number         0  stubs.o ABSOLUTE
    _printf_i                                0x00000000   Number         0  stubs.o ABSOLUTE
    _printf_int_dec                          0x00000000   Number         0  stubs.o ABSOLUTE
    _printf_l                                0x00000000   Number         0  stubs.o ABSOLUTE
    _printf_lc                               0x00000000   Number         0  stubs.o ABSOLUTE
    _printf_ll                               0x00000000   Number         0  stubs.o ABSOLUTE
    _printf_lld                              0x00000000   Number         0  stubs.o ABSOLUTE
    _printf_lli                              0x00000000   Number         0  stubs.o ABSOLUTE
    _printf_llo                              0x00000000   Number         0  stubs.o ABSOLUTE
    _printf_llu                              0x00000000   Number         0  stubs.o ABSOLUTE
    _printf_llx                              0x00000000   Number         0  stubs.o ABSOLUTE
    _printf_longlong_dec                     0x00000000   Number         0  stubs.o ABSOLUTE
    _printf_longlong_hex                     0x00000000   Number         0  stubs.o ABSOLUTE
    _printf_longlong_oct                     0x00000000   Number         0  stubs.o ABSOLUTE
    _printf_ls                               0x00000000   Number         0  stubs.o ABSOLUTE
    _printf_mbtowc                           0x00000000   Number         0  stubs.o ABSOLUTE
    _printf_n                                0x00000000   Number         0  stubs.o ABSOLUTE
    _printf_o                                0x00000000   Number         0  stubs.o ABSOLUTE
    _printf_p                                0x00000000   Number         0  stubs.o ABSOLUTE
    _printf_percent                          0x00000000   Number         0  stubs.o ABSOLUTE
    _printf_pre_padding                      0x00000000   Number         0  stubs.o ABSOLUTE
    _printf_return_value                     0x00000000   Number         0  stubs.o ABSOLUTE
    _printf_s                                0x00000000   Number         0  stubs.o ABSOLUTE
    _printf_sizespec                         0x00000000   Number         0  stubs.o ABSOLUTE
    _printf_str                              0x00000000   Number         0  stubs.o ABSOLUTE
    _printf_truncate_signed                  0x00000000   Number         0  stubs.o ABSOLUTE
    _printf_truncate_unsigned                0x00000000   Number         0  stubs.o ABSOLUTE
    _printf_u                                0x00000000   Number         0  stubs.o ABSOLUTE
    _printf_wc                               0x00000000   Number         0  stubs.o ABSOLUTE
    _printf_wctomb                           0x00000000   Number         0  stubs.o ABSOLUTE
    _printf_widthprec                        0x00000000   Number         0  stubs.o ABSOLUTE
    _printf_x                                0x00000000   Number         0  stubs.o ABSOLUTE
    __cpp_initialize__aeabi_                  - Undefined Weak Reference
    __cxa_finalize                            - Undefined Weak Reference
    __decompress                              - Undefined Weak Reference
    _clock_init                               - Undefined Weak Reference
    _microlib_exit                            - Undefined Weak Reference
    __Vectors_Size                           0x00000130   Number         0  startup_stm32f103xe.o ABSOLUTE
    __Vectors                                0x08000000   Data           4  startup_stm32f103xe.o(RESET)
    __Vectors_End                            0x08000130   Data           0  startup_stm32f103xe.o(RESET)
    __main                                   0x08000131   Thumb Code     0  entry.o(.ARM.Collect$$$$00000000)
    _main_stk                                0x08000131   Thumb Code     0  entry2.o(.ARM.Collect$$$$00000001)
    _main_scatterload                        0x08000135   Thumb Code     0  entry5.o(.ARM.Collect$$$$00000004)
    __main_after_scatterload                 0x08000139   Thumb Code     0  entry5.o(.ARM.Collect$$$$00000004)
    _main_clock                              0x08000139   Thumb Code     0  entry7b.o(.ARM.Collect$$$$00000008)
    _main_cpp_init                           0x08000139   Thumb Code     0  entry8b.o(.ARM.Collect$$$$0000000A)
    _main_init                               0x08000139   Thumb Code     0  entry9a.o(.ARM.Collect$$$$0000000B)
    __rt_final_cpp                           0x08000141   Thumb Code     0  entry10a.o(.ARM.Collect$$$$0000000D)
    __rt_final_exit                          0x08000141   Thumb Code     0  entry11a.o(.ARM.Collect$$$$0000000F)
    Reset_Handler                            0x08000145   Thumb Code     8  startup_stm32f103xe.o(.text)
    ADC1_2_IRQHandler                        0x0800015f   Thumb Code     0  startup_stm32f103xe.o(.text)
    ADC3_IRQHandler                          0x0800015f   Thumb Code     0  startup_stm32f103xe.o(.text)
    CAN1_RX1_IRQHandler                      0x0800015f   Thumb Code     0  startup_stm32f103xe.o(.text)
    CAN1_SCE_IRQHandler                      0x0800015f   Thumb Code     0  startup_stm32f103xe.o(.text)
    DMA1_Channel2_IRQHandler                 0x0800015f   Thumb Code     0  startup_stm32f103xe.o(.text)
    DMA1_Channel3_IRQHandler                 0x0800015f   Thumb Code     0  startup_stm32f103xe.o(.text)
    DMA1_Channel4_IRQHandler                 0x0800015f   Thumb Code     0  startup_stm32f103xe.o(.text)
    DMA1_Channel5_IRQHandler                 0x0800015f   Thumb Code     0  startup_stm32f103xe.o(.text)
    DMA2_Channel1_IRQHandler                 0x0800015f   Thumb Code     0  startup_stm32f103xe.o(.text)
    DMA2_Channel2_IRQHandler                 0x0800015f   Thumb Code     0  startup_stm32f103xe.o(.text)
    DMA2_Channel4_5_IRQHandler               0x0800015f   Thumb Code     0  startup_stm32f103xe.o(.text)
    EXTI0_IRQHandler                         0x0800015f   Thumb Code     0  startup_stm32f103xe.o(.text)
    EXTI15_10_IRQHandler                     0x0800015f   Thumb Code     0  startup_stm32f103xe.o(.text)
    EXTI1_IRQHandler                         0x0800015f   Thumb Code     0  startup_stm32f103xe.o(.text)
    EXTI2_IRQHandler                         0x0800015f   Thumb Code     0  startup_stm32f103xe.o(.text)
    EXTI3_IRQHandler                         0x0800015f   Thumb Code     0  startup_stm32f103xe.o(.text)
    EXTI4_IRQHandler                         0x0800015f   Thumb Code     0  startup_stm32f103xe.o(.text)
    EXTI9_5_IRQHandler                       0x0800015f   Thumb Code     0  startup_stm32f103xe.o(.text)
    FLASH_IRQHandler                         0x0800015f   Thumb Code     0  startup_stm32f103xe.o(.text)
    FSMC_IRQHandler                          0x0800015f   Thumb Code     0  startup_stm32f103xe.o(.text)
    I2C1_ER_IRQHandler                       0x0800015f   Thumb Code     0  startup_stm32f103xe.o(.text)
    I2C1_EV_IRQHandler                       0x0800015f   Thumb Code     0  startup_stm32f103xe.o(.text)
    I2C2_ER_IRQHandler                       0x0800015f   Thumb Code     0  startup_stm32f103xe.o(.text)
    I2C2_EV_IRQHandler                       0x0800015f   Thumb Code     0  startup_stm32f103xe.o(.text)
    PVD_IRQHandler                           0x0800015f   Thumb Code     0  startup_stm32f103xe.o(.text)
    RCC_IRQHandler                           0x0800015f   Thumb Code     0  startup_stm32f103xe.o(.text)
    RTC_Alarm_IRQHandler                     0x0800015f   Thumb Code     0  startup_stm32f103xe.o(.text)
    RTC_IRQHandler                           0x0800015f   Thumb Code     0  startup_stm32f103xe.o(.text)
    SDIO_IRQHandler                          0x0800015f   Thumb Code     0  startup_stm32f103xe.o(.text)
    SPI1_IRQHandler                          0x0800015f   Thumb Code     0  startup_stm32f103xe.o(.text)
    SPI2_IRQHandler                          0x0800015f   Thumb Code     0  startup_stm32f103xe.o(.text)
    SPI3_IRQHandler                          0x0800015f   Thumb Code     0  startup_stm32f103xe.o(.text)
    TAMPER_IRQHandler                        0x0800015f   Thumb Code     0  startup_stm32f103xe.o(.text)
    TIM1_BRK_IRQHandler                      0x0800015f   Thumb Code     0  startup_stm32f103xe.o(.text)
    TIM1_CC_IRQHandler                       0x0800015f   Thumb Code     0  startup_stm32f103xe.o(.text)
    TIM1_TRG_COM_IRQHandler                  0x0800015f   Thumb Code     0  startup_stm32f103xe.o(.text)
    TIM1_UP_IRQHandler                       0x0800015f   Thumb Code     0  startup_stm32f103xe.o(.text)
    TIM2_IRQHandler                          0x0800015f   Thumb Code     0  startup_stm32f103xe.o(.text)
    TIM3_IRQHandler                          0x0800015f   Thumb Code     0  startup_stm32f103xe.o(.text)
    TIM4_IRQHandler                          0x0800015f   Thumb Code     0  startup_stm32f103xe.o(.text)
    TIM6_IRQHandler                          0x0800015f   Thumb Code     0  startup_stm32f103xe.o(.text)
    TIM8_BRK_IRQHandler                      0x0800015f   Thumb Code     0  startup_stm32f103xe.o(.text)
    TIM8_CC_IRQHandler                       0x0800015f   Thumb Code     0  startup_stm32f103xe.o(.text)
    TIM8_TRG_COM_IRQHandler                  0x0800015f   Thumb Code     0  startup_stm32f103xe.o(.text)
    TIM8_UP_IRQHandler                       0x0800015f   Thumb Code     0  startup_stm32f103xe.o(.text)
    UART4_IRQHandler                         0x0800015f   Thumb Code     0  startup_stm32f103xe.o(.text)
    UART5_IRQHandler                         0x0800015f   Thumb Code     0  startup_stm32f103xe.o(.text)
    USART1_IRQHandler                        0x0800015f   Thumb Code     0  startup_stm32f103xe.o(.text)
    USART3_IRQHandler                        0x0800015f   Thumb Code     0  startup_stm32f103xe.o(.text)
    USBWakeUp_IRQHandler                     0x0800015f   Thumb Code     0  startup_stm32f103xe.o(.text)
    USB_HP_CAN1_TX_IRQHandler                0x0800015f   Thumb Code     0  startup_stm32f103xe.o(.text)
    USB_LP_CAN1_RX0_IRQHandler               0x0800015f   Thumb Code     0  startup_stm32f103xe.o(.text)
    WWDG_IRQHandler                          0x0800015f   Thumb Code     0  startup_stm32f103xe.o(.text)
    __aeabi_uidiv                            0x08000169   Thumb Code     0  uidiv.o(.text)
    __aeabi_uidivmod                         0x08000169   Thumb Code    44  uidiv.o(.text)
    __scatterload                            0x08000195   Thumb Code    28  init.o(.text)
    __scatterload_rt2                        0x08000195   Thumb Code     0  init.o(.text)
    ADC_ConversionStop_Disable               0x080001b9   Thumb Code    76  stm32f1xx_hal_adc.o(i.ADC_ConversionStop_Disable)
    BusFault_Handler                         0x08000205   Thumb Code     2  stm32f1xx_it.o(i.BusFault_Handler)
    DAC_DMAConvCpltCh1                       0x08000207   Thumb Code    16  stm32f1xx_hal_dac.o(i.DAC_DMAConvCpltCh1)
    DAC_DMAConvCpltCh2                       0x08000217   Thumb Code    16  stm32f1xx_hal_dac_ex.o(i.DAC_DMAConvCpltCh2)
    DAC_DMAErrorCh1                          0x08000227   Thumb Code    24  stm32f1xx_hal_dac.o(i.DAC_DMAErrorCh1)
    DAC_DMAErrorCh2                          0x0800023f   Thumb Code    24  stm32f1xx_hal_dac_ex.o(i.DAC_DMAErrorCh2)
    DAC_DMAHalfConvCpltCh1                   0x08000257   Thumb Code    10  stm32f1xx_hal_dac.o(i.DAC_DMAHalfConvCpltCh1)
    DAC_DMAHalfConvCpltCh2                   0x08000261   Thumb Code    10  stm32f1xx_hal_dac_ex.o(i.DAC_DMAHalfConvCpltCh2)
    DMA1_Channel1_IRQHandler                 0x0800026d   Thumb Code     6  stm32f1xx_it.o(i.DMA1_Channel1_IRQHandler)
    DMA1_Channel6_IRQHandler                 0x08000279   Thumb Code     6  stm32f1xx_it.o(i.DMA1_Channel6_IRQHandler)
    DMA1_Channel7_IRQHandler                 0x08000285   Thumb Code     6  stm32f1xx_it.o(i.DMA1_Channel7_IRQHandler)
    DMA2_Channel3_IRQHandler                 0x08000291   Thumb Code     6  stm32f1xx_it.o(i.DMA2_Channel3_IRQHandler)
    DebugMon_Handler                         0x080002c7   Thumb Code     2  stm32f1xx_it.o(i.DebugMon_Handler)
    GetNewData                               0x080002c9   Thumb Code   124  master.o(i.GetNewData)
    HAL_ADC_ConfigChannel                    0x0800034d   Thumb Code   240  stm32f1xx_hal_adc.o(i.HAL_ADC_ConfigChannel)
    HAL_ADC_Init                             0x08000449   Thumb Code   276  stm32f1xx_hal_adc.o(i.HAL_ADC_Init)
    HAL_ADC_MspInit                          0x0800056d   Thumb Code   104  adc.o(i.HAL_ADC_MspInit)
    HAL_DACEx_ConvCpltCallbackCh2            0x080005f9   Thumb Code     2  stm32f1xx_hal_dac_ex.o(i.HAL_DACEx_ConvCpltCallbackCh2)
    HAL_DACEx_ConvHalfCpltCallbackCh2        0x080005fb   Thumb Code     2  stm32f1xx_hal_dac_ex.o(i.HAL_DACEx_ConvHalfCpltCallbackCh2)
    HAL_DACEx_ErrorCallbackCh2               0x080005fd   Thumb Code     2  stm32f1xx_hal_dac_ex.o(i.HAL_DACEx_ErrorCallbackCh2)
    HAL_DAC_ConfigChannel                    0x080005ff   Thumb Code    66  stm32f1xx_hal_dac.o(i.HAL_DAC_ConfigChannel)
    HAL_DAC_ConvCpltCallbackCh1              0x08000641   Thumb Code     2  stm32f1xx_hal_dac.o(i.HAL_DAC_ConvCpltCallbackCh1)
    HAL_DAC_ConvHalfCpltCallbackCh1          0x08000643   Thumb Code     2  stm32f1xx_hal_dac.o(i.HAL_DAC_ConvHalfCpltCallbackCh1)
    HAL_DAC_ErrorCallbackCh1                 0x08000645   Thumb Code     2  stm32f1xx_hal_dac.o(i.HAL_DAC_ErrorCallbackCh1)
    HAL_DAC_Init                             0x08000647   Thumb Code    40  stm32f1xx_hal_dac.o(i.HAL_DAC_Init)
    HAL_DAC_MspInit                          0x08000671   Thumb Code   102  dac.o(i.HAL_DAC_MspInit)
    HAL_DAC_Start_DMA                        0x080006fd   Thumb Code   210  stm32f1xx_hal_dac.o(i.HAL_DAC_Start_DMA)
    HAL_DMA_Abort                            0x080007e9   Thumb Code    48  stm32f1xx_hal_dma.o(i.HAL_DMA_Abort)
    HAL_DMA_Abort_IT                         0x08000819   Thumb Code   296  stm32f1xx_hal_dma.o(i.HAL_DMA_Abort_IT)
    HAL_DMA_IRQHandler                       0x08000949   Thumb Code   552  stm32f1xx_hal_dma.o(i.HAL_DMA_IRQHandler)
    HAL_DMA_Init                             0x08000b91   Thumb Code   120  stm32f1xx_hal_dma.o(i.HAL_DMA_Init)
    HAL_DMA_Start_IT                         0x08000c15   Thumb Code   112  stm32f1xx_hal_dma.o(i.HAL_DMA_Start_IT)
    HAL_Delay                                0x08000c85   Thumb Code    28  stm32f1xx_hal.o(i.HAL_Delay)
    HAL_GPIO_Init                            0x08000ca1   Thumb Code   446  stm32f1xx_hal_gpio.o(i.HAL_GPIO_Init)
    HAL_GPIO_ReadPin                         0x08000e89   Thumb Code    10  stm32f1xx_hal_gpio.o(i.HAL_GPIO_ReadPin)
    HAL_GPIO_WritePin                        0x08000e93   Thumb Code    10  stm32f1xx_hal_gpio.o(i.HAL_GPIO_WritePin)
    HAL_GetTick                              0x08000e9d   Thumb Code     6  stm32f1xx_hal.o(i.HAL_GetTick)
    HAL_IncTick                              0x08000ea9   Thumb Code    10  stm32f1xx_hal.o(i.HAL_IncTick)
    HAL_Init                                 0x08000eb9   Thumb Code    32  stm32f1xx_hal.o(i.HAL_Init)
    HAL_InitTick                             0x08000edd   Thumb Code    34  stm32f1xx_hal.o(i.HAL_InitTick)
    HAL_MspInit                              0x08000f05   Thumb Code   122  stm32f1xx_hal_msp.o(i.HAL_MspInit)
    HAL_NVIC_EnableIRQ                       0x08000f89   Thumb Code    22  stm32f1xx_hal_cortex.o(i.HAL_NVIC_EnableIRQ)
    HAL_NVIC_SetPriority                     0x08000fa1   Thumb Code    60  stm32f1xx_hal_cortex.o(i.HAL_NVIC_SetPriority)
    HAL_NVIC_SetPriorityGrouping             0x08000fe1   Thumb Code    26  stm32f1xx_hal_cortex.o(i.HAL_NVIC_SetPriorityGrouping)
    HAL_RCCEx_PeriphCLKConfig                0x08001005   Thumb Code   224  stm32f1xx_hal_rcc_ex.o(i.HAL_RCCEx_PeriphCLKConfig)
    HAL_RCC_ClockConfig                      0x080010f1   Thumb Code   322  stm32f1xx_hal_rcc.o(i.HAL_RCC_ClockConfig)
    HAL_RCC_GetHCLKFreq                      0x08001245   Thumb Code     6  stm32f1xx_hal_rcc.o(i.HAL_RCC_GetHCLKFreq)
    HAL_RCC_GetPCLK1Freq                     0x08001251   Thumb Code    20  stm32f1xx_hal_rcc.o(i.HAL_RCC_GetPCLK1Freq)
    HAL_RCC_GetPCLK2Freq                     0x08001271   Thumb Code    20  stm32f1xx_hal_rcc.o(i.HAL_RCC_GetPCLK2Freq)
    HAL_RCC_GetSysClockFreq                  0x08001291   Thumb Code    74  stm32f1xx_hal_rcc.o(i.HAL_RCC_GetSysClockFreq)
    HAL_RCC_OscConfig                        0x080012fd   Thumb Code   750  stm32f1xx_hal_rcc.o(i.HAL_RCC_OscConfig)
    HAL_SPI_Init                             0x08001601   Thumb Code   130  stm32f1xx_hal_spi_ex.o(i.HAL_SPI_Init)
    HAL_SPI_MspInit                          0x08001685   Thumb Code   118  spi.o(i.HAL_SPI_MspInit)
    HAL_SPI_Transmit                         0x0800170d   Thumb Code   360  stm32f1xx_hal_spi.o(i.HAL_SPI_Transmit)
    HAL_SYSTICK_CLKSourceConfig              0x08001875   Thumb Code    24  stm32f1xx_hal_cortex.o(i.HAL_SYSTICK_CLKSourceConfig)
    HAL_SYSTICK_Callback                     0x0800188d   Thumb Code     2  stm32f1xx_hal_cortex.o(i.HAL_SYSTICK_Callback)
    HAL_SYSTICK_Config                       0x0800188f   Thumb Code    40  stm32f1xx_hal_cortex.o(i.HAL_SYSTICK_Config)
    HAL_SYSTICK_IRQHandler                   0x080018b7   Thumb Code     8  stm32f1xx_hal_cortex.o(i.HAL_SYSTICK_IRQHandler)
    HAL_TIMEx_BreakCallback                  0x080018bf   Thumb Code     2  stm32f1xx_hal_tim_ex.o(i.HAL_TIMEx_BreakCallback)
    HAL_TIMEx_CommutationCallback            0x080018c1   Thumb Code     2  stm32f1xx_hal_tim_ex.o(i.HAL_TIMEx_CommutationCallback)
    HAL_TIMEx_MasterConfigSynchronization    0x080018c3   Thumb Code    80  stm32f1xx_hal_tim_ex.o(i.HAL_TIMEx_MasterConfigSynchronization)
    HAL_TIM_Base_Init                        0x08001913   Thumb Code    54  stm32f1xx_hal_tim.o(i.HAL_TIM_Base_Init)
    HAL_TIM_Base_MspInit                     0x08001949   Thumb Code   108  tim.o(i.HAL_TIM_Base_MspInit)
    HAL_TIM_Base_Stop_IT                     0x080019c5   Thumb Code    42  stm32f1xx_hal_tim.o(i.HAL_TIM_Base_Stop_IT)
    HAL_TIM_ConfigClockSource                0x080019ef   Thumb Code   242  stm32f1xx_hal_tim.o(i.HAL_TIM_ConfigClockSource)
    HAL_TIM_IC_CaptureCallback               0x08001ae1   Thumb Code     2  stm32f1xx_hal_tim.o(i.HAL_TIM_IC_CaptureCallback)
    HAL_TIM_IRQHandler                       0x08001ae3   Thumb Code   358  stm32f1xx_hal_tim.o(i.HAL_TIM_IRQHandler)
    HAL_TIM_OC_DelayElapsedCallback          0x08001c49   Thumb Code     2  stm32f1xx_hal_tim.o(i.HAL_TIM_OC_DelayElapsedCallback)
    HAL_TIM_PWM_PulseFinishedCallback        0x08001c4b   Thumb Code     2  stm32f1xx_hal_tim.o(i.HAL_TIM_PWM_PulseFinishedCallback)
    HAL_TIM_PeriodElapsedCallback            0x08001c4d   Thumb Code   120  main.o(i.HAL_TIM_PeriodElapsedCallback)
    HAL_TIM_TriggerCallback                  0x08001ce9   Thumb Code     2  stm32f1xx_hal_tim.o(i.HAL_TIM_TriggerCallback)
    HAL_UART_Abort                           0x08001ceb   Thumb Code   104  stm32f1xx_hal_uart.o(i.HAL_UART_Abort)
    HAL_UART_ErrorCallback                   0x08001d53   Thumb Code     2  stm32f1xx_hal_uart.o(i.HAL_UART_ErrorCallback)
    HAL_UART_IRQHandler                      0x08001d55   Thumb Code   266  stm32f1xx_hal_uart.o(i.HAL_UART_IRQHandler)
    HAL_UART_Init                            0x08001e65   Thumb Code    98  stm32f1xx_hal_uart.o(i.HAL_UART_Init)
    HAL_UART_MspInit                         0x08001ec9   Thumb Code   180  usart.o(i.HAL_UART_MspInit)
    HAL_UART_RxCpltCallback                  0x08001fa1   Thumb Code   114  main.o(i.HAL_UART_RxCpltCallback)
    HAL_UART_TxCpltCallback                  0x08002031   Thumb Code    38  main.o(i.HAL_UART_TxCpltCallback)
    HardFault_Handler                        0x08002061   Thumb Code     2  stm32f1xx_it.o(i.HardFault_Handler)
    ILI9341_Draw_Char                        0x08002065   Thumb Code   164  ili9341_gfx.o(i.ILI9341_Draw_Char)
    ILI9341_Draw_Colour_Burst                0x0800210d   Thumb Code   154  ili9341_stm32_driver.o(i.ILI9341_Draw_Colour_Burst)
    ILI9341_Draw_Pixel                       0x080021b1   Thumb Code   332  ili9341_stm32_driver.o(i.ILI9341_Draw_Pixel)
    ILI9341_Draw_Rectangle                   0x08002309   Thumb Code    90  ili9341_stm32_driver.o(i.ILI9341_Draw_Rectangle)
    ILI9341_Draw_Text                        0x08002369   Thumb Code    54  ili9341_gfx.o(i.ILI9341_Draw_Text)
    ILI9341_Enable                           0x080023a1   Thumb Code    10  ili9341_stm32_driver.o(i.ILI9341_Enable)
    ILI9341_Fill_Screen                      0x080023b1   Thumb Code    34  ili9341_stm32_driver.o(i.ILI9341_Fill_Screen)
    ILI9341_Init                             0x080023d9   Thumb Code   536  ili9341_stm32_driver.o(i.ILI9341_Init)
    ILI9341_Reset                            0x080025f1   Thumb Code    52  ili9341_stm32_driver.o(i.ILI9341_Reset)
    ILI9341_SPI_Init                         0x08002629   Thumb Code    26  ili9341_stm32_driver.o(i.ILI9341_SPI_Init)
    ILI9341_SPI_Send                         0x08002649   Thumb Code    16  ili9341_stm32_driver.o(i.ILI9341_SPI_Send)
    ILI9341_Set_Address                      0x0800265d   Thumb Code    82  ili9341_stm32_driver.o(i.ILI9341_Set_Address)
    ILI9341_Set_Rotation                     0x080026b1   Thumb Code    76  ili9341_stm32_driver.o(i.ILI9341_Set_Rotation)
    ILI9341_Write_Command                    0x08002701   Thumb Code    50  ili9341_stm32_driver.o(i.ILI9341_Write_Command)
    ILI9341_Write_Data                       0x08002739   Thumb Code    48  ili9341_stm32_driver.o(i.ILI9341_Write_Data)
    MX_ADC1_Init                             0x0800276d   Thumb Code    84  adc.o(i.MX_ADC1_Init)
    MX_DAC_Init                              0x080027dd   Thumb Code    56  dac.o(i.MX_DAC_Init)
    MX_DMA_Init                              0x0800282d   Thumb Code   104  dma.o(i.MX_DMA_Init)
    MX_GPIO_Init                             0x08002899   Thumb Code   216  gpio.o(i.MX_GPIO_Init)
    MX_SPI2_Init                             0x08002981   Thumb Code    64  spi.o(i.MX_SPI2_Init)
    MX_SPI3_Init                             0x080029d9   Thumb Code    64  spi.o(i.MX_SPI3_Init)
    MX_TIM5_Init                             0x08002a31   Thumb Code    94  tim.o(i.MX_TIM5_Init)
    MX_TIM7_Init                             0x08002aa9   Thumb Code    66  tim.o(i.MX_TIM7_Init)
    MX_TIM8_Init                             0x08002b05   Thumb Code    98  tim.o(i.MX_TIM8_Init)
    MX_USART2_UART_Init                      0x08002b81   Thumb Code    52  usart.o(i.MX_USART2_UART_Init)
    MemManage_Handler                        0x08002bcd   Thumb Code     2  stm32f1xx_it.o(i.MemManage_Handler)
    NMI_Handler                              0x08002bcf   Thumb Code     2  stm32f1xx_it.o(i.NMI_Handler)
    PendSV_Handler                           0x08002bf1   Thumb Code     2  stm32f1xx_it.o(i.PendSV_Handler)
    SVC_Handler                              0x08002ca9   Thumb Code     2  stm32f1xx_it.o(i.SVC_Handler)
    SysTick_Handler                          0x08002cab   Thumb Code    14  stm32f1xx_it.o(i.SysTick_Handler)
    SystemClock_Config                       0x08002cb9   Thumb Code   120  main.o(i.SystemClock_Config)
    SystemInit                               0x08002d31   Thumb Code    56  system_stm32f1xx.o(i.SystemInit)
    TIM5_IRQHandler                          0x08002d79   Thumb Code     6  stm32f1xx_it.o(i.TIM5_IRQHandler)
    TIM7_IRQHandler                          0x08002d85   Thumb Code     6  stm32f1xx_it.o(i.TIM7_IRQHandler)
    TIM_Base_SetConfig                       0x08002d91   Thumb Code   120  stm32f1xx_hal_tim.o(i.TIM_Base_SetConfig)
    USART2_IRQHandler                        0x0800311d   Thumb Code     6  stm32f1xx_it.o(i.USART2_IRQHandler)
    UsageFault_Handler                       0x08003129   Thumb Code     2  stm32f1xx_it.o(i.UsageFault_Handler)
    _Error_Handler                           0x0800312b   Thumb Code     2  main.o(i._Error_Handler)
    __0sprintf$6                             0x0800312d   Thumb Code    34  printf6.o(i.__0sprintf$6)
    __1sprintf$6                             0x0800312d   Thumb Code     0  printf6.o(i.__0sprintf$6)
    __2sprintf                               0x0800312d   Thumb Code     0  printf6.o(i.__0sprintf$6)
    __scatterload_copy                       0x08003155   Thumb Code    14  handlers.o(i.__scatterload_copy)
    __scatterload_null                       0x08003163   Thumb Code     2  handlers.o(i.__scatterload_null)
    __scatterload_zeroinit                   0x08003165   Thumb Code    14  handlers.o(i.__scatterload_zeroinit)
    free                                     0x080034c1   Thumb Code    76  malloc.o(i.free)
    function                                 0x08003511   Thumb Code  1694  keypad.o(i.function)
    main                                     0x08003bb5   Thumb Code   202  main.o(i.main)
    malloc                                   0x08003ca5   Thumb Code    92  malloc.o(i.malloc)
    AHBPrescTable                            0x08003f50   Data          16  system_stm32f1xx.o(.constdata)
    APBPrescTable                            0x08003f60   Data           8  system_stm32f1xx.o(.constdata)
    Region$$Table$$Base                      0x08003f68   Number         0  anon$$obj.o(Region$$Table)
    Region$$Table$$Limit                     0x08003f88   Number         0  anon$$obj.o(Region$$Table)
    uwTick                                   0x20000000   Data           4  stm32f1xx_hal.o(.data)
    LCD_HEIGHT                               0x20000004   Data           2  ili9341_stm32_driver.o(.data)
    LCD_WIDTH                                0x20000006   Data           2  ili9341_stm32_driver.o(.data)
    PCK_RCV                                  0x20000008   Data           1  master.o(.data)
    SystemCoreClock                          0x2000000c   Data           4  system_stm32f1xx.o(.data)
    temp_TIM5                                0x20000010   Data           1  main.o(.data)
    temp_TIM7                                0x20000011   Data           1  main.o(.data)
    k                                        0x20000012   Data           1  main.o(.data)
    __microlib_freelist                      0x20000014   Data           4  mvars.o(.data)
    __microlib_freelist_initialised          0x20000018   Data           4  mvars.o(.data)
    Send_pck                                 0x2000001c   Data          11  master.o(.bss)
    User_state                               0x20000027   Data        1320  master.o(.bss)
    master                                   0x20000550   Data          36  master.o(.bss)
    hdac                                     0x20000574   Data          20  dac.o(.bss)
    hdma_dac_ch1                             0x20000588   Data          68  dac.o(.bss)
    htim5                                    0x200005cc   Data          64  tim.o(.bss)
    htim7                                    0x2000060c   Data          64  tim.o(.bss)
    htim8                                    0x2000064c   Data          64  tim.o(.bss)
    hspi2                                    0x2000068c   Data          88  spi.o(.bss)
    hspi3                                    0x200006e4   Data          88  spi.o(.bss)
    hadc1                                    0x2000073c   Data          48  adc.o(.bss)
    hdma_adc1                                0x2000076c   Data          68  adc.o(.bss)
    Buff_get                                 0x200007b0   Data          10  main.o(.bss)
    lcd_buff                                 0x200007ba   Data          30  main.o(.bss)
    adcBuff                                  0x200007d8   Data        1600  main.o(.bss)
    adc_audio_buff                           0x20000e18   Data        4000  main.o(.bss)
    uart_audio_buff                          0x20001db8   Data        4000  main.o(.bss)
    huart2                                   0x20002d58   Data          64  usart.o(.bss)
    hdma_usart2_rx                           0x20002d98   Data          68  usart.o(.bss)
    hdma_usart2_tx                           0x20002ddc   Data          68  usart.o(.bss)
    __heap_base                              0x20002e20   Data           0  startup_stm32f103xe.o(HEAP)
    __heap_limit                             0x20003020   Data           0  startup_stm32f103xe.o(HEAP)
    __initial_sp                             0x20003420   Data           0  startup_stm32f103xe.o(STACK)



==============================================================================

Memory Map of the image

  Image Entry point : 0x08000131

  Load Region LR_IROM1 (Base: 0x08000000, Size: 0x00003fa4, Max: 0x00080000, ABSOLUTE)

    Execution Region ER_IROM1 (Base: 0x08000000, Size: 0x00003f88, Max: 0x00080000, ABSOLUTE)

    Base Addr    Size         Type   Attr      Idx    E Section Name        Object

    0x08000000   0x00000130   Data   RO         4049    RESET               startup_stm32f103xe.o
    0x08000130   0x00000000   Code   RO         4579  * .ARM.Collect$$$$00000000  mc_w.l(entry.o)
    0x08000130   0x00000004   Code   RO         4875    .ARM.Collect$$$$00000001  mc_w.l(entry2.o)
    0x08000134   0x00000004   Code   RO         4878    .ARM.Collect$$$$00000004  mc_w.l(entry5.o)
    0x08000138   0x00000000   Code   RO         4880    .ARM.Collect$$$$00000008  mc_w.l(entry7b.o)
    0x08000138   0x00000000   Code   RO         4882    .ARM.Collect$$$$0000000A  mc_w.l(entry8b.o)
    0x08000138   0x00000008   Code   RO         4883    .ARM.Collect$$$$0000000B  mc_w.l(entry9a.o)
    0x08000140   0x00000000   Code   RO         4885    .ARM.Collect$$$$0000000D  mc_w.l(entry10a.o)
    0x08000140   0x00000000   Code   RO         4887    .ARM.Collect$$$$0000000F  mc_w.l(entry11a.o)
    0x08000140   0x00000004   Code   RO         4876    .ARM.Collect$$$$00002712  mc_w.l(entry2.o)
    0x08000144   0x00000024   Code   RO         4050    .text               startup_stm32f103xe.o
    0x08000168   0x0000002c   Code   RO         4892    .text               mc_w.l(uidiv.o)
    0x08000194   0x00000024   Code   RO         4915    .text               mc_w.l(init.o)
    0x080001b8   0x0000004c   Code   RO         1300    i.ADC_ConversionStop_Disable  stm32f1xx_hal_adc.o
    0x08000204   0x00000002   Code   RO         4422    i.BusFault_Handler  stm32f1xx_it.o
    0x08000206   0x00000010   Code   RO            4    i.DAC_DMAConvCpltCh1  stm32f1xx_hal_dac.o
    0x08000216   0x00000010   Code   RO         1480    i.DAC_DMAConvCpltCh2  stm32f1xx_hal_dac_ex.o
    0x08000226   0x00000018   Code   RO            5    i.DAC_DMAErrorCh1   stm32f1xx_hal_dac.o
    0x0800023e   0x00000018   Code   RO         1481    i.DAC_DMAErrorCh2   stm32f1xx_hal_dac_ex.o
    0x08000256   0x0000000a   Code   RO            6    i.DAC_DMAHalfConvCpltCh1  stm32f1xx_hal_dac.o
    0x08000260   0x0000000a   Code   RO         1482    i.DAC_DMAHalfConvCpltCh2  stm32f1xx_hal_dac_ex.o
    0x0800026a   0x00000002   PAD
    0x0800026c   0x0000000c   Code   RO         4423    i.DMA1_Channel1_IRQHandler  stm32f1xx_it.o
    0x08000278   0x0000000c   Code   RO         4424    i.DMA1_Channel6_IRQHandler  stm32f1xx_it.o
    0x08000284   0x0000000c   Code   RO         4425    i.DMA1_Channel7_IRQHandler  stm32f1xx_it.o
    0x08000290   0x0000000c   Code   RO         4426    i.DMA2_Channel3_IRQHandler  stm32f1xx_it.o
    0x0800029c   0x0000002a   Code   RO         2752    i.DMA_SetConfig     stm32f1xx_hal_dma.o
    0x080002c6   0x00000002   Code   RO         4427    i.DebugMon_Handler  stm32f1xx_it.o
    0x080002c8   0x00000084   Code   RO         3886    i.GetNewData        master.o
    0x0800034c   0x000000fc   Code   RO         1306    i.HAL_ADC_ConfigChannel  stm32f1xx_hal_adc.o
    0x08000448   0x00000124   Code   RO         1315    i.HAL_ADC_Init      stm32f1xx_hal_adc.o
    0x0800056c   0x0000008c   Code   RO         4312    i.HAL_ADC_MspInit   adc.o
    0x080005f8   0x00000002   Code   RO         1483    i.HAL_DACEx_ConvCpltCallbackCh2  stm32f1xx_hal_dac_ex.o
    0x080005fa   0x00000002   Code   RO         1484    i.HAL_DACEx_ConvHalfCpltCallbackCh2  stm32f1xx_hal_dac_ex.o
    0x080005fc   0x00000002   Code   RO         1487    i.HAL_DACEx_ErrorCallbackCh2  stm32f1xx_hal_dac_ex.o
    0x080005fe   0x00000042   Code   RO            7    i.HAL_DAC_ConfigChannel  stm32f1xx_hal_dac.o
    0x08000640   0x00000002   Code   RO            8    i.HAL_DAC_ConvCpltCallbackCh1  stm32f1xx_hal_dac.o
    0x08000642   0x00000002   Code   RO            9    i.HAL_DAC_ConvHalfCpltCallbackCh1  stm32f1xx_hal_dac.o
    0x08000644   0x00000002   Code   RO           11    i.HAL_DAC_ErrorCallbackCh1  stm32f1xx_hal_dac.o
    0x08000646   0x00000028   Code   RO           15    i.HAL_DAC_Init      stm32f1xx_hal_dac.o
    0x0800066e   0x00000002   PAD
    0x08000670   0x0000008c   Code   RO         4096    i.HAL_DAC_MspInit   dac.o
    0x080006fc   0x000000ec   Code   RO           20    i.HAL_DAC_Start_DMA  stm32f1xx_hal_dac.o
    0x080007e8   0x00000030   Code   RO         2753    i.HAL_DMA_Abort     stm32f1xx_hal_dma.o
    0x08000818   0x00000130   Code   RO         2754    i.HAL_DMA_Abort_IT  stm32f1xx_hal_dma.o
    0x08000948   0x00000248   Code   RO         2758    i.HAL_DMA_IRQHandler  stm32f1xx_hal_dma.o
    0x08000b90   0x00000084   Code   RO         2759    i.HAL_DMA_Init      stm32f1xx_hal_dma.o
    0x08000c14   0x00000070   Code   RO         2763    i.HAL_DMA_Start_IT  stm32f1xx_hal_dma.o
    0x08000c84   0x0000001c   Code   RO         1565    i.HAL_Delay         stm32f1xx_hal.o
    0x08000ca0   0x000001e8   Code   RO          763    i.HAL_GPIO_Init     stm32f1xx_hal_gpio.o
    0x08000e88   0x0000000a   Code   RO          765    i.HAL_GPIO_ReadPin  stm32f1xx_hal_gpio.o
    0x08000e92   0x0000000a   Code   RO          767    i.HAL_GPIO_WritePin  stm32f1xx_hal_gpio.o
    0x08000e9c   0x0000000c   Code   RO         1569    i.HAL_GetTick       stm32f1xx_hal.o
    0x08000ea8   0x00000010   Code   RO         1571    i.HAL_IncTick       stm32f1xx_hal.o
    0x08000eb8   0x00000024   Code   RO         1572    i.HAL_Init          stm32f1xx_hal.o
    0x08000edc   0x00000028   Code   RO         1573    i.HAL_InitTick      stm32f1xx_hal.o
    0x08000f04   0x00000084   Code   RO         4239    i.HAL_MspInit       stm32f1xx_hal_msp.o
    0x08000f88   0x00000016   Code   RO          322    i.HAL_NVIC_EnableIRQ  stm32f1xx_hal_cortex.o
    0x08000f9e   0x00000002   PAD
    0x08000fa0   0x00000040   Code   RO          328    i.HAL_NVIC_SetPriority  stm32f1xx_hal_cortex.o
    0x08000fe0   0x00000024   Code   RO          329    i.HAL_NVIC_SetPriorityGrouping  stm32f1xx_hal_cortex.o
    0x08001004   0x000000ec   Code   RO         1266    i.HAL_RCCEx_PeriphCLKConfig  stm32f1xx_hal_rcc_ex.o
    0x080010f0   0x00000154   Code   RO         1060    i.HAL_RCC_ClockConfig  stm32f1xx_hal_rcc.o
    0x08001244   0x0000000c   Code   RO         1065    i.HAL_RCC_GetHCLKFreq  stm32f1xx_hal_rcc.o
    0x08001250   0x00000020   Code   RO         1067    i.HAL_RCC_GetPCLK1Freq  stm32f1xx_hal_rcc.o
    0x08001270   0x00000020   Code   RO         1068    i.HAL_RCC_GetPCLK2Freq  stm32f1xx_hal_rcc.o
    0x08001290   0x0000006c   Code   RO         1069    i.HAL_RCC_GetSysClockFreq  stm32f1xx_hal_rcc.o
    0x080012fc   0x00000304   Code   RO         1072    i.HAL_RCC_OscConfig  stm32f1xx_hal_rcc.o
    0x08001600   0x00000082   Code   RO         2883    i.HAL_SPI_Init      stm32f1xx_hal_spi_ex.o
    0x08001682   0x00000002   PAD
    0x08001684   0x00000088   Code   RO         4264    i.HAL_SPI_MspInit   spi.o
    0x0800170c   0x00000168   Code   RO          456    i.HAL_SPI_Transmit  stm32f1xx_hal_spi.o
    0x08001874   0x00000018   Code   RO          331    i.HAL_SYSTICK_CLKSourceConfig  stm32f1xx_hal_cortex.o
    0x0800188c   0x00000002   Code   RO          332    i.HAL_SYSTICK_Callback  stm32f1xx_hal_cortex.o
    0x0800188e   0x00000028   Code   RO          333    i.HAL_SYSTICK_Config  stm32f1xx_hal_cortex.o
    0x080018b6   0x00000008   Code   RO          334    i.HAL_SYSTICK_IRQHandler  stm32f1xx_hal_cortex.o
    0x080018be   0x00000002   Code   RO          826    i.HAL_TIMEx_BreakCallback  stm32f1xx_hal_tim_ex.o
    0x080018c0   0x00000002   Code   RO          827    i.HAL_TIMEx_CommutationCallback  stm32f1xx_hal_tim_ex.o
    0x080018c2   0x00000050   Code   RO          843    i.HAL_TIMEx_MasterConfigSynchronization  stm32f1xx_hal_tim_ex.o
    0x08001912   0x00000036   Code   RO         2123    i.HAL_TIM_Base_Init  stm32f1xx_hal_tim.o
    0x08001948   0x0000007c   Code   RO         4186    i.HAL_TIM_Base_MspInit  tim.o
    0x080019c4   0x0000002a   Code   RO         2131    i.HAL_TIM_Base_Stop_IT  stm32f1xx_hal_tim.o
    0x080019ee   0x000000f2   Code   RO         2132    i.HAL_TIM_ConfigClockSource  stm32f1xx_hal_tim.o
    0x08001ae0   0x00000002   Code   RO         2152    i.HAL_TIM_IC_CaptureCallback  stm32f1xx_hal_tim.o
    0x08001ae2   0x00000166   Code   RO         2165    i.HAL_TIM_IRQHandler  stm32f1xx_hal_tim.o
    0x08001c48   0x00000002   Code   RO         2168    i.HAL_TIM_OC_DelayElapsedCallback  stm32f1xx_hal_tim.o
    0x08001c4a   0x00000002   Code   RO         2195    i.HAL_TIM_PWM_PulseFinishedCallback  stm32f1xx_hal_tim.o
    0x08001c4c   0x0000009c   Code   RO         4354    i.HAL_TIM_PeriodElapsedCallback  main.o
    0x08001ce8   0x00000002   Code   RO         2206    i.HAL_TIM_TriggerCallback  stm32f1xx_hal_tim.o
    0x08001cea   0x00000068   Code   RO         1803    i.HAL_UART_Abort    stm32f1xx_hal_uart.o
    0x08001d52   0x00000002   Code   RO         1816    i.HAL_UART_ErrorCallback  stm32f1xx_hal_uart.o
    0x08001d54   0x00000110   Code   RO         1819    i.HAL_UART_IRQHandler  stm32f1xx_hal_uart.o
    0x08001e64   0x00000062   Code   RO         1820    i.HAL_UART_Init     stm32f1xx_hal_uart.o
    0x08001ec6   0x00000002   PAD
    0x08001ec8   0x000000d8   Code   RO         4541    i.HAL_UART_MspInit  usart.o
    0x08001fa0   0x00000090   Code   RO         4355    i.HAL_UART_RxCpltCallback  main.o
    0x08002030   0x00000030   Code   RO         4356    i.HAL_UART_TxCpltCallback  main.o
    0x08002060   0x00000002   Code   RO         4428    i.HardFault_Handler  stm32f1xx_it.o
    0x08002062   0x00000002   PAD
    0x08002064   0x000000a8   Code   RO         3032    i.ILI9341_Draw_Char  ili9341_gfx.o
    0x0800210c   0x000000a4   Code   RO         3108    i.ILI9341_Draw_Colour_Burst  ili9341_stm32_driver.o
    0x080021b0   0x00000158   Code   RO         3110    i.ILI9341_Draw_Pixel  ili9341_stm32_driver.o
    0x08002308   0x00000060   Code   RO         3111    i.ILI9341_Draw_Rectangle  ili9341_stm32_driver.o
    0x08002368   0x00000036   Code   RO         3038    i.ILI9341_Draw_Text  ili9341_gfx.o
    0x0800239e   0x00000002   PAD
    0x080023a0   0x00000010   Code   RO         3113    i.ILI9341_Enable    ili9341_stm32_driver.o
    0x080023b0   0x00000028   Code   RO         3114    i.ILI9341_Fill_Screen  ili9341_stm32_driver.o
    0x080023d8   0x00000218   Code   RO         3115    i.ILI9341_Init      ili9341_stm32_driver.o
    0x080025f0   0x00000038   Code   RO         3116    i.ILI9341_Reset     ili9341_stm32_driver.o
    0x08002628   0x00000020   Code   RO         3117    i.ILI9341_SPI_Init  ili9341_stm32_driver.o
    0x08002648   0x00000014   Code   RO         3118    i.ILI9341_SPI_Send  ili9341_stm32_driver.o
    0x0800265c   0x00000052   Code   RO         3119    i.ILI9341_Set_Address  ili9341_stm32_driver.o
    0x080026ae   0x00000002   PAD
    0x080026b0   0x00000050   Code   RO         3120    i.ILI9341_Set_Rotation  ili9341_stm32_driver.o
    0x08002700   0x00000038   Code   RO         3121    i.ILI9341_Write_Command  ili9341_stm32_driver.o
    0x08002738   0x00000034   Code   RO         3122    i.ILI9341_Write_Data  ili9341_stm32_driver.o
    0x0800276c   0x00000070   Code   RO         4313    i.MX_ADC1_Init      adc.o
    0x080027dc   0x00000050   Code   RO         4097    i.MX_DAC_Init       dac.o
    0x0800282c   0x0000006c   Code   RO         4161    i.MX_DMA_Init       dma.o
    0x08002898   0x000000e8   Code   RO         4137    i.MX_GPIO_Init      gpio.o
    0x08002980   0x00000058   Code   RO         4265    i.MX_SPI2_Init      spi.o
    0x080029d8   0x00000058   Code   RO         4266    i.MX_SPI3_Init      spi.o
    0x08002a30   0x00000078   Code   RO         4187    i.MX_TIM5_Init      tim.o
    0x08002aa8   0x0000005c   Code   RO         4188    i.MX_TIM7_Init      tim.o
    0x08002b04   0x0000007c   Code   RO         4189    i.MX_TIM8_Init      tim.o
    0x08002b80   0x0000004c   Code   RO         4542    i.MX_USART2_UART_Init  usart.o
    0x08002bcc   0x00000002   Code   RO         4429    i.MemManage_Handler  stm32f1xx_it.o
    0x08002bce   0x00000002   Code   RO         4430    i.NMI_Handler       stm32f1xx_it.o
    0x08002bd0   0x00000020   Code   RO          335    i.NVIC_SetPriority  stm32f1xx_hal_cortex.o
    0x08002bf0   0x00000002   Code   RO         4431    i.PendSV_Handler    stm32f1xx_it.o
    0x08002bf2   0x00000020   Code   RO          472    i.SPI_CheckFlag_BSY  stm32f1xx_hal_spi.o
    0x08002c12   0x00000096   Code   RO          491    i.SPI_WaitFlagStateUntilTimeout  stm32f1xx_hal_spi.o
    0x08002ca8   0x00000002   Code   RO         4432    i.SVC_Handler       stm32f1xx_it.o
    0x08002caa   0x0000000e   Code   RO         4433    i.SysTick_Handler   stm32f1xx_it.o
    0x08002cb8   0x00000078   Code   RO         4357    i.SystemClock_Config  main.o
    0x08002d30   0x00000048   Code   RO         4058    i.SystemInit        system_stm32f1xx.o
    0x08002d78   0x0000000c   Code   RO         4434    i.TIM5_IRQHandler   stm32f1xx_it.o
    0x08002d84   0x0000000c   Code   RO         4435    i.TIM7_IRQHandler   stm32f1xx_it.o
    0x08002d90   0x0000008c   Code   RO         2207    i.TIM_Base_SetConfig  stm32f1xx_hal_tim.o
    0x08002e1c   0x00000014   Code   RO         2214    i.TIM_ETR_SetConfig  stm32f1xx_hal_tim.o
    0x08002e30   0x00000010   Code   RO         2215    i.TIM_ITRx_SetConfig  stm32f1xx_hal_tim.o
    0x08002e40   0x00000022   Code   RO         2221    i.TIM_TI1_ConfigInputStage  stm32f1xx_hal_tim.o
    0x08002e62   0x00000024   Code   RO         2223    i.TIM_TI2_ConfigInputStage  stm32f1xx_hal_tim.o
    0x08002e86   0x00000010   Code   RO         1833    i.UART_DMAAbortOnError  stm32f1xx_hal_uart.o
    0x08002e96   0x0000001c   Code   RO         1843    i.UART_EndRxTransfer  stm32f1xx_hal_uart.o
    0x08002eb2   0x00000096   Code   RO         1845    i.UART_Receive_IT   stm32f1xx_hal_uart.o
    0x08002f48   0x00000170   Code   RO         1846    i.UART_SetConfig    stm32f1xx_hal_uart.o
    0x080030b8   0x00000062   Code   RO         1847    i.UART_Transmit_IT  stm32f1xx_hal_uart.o
    0x0800311a   0x00000002   PAD
    0x0800311c   0x0000000c   Code   RO         4436    i.USART2_IRQHandler  stm32f1xx_it.o
    0x08003128   0x00000002   Code   RO         4437    i.UsageFault_Handler  stm32f1xx_it.o
    0x0800312a   0x00000002   Code   RO         4358    i._Error_Handler    main.o
    0x0800312c   0x00000028   Code   RO         4741    i.__0sprintf$6      mc_w.l(printf6.o)
    0x08003154   0x0000000e   Code   RO         4927    i.__scatterload_copy  mc_w.l(handlers.o)
    0x08003162   0x00000002   Code   RO         4928    i.__scatterload_null  mc_w.l(handlers.o)
    0x08003164   0x0000000e   Code   RO         4929    i.__scatterload_zeroinit  mc_w.l(handlers.o)
    0x08003172   0x00000002   PAD
    0x08003174   0x000002f0   Code   RO         4746    i._printf_core      mc_w.l(printf6.o)
    0x08003464   0x00000024   Code   RO         4747    i._printf_post_padding  mc_w.l(printf6.o)
    0x08003488   0x0000002e   Code   RO         4748    i._printf_pre_padding  mc_w.l(printf6.o)
    0x080034b6   0x0000000a   Code   RO         4750    i._sputc            mc_w.l(printf6.o)
    0x080034c0   0x00000050   Code   RO         4845    i.free              mc_w.l(malloc.o)
    0x08003510   0x000006a4   Code   RO         4026    i.function          keypad.o
    0x08003bb4   0x000000f0   Code   RO         4359    i.main              main.o
    0x08003ca4   0x0000006c   Code   RO         4846    i.malloc            mc_w.l(malloc.o)
    0x08003d10   0x00000240   Data   RO         3039    .constdata          ili9341_gfx.o
    0x08003f50   0x00000010   Data   RO         4059    .constdata          system_stm32f1xx.o
    0x08003f60   0x00000008   Data   RO         4060    .constdata          system_stm32f1xx.o
    0x08003f68   0x00000020   Data   RO         4925    Region$$Table       anon$$obj.o


    Execution Region RW_IRAM1 (Base: 0x20000000, Size: 0x00003420, Max: 0x00010000, ABSOLUTE)

    Base Addr    Size         Type   Attr      Idx    E Section Name        Object

    0x20000000   0x00000004   Data   RW         1578    .data               stm32f1xx_hal.o
    0x20000004   0x00000004   Data   RW         3123    .data               ili9341_stm32_driver.o
    0x20000008   0x00000001   Data   RW         3895    .data               master.o
    0x20000009   0x00000003   PAD
    0x2000000c   0x00000004   Data   RW         4061    .data               system_stm32f1xx.o
    0x20000010   0x00000003   Data   RW         4362    .data               main.o
    0x20000013   0x00000001   PAD
    0x20000014   0x00000004   Data   RW         4900    .data               mc_w.l(mvars.o)
    0x20000018   0x00000004   Data   RW         4901    .data               mc_w.l(mvars.o)
    0x2000001c   0x00000558   Zero   RW         3893    .bss                master.o
    0x20000574   0x00000058   Zero   RW         4098    .bss                dac.o
    0x200005cc   0x000000c0   Zero   RW         4190    .bss                tim.o
    0x2000068c   0x000000b0   Zero   RW         4267    .bss                spi.o
    0x2000073c   0x00000074   Zero   RW         4314    .bss                adc.o
    0x200007b0   0x000025a8   Zero   RW         4360    .bss                main.o
    0x20002d58   0x000000c8   Zero   RW         4543    .bss                usart.o
    0x20002e20   0x00000200   Zero   RW         4048    HEAP                startup_stm32f103xe.o
    0x20003020   0x00000400   Zero   RW         4047    STACK               startup_stm32f103xe.o


==============================================================================

Image component sizes


      Code (inc. data)   RO Data    RW Data    ZI Data      Debug   Object Name

       252         64          0          0        116       1671   adc.o
       220         62          0          0         88       1640   dac.o
       108          4          0          0          0        806   dma.o
       232         16          0          0          0        947   gpio.o
       222          4        576          0          0       1912   ili9341_gfx.o
      1574         68          0          4          0       8507   ili9341_stm32_driver.o
      1700         14          0          0          0       1843   keypad.o
       710        114          0          3       9640       4569   main.o
       132         18          0          1       1368       4108   master.o
       312         66          0          0        176       2198   spi.o
        36          8        304          0       1536        776   startup_stm32f103xe.o
       132         22          0          4          0       3655   stm32f1xx_hal.o
       620         28          0          0          0       2924   stm32f1xx_hal_adc.o
       228         14          0          0          0      27061   stm32f1xx_hal_cortex.o
       398         26          0          0          0     503874   stm32f1xx_hal_dac.o
        56          0          0          0          0       3705   stm32f1xx_hal_dac_ex.o
      1222         52          0          0          0       4606   stm32f1xx_hal_dma.o
       508         42          0          0          0       3155   stm32f1xx_hal_gpio.o
       132         10          0          0          0        858   stm32f1xx_hal_msp.o
      1296        104          0          0          0       5448   stm32f1xx_hal_rcc.o
       236         12          0          0          0       1344   stm32f1xx_hal_rcc_ex.o
       542          0          0          0          0       2835   stm32f1xx_hal_spi.o
       130          0          0          0          0       1047   stm32f1xx_hal_spi_ex.o
       950         20          0          0          0       8998   stm32f1xx_hal_tim.o
        84          0          0          0          0       2294   stm32f1xx_hal_tim_ex.o
      1136         10          0          0          0       6332   stm32f1xx_hal_uart.o
       114         42          0          0          0       6930   stm32f1xx_it.o
        72         16         24          4          0       1175   system_stm32f1xx.o
       460         94          0          0        192       2848   tim.o
       292         60          0          0        200       1796   usart.o

    ----------------------------------------------------------------------
     14124        990        936         20      13316     619862   Object Totals
         0          0         32          0          0          0   (incl. Generated)
        18          0          0          4          0          0   (incl. Padding)

    ----------------------------------------------------------------------

      Code (inc. data)   RO Data    RW Data    ZI Data      Debug   Library Member Name

         0          0          0          0          0          0   entry.o
         0          0          0          0          0          0   entry10a.o
         0          0          0          0          0          0   entry11a.o
         8          4          0          0          0          0   entry2.o
         4          0          0          0          0          0   entry5.o
         0          0          0          0          0          0   entry7b.o
         0          0          0          0          0          0   entry8b.o
         8          4          0          0          0          0   entry9a.o
        30          0          0          0          0          0   handlers.o
        36          8          0          0          0         68   init.o
       188         20          0          0          0        160   malloc.o
         0          0          0          8          0          0   mvars.o
       884         10          0          0          0        420   printf6.o
        44          0          0          0          0         80   uidiv.o

    ----------------------------------------------------------------------
      1204         46          0          8          0        728   Library Totals
         2          0          0          0          0          0   (incl. Padding)

    ----------------------------------------------------------------------

      Code (inc. data)   RO Data    RW Data    ZI Data      Debug   Library Name

      1202         46          0          8          0        728   mc_w.l

    ----------------------------------------------------------------------
      1204         46          0          8          0        728   Library Totals

    ----------------------------------------------------------------------

==============================================================================


      Code (inc. data)   RO Data    RW Data    ZI Data      Debug   

     15328       1036        936         28      13316     613774   Grand Totals
     15328       1036        936         28      13316     613774   ELF Image Totals
     15328       1036        936         28          0          0   ROM Totals

==============================================================================

    Total RO  Size (Code + RO Data)                16264 (  15.88kB)
    Total RW  Size (RW Data + ZI Data)             13344 (  13.03kB)
    Total ROM Size (Code + RO Data + RW Data)      16292 (  15.91kB)

==============================================================================

