<html>
<body>
<pre>
<h1>µVision Build Log</h1>
<h2>Tool Versions:</h2>
IDE-Version: µVision V5.14.0.0
Copyright (C) 2015 ARM Ltd and ARM Germany GmbH. All rights reserved.
License Information: Reza Karbasi, Reza_C, LIC=ZB412-99N85-XUP41-CJ61Q-7SG41-XFYP4
 
Tool Versions:
Toolchain:       MDK-ARM Standard  Version: 5.14.0.0
Toolchain Path:  C:\Keil_v5\ARM\ARMCC\Bin
C Compiler:      Armcc.exe V5.05 update 1 (build 106)
Assembler:       Armasm.exe V5.05 update 1 (build 106)
Linker/Locator:  ArmLink.exe V5.05 update 1 (build 106)
Library Manager: ArmAr.exe V5.05 update 1 (build 106)
Hex Converter:   FromElf.exe V5.05 update 1 (build 106)
CPU DLL:         SARMCM3.DLL V5.14.0.0
Dialog DLL:      DCM.DLL V1.13.1.0
Target DLL:      STLink\ST-LINKIII-KEIL_SWO.dll V2.0.14.0_KEIL
Dialog DLL:      TCM.DLL V1.14.4.0
 
<h2>Project:</h2>
F:\Reza Karbasi\Documents\Github\Nurse-Panel-Code\Slave\MDK-ARM\Repeater.uvprojx
Project File Date:  02/24/2018

<h2>Output:</h2>
Build target 'Repeater'
compiling main.c...
../Inc/Slave.h(92): warning:  #1-D: last line of file ends without a newline
  #endif
../Src/main.c: 1 warning, 0 errors
linking...
Program Size: Code=7648 RO-data=292 RW-data=20 ZI-data=2188  
"Repeater\Repeater.axf" - 0 Error(s), 1 Warning(s).

<h2>Software Packages used:</h2>

Package Vendor: ARM
                http://www.keil.com/pack/ARM.CMSIS.5.1.0.pack
                ARM::CMSIS:CORE:5.0.2
                CMSIS (Cortex Microcontroller Software Interface Standard)
   * Component: CORE Version: 5.0.2

<h2>Collection of Component include folders:</h2>
  F:\Reza Karbasi\Documents\Github\Nurse-Panel-Code\Slave\MDK-ARM\RTE
  C:\Keil_v5\ARM\PACK\ARM\CMSIS\5.1.0\CMSIS\Include
  C:\Keil_v5\ARM\PACK\Keil\STM32F1xx_DFP\2.2.0

<h2>Collection of Component Files used:</h2>

   * Component: ARM::CMSIS:CORE:5.0.2
</pre>
</body>
</html>
