Component: ARM Compiler 5.05 update 1 (build 106) Tool: armlink [4d0efa]

==============================================================================

Section Cross References

    stm32f1xx_hal_tim_ex.o(i.HAL_TIMEx_ConfigCommutationEvent_DMA) refers to stm32f1xx_hal_tim_ex.o(i.TIMEx_DMACommutationCplt) for TIMEx_DMACommutationCplt
    stm32f1xx_hal_tim_ex.o(i.HAL_TIMEx_ConfigCommutationEvent_DMA) refers to stm32f1xx_hal_tim.o(i.TIM_DMAError) for TIM_DMAError
    stm32f1xx_hal_tim_ex.o(i.HAL_TIMEx_HallSensor_DeInit) refers to stm32f1xx_hal_tim_ex.o(i.HAL_TIMEx_HallSensor_MspDeInit) for HAL_TIMEx_HallSensor_MspDeInit
    stm32f1xx_hal_tim_ex.o(i.HAL_TIMEx_HallSensor_Init) refers to stm32f1xx_hal_tim_ex.o(i.HAL_TIMEx_HallSensor_MspInit) for HAL_TIMEx_HallSensor_MspInit
    stm32f1xx_hal_tim_ex.o(i.HAL_TIMEx_HallSensor_Init) refers to stm32f1xx_hal_tim.o(i.TIM_Base_SetConfig) for TIM_Base_SetConfig
    stm32f1xx_hal_tim_ex.o(i.HAL_TIMEx_HallSensor_Init) refers to stm32f1xx_hal_tim.o(i.TIM_TI1_SetConfig) for TIM_TI1_SetConfig
    stm32f1xx_hal_tim_ex.o(i.HAL_TIMEx_HallSensor_Init) refers to stm32f1xx_hal_tim.o(i.TIM_OC2_SetConfig) for TIM_OC2_SetConfig
    stm32f1xx_hal_tim_ex.o(i.HAL_TIMEx_HallSensor_Start) refers to stm32f1xx_hal_tim.o(i.TIM_CCxChannelCmd) for TIM_CCxChannelCmd
    stm32f1xx_hal_tim_ex.o(i.HAL_TIMEx_HallSensor_Start_DMA) refers to stm32f1xx_hal_tim.o(i.TIM_CCxChannelCmd) for TIM_CCxChannelCmd
    stm32f1xx_hal_tim_ex.o(i.HAL_TIMEx_HallSensor_Start_DMA) refers to stm32f1xx_hal_dma.o(i.HAL_DMA_Start_IT) for HAL_DMA_Start_IT
    stm32f1xx_hal_tim_ex.o(i.HAL_TIMEx_HallSensor_Start_DMA) refers to stm32f1xx_hal_tim.o(i.TIM_DMACaptureCplt) for TIM_DMACaptureCplt
    stm32f1xx_hal_tim_ex.o(i.HAL_TIMEx_HallSensor_Start_DMA) refers to stm32f1xx_hal_tim.o(i.TIM_DMAError) for TIM_DMAError
    stm32f1xx_hal_tim_ex.o(i.HAL_TIMEx_HallSensor_Start_IT) refers to stm32f1xx_hal_tim.o(i.TIM_CCxChannelCmd) for TIM_CCxChannelCmd
    stm32f1xx_hal_tim_ex.o(i.HAL_TIMEx_HallSensor_Stop) refers to stm32f1xx_hal_tim.o(i.TIM_CCxChannelCmd) for TIM_CCxChannelCmd
    stm32f1xx_hal_tim_ex.o(i.HAL_TIMEx_HallSensor_Stop_DMA) refers to stm32f1xx_hal_tim.o(i.TIM_CCxChannelCmd) for TIM_CCxChannelCmd
    stm32f1xx_hal_tim_ex.o(i.HAL_TIMEx_HallSensor_Stop_IT) refers to stm32f1xx_hal_tim.o(i.TIM_CCxChannelCmd) for TIM_CCxChannelCmd
    stm32f1xx_hal_tim_ex.o(i.HAL_TIMEx_OCN_Start) refers to stm32f1xx_hal_tim_ex.o(i.TIM_CCxNChannelCmd) for TIM_CCxNChannelCmd
    stm32f1xx_hal_tim_ex.o(i.HAL_TIMEx_OCN_Start_DMA) refers to stm32f1xx_hal_dma.o(i.HAL_DMA_Start_IT) for HAL_DMA_Start_IT
    stm32f1xx_hal_tim_ex.o(i.HAL_TIMEx_OCN_Start_DMA) refers to stm32f1xx_hal_tim_ex.o(i.TIM_CCxNChannelCmd) for TIM_CCxNChannelCmd
    stm32f1xx_hal_tim_ex.o(i.HAL_TIMEx_OCN_Start_DMA) refers to stm32f1xx_hal_tim.o(i.TIM_DMADelayPulseCplt) for TIM_DMADelayPulseCplt
    stm32f1xx_hal_tim_ex.o(i.HAL_TIMEx_OCN_Start_DMA) refers to stm32f1xx_hal_tim.o(i.TIM_DMAError) for TIM_DMAError
    stm32f1xx_hal_tim_ex.o(i.HAL_TIMEx_OCN_Start_IT) refers to stm32f1xx_hal_tim_ex.o(i.TIM_CCxNChannelCmd) for TIM_CCxNChannelCmd
    stm32f1xx_hal_tim_ex.o(i.HAL_TIMEx_OCN_Stop) refers to stm32f1xx_hal_tim_ex.o(i.TIM_CCxNChannelCmd) for TIM_CCxNChannelCmd
    stm32f1xx_hal_tim_ex.o(i.HAL_TIMEx_OCN_Stop_DMA) refers to stm32f1xx_hal_tim_ex.o(i.TIM_CCxNChannelCmd) for TIM_CCxNChannelCmd
    stm32f1xx_hal_tim_ex.o(i.HAL_TIMEx_OCN_Stop_IT) refers to stm32f1xx_hal_tim_ex.o(i.TIM_CCxNChannelCmd) for TIM_CCxNChannelCmd
    stm32f1xx_hal_tim_ex.o(i.HAL_TIMEx_OnePulseN_Start) refers to stm32f1xx_hal_tim_ex.o(i.TIM_CCxNChannelCmd) for TIM_CCxNChannelCmd
    stm32f1xx_hal_tim_ex.o(i.HAL_TIMEx_OnePulseN_Start_IT) refers to stm32f1xx_hal_tim_ex.o(i.TIM_CCxNChannelCmd) for TIM_CCxNChannelCmd
    stm32f1xx_hal_tim_ex.o(i.HAL_TIMEx_OnePulseN_Stop) refers to stm32f1xx_hal_tim_ex.o(i.TIM_CCxNChannelCmd) for TIM_CCxNChannelCmd
    stm32f1xx_hal_tim_ex.o(i.HAL_TIMEx_OnePulseN_Stop_IT) refers to stm32f1xx_hal_tim_ex.o(i.TIM_CCxNChannelCmd) for TIM_CCxNChannelCmd
    stm32f1xx_hal_tim_ex.o(i.HAL_TIMEx_PWMN_Start) refers to stm32f1xx_hal_tim_ex.o(i.TIM_CCxNChannelCmd) for TIM_CCxNChannelCmd
    stm32f1xx_hal_tim_ex.o(i.HAL_TIMEx_PWMN_Start_DMA) refers to stm32f1xx_hal_dma.o(i.HAL_DMA_Start_IT) for HAL_DMA_Start_IT
    stm32f1xx_hal_tim_ex.o(i.HAL_TIMEx_PWMN_Start_DMA) refers to stm32f1xx_hal_tim_ex.o(i.TIM_CCxNChannelCmd) for TIM_CCxNChannelCmd
    stm32f1xx_hal_tim_ex.o(i.HAL_TIMEx_PWMN_Start_DMA) refers to stm32f1xx_hal_tim.o(i.TIM_DMADelayPulseCplt) for TIM_DMADelayPulseCplt
    stm32f1xx_hal_tim_ex.o(i.HAL_TIMEx_PWMN_Start_DMA) refers to stm32f1xx_hal_tim.o(i.TIM_DMAError) for TIM_DMAError
    stm32f1xx_hal_tim_ex.o(i.HAL_TIMEx_PWMN_Start_IT) refers to stm32f1xx_hal_tim_ex.o(i.TIM_CCxNChannelCmd) for TIM_CCxNChannelCmd
    stm32f1xx_hal_tim_ex.o(i.HAL_TIMEx_PWMN_Stop) refers to stm32f1xx_hal_tim_ex.o(i.TIM_CCxNChannelCmd) for TIM_CCxNChannelCmd
[...]
    stm32f1xx_hal_flash.o(i.HAL_FLASH_Program_IT) refers to stm32f1xx_hal_flash.o(.bss) for .bss
    stm32f1xx_hal_flash_ex.o(i.FLASH_MassErase) refers to stm32f1xx_hal_flash.o(.bss) for pFlash
    stm32f1xx_hal_flash_ex.o(i.FLASH_OB_DisableWRP) refers to stm32f1xx_hal_flash.o(i.FLASH_WaitForLastOperation) for FLASH_WaitForLastOperation
    stm32f1xx_hal_flash_ex.o(i.FLASH_OB_DisableWRP) refers to stm32f1xx_hal_flash_ex.o(i.HAL_FLASHEx_OBErase) for HAL_FLASHEx_OBErase
    stm32f1xx_hal_flash_ex.o(i.FLASH_OB_DisableWRP) refers to stm32f1xx_hal_flash.o(.bss) for pFlash
    stm32f1xx_hal_flash_ex.o(i.FLASH_OB_EnableWRP) refers to stm32f1xx_hal_flash.o(i.FLASH_WaitForLastOperation) for FLASH_WaitForLastOperation
    stm32f1xx_hal_flash_ex.o(i.FLASH_OB_EnableWRP) refers to stm32f1xx_hal_flash_ex.o(i.HAL_FLASHEx_OBErase) for HAL_FLASHEx_OBErase
    stm32f1xx_hal_flash_ex.o(i.FLASH_OB_EnableWRP) refers to stm32f1xx_hal_flash.o(.bss) for pFlash
    stm32f1xx_hal_flash_ex.o(i.FLASH_OB_RDP_LevelConfig) refers to stm32f1xx_hal_flash.o(i.FLASH_WaitForLastOperation) for FLASH_WaitForLastOperation
    stm32f1xx_hal_flash_ex.o(i.FLASH_OB_RDP_LevelConfig) refers to stm32f1xx_hal_flash.o(.bss) for pFlash
    stm32f1xx_hal_flash_ex.o(i.FLASH_PageErase) refers to stm32f1xx_hal_flash.o(.bss) for pFlash
    stm32f1xx_hal_flash_ex.o(i.HAL_FLASHEx_Erase) refers to stm32f1xx_hal_flash.o(i.FLASH_WaitForLastOperation) for FLASH_WaitForLastOperation
    stm32f1xx_hal_flash_ex.o(i.HAL_FLASHEx_Erase) refers to stm32f1xx_hal_flash_ex.o(i.FLASH_MassErase) for FLASH_MassErase
    stm32f1xx_hal_flash_ex.o(i.HAL_FLASHEx_Erase) refers to stm32f1xx_hal_flash_ex.o(i.FLASH_PageErase) for FLASH_PageErase
    stm32f1xx_hal_flash_ex.o(i.HAL_FLASHEx_Erase) refers to stm32f1xx_hal_flash.o(.bss) for pFlash
    stm32f1xx_hal_flash_ex.o(i.HAL_FLASHEx_Erase_IT) refers to stm32f1xx_hal_flash_ex.o(i.FLASH_PageErase) for FLASH_PageErase
    stm32f1xx_hal_flash_ex.o(i.HAL_FLASHEx_Erase_IT) refers to stm32f1xx_hal_flash_ex.o(i.FLASH_MassErase) for FLASH_MassErase
    stm32f1xx_hal_flash_ex.o(i.HAL_FLASHEx_Erase_IT) refers to stm32f1xx_hal_flash.o(.bss) for pFlash
    stm32f1xx_hal_flash_ex.o(i.HAL_FLASHEx_OBErase) refers to stm32f1xx_hal_flash_ex.o(i.FLASH_OB_GetRDP) for FLASH_OB_GetRDP
    stm32f1xx_hal_flash_ex.o(i.HAL_FLASHEx_OBErase) refers to stm32f1xx_hal_flash.o(i.FLASH_WaitForLastOperation) for FLASH_WaitForLastOperation
    stm32f1xx_hal_flash_ex.o(i.HAL_FLASHEx_OBErase) refers to stm32f1xx_hal_flash_ex.o(i.FLASH_OB_RDP_LevelConfig) for FLASH_OB_RDP_LevelConfig
    stm32f1xx_hal_flash_ex.o(i.HAL_FLASHEx_OBErase) refers to stm32f1xx_hal_flash.o(.bss) for pFlash
    stm32f1xx_hal_flash_ex.o(i.HAL_FLASHEx_OBGetConfig) refers to stm32f1xx_hal_flash_ex.o(i.FLASH_OB_GetRDP) for FLASH_OB_GetRDP
    stm32f1xx_hal_flash_ex.o(i.HAL_FLASHEx_OBProgram) refers to stm32f1xx_hal_flash_ex.o(i.FLASH_OB_DisableWRP) for FLASH_OB_DisableWRP
    stm32f1xx_hal_flash_ex.o(i.HAL_FLASHEx_OBProgram) refers to stm32f1xx_hal_flash_ex.o(i.FLASH_OB_EnableWRP) for FLASH_OB_EnableWRP
    stm32f1xx_hal_flash_ex.o(i.HAL_FLASHEx_OBProgram) refers to stm32f1xx_hal_flash_ex.o(i.FLASH_OB_RDP_LevelConfig) for FLASH_OB_RDP_LevelConfig
    stm32f1xx_hal_flash_ex.o(i.HAL_FLASHEx_OBProgram) refers to stm32f1xx_hal_flash.o(i.FLASH_WaitForLastOperation) for FLASH_WaitForLastOperation
    stm32f1xx_hal_flash_ex.o(i.HAL_FLASHEx_OBProgram) refers to stm32f1xx_hal_flash.o(.bss) for pFlash
    stm32f1xx_hal_msp.o(i.HAL_MspInit) refers to stm32f1xx_hal_cortex.o(i.HAL_NVIC_SetPriorityGrouping) for HAL_NVIC_SetPriorityGrouping
    stm32f1xx_hal_msp.o(i.HAL_MspInit) refers to stm32f1xx_hal_cortex.o(i.HAL_NVIC_SetPriority) for HAL_NVIC_SetPriority
    usart.o(i.HAL_UART_MspDeInit) refers to stm32f1xx_hal_gpio.o(i.HAL_GPIO_DeInit) for HAL_GPIO_DeInit
    usart.o(i.HAL_UART_MspDeInit) refers to stm32f1xx_hal_dma.o(i.HAL_DMA_DeInit) for HAL_DMA_DeInit
    usart.o(i.HAL_UART_MspDeInit) refers to stm32f1xx_hal_cortex.o(i.HAL_NVIC_DisableIRQ) for HAL_NVIC_DisableIRQ
    usart.o(i.HAL_UART_MspInit) refers to stm32f1xx_hal_gpio.o(i.HAL_GPIO_Init) for HAL_GPIO_Init
    usart.o(i.HAL_UART_MspInit) refers to stm32f1xx_hal_dma.o(i.HAL_DMA_Init) for HAL_DMA_Init
    usart.o(i.HAL_UART_MspInit) refers to main.o(i._Error_Handler) for _Error_Handler
    usart.o(i.HAL_UART_MspInit) refers to stm32f1xx_hal_cortex.o(i.HAL_NVIC_SetPriority) for HAL_NVIC_SetPriority
    usart.o(i.HAL_UART_MspInit) refers to stm32f1xx_hal_cortex.o(i.HAL_NVIC_EnableIRQ) for HAL_NVIC_EnableIRQ
    usart.o(i.HAL_UART_MspInit) refers to usart.o(.bss) for .bss
    usart.o(i.MX_USART1_UART_Init) refers to stm32f1xx_hal_uart.o(i.HAL_UART_Init) for HAL_UART_Init
    usart.o(i.MX_USART1_UART_Init) refers to main.o(i._Error_Handler) for _Error_Handler
    usart.o(i.MX_USART1_UART_Init) refers to usart.o(.bss) for .bss
    gpio.o(i.MX_GPIO_Init) refers to stm32f1xx_hal_gpio.o(i.HAL_GPIO_WritePin) for HAL_GPIO_WritePin
    gpio.o(i.MX_GPIO_Init) refers to stm32f1xx_hal_gpio.o(i.HAL_GPIO_Init) for HAL_GPIO_Init
    main.o(i.HAL_TIM_PeriodElapsedCallback) refers to stm32f1xx_hal_tim.o(i.HAL_TIM_Base_Stop_IT) for HAL_TIM_Base_Stop_IT
    main.o(i.HAL_TIM_PeriodElapsedCallback) refers to slave.o(i.Send_Audio) for Send_Audio
    main.o(i.HAL_TIM_PeriodElapsedCallback) refers to tim.o(.bss) for htim2
    main.o(i.HAL_TIM_PeriodElapsedCallback) refers to main.o(.bss) for .bss
    main.o(i.HAL_TIM_PeriodElapsedCallback) refers to slave.o(.data) for state
    main.o(i.HAL_UART_RxCpltCallback) refers to slave.o(i.GetNewData) for GetNewData
    main.o(i.HAL_UART_RxCpltCallback) refers to stm32f1xx_hal_uart.o(i.HAL_UART_Abort) for HAL_UART_Abort
    main.o(i.HAL_UART_RxCpltCallback) refers to stm32f1xx_hal_uart.o(i.HAL_UART_Receive_IT) for HAL_UART_Receive_IT
    main.o(i.HAL_UART_RxCpltCallback) refers to slave.o(i.Send_PCK) for Send_PCK
    main.o(i.HAL_UART_RxCpltCallback) refers to stm32f1xx_hal_tim.o(i.HAL_TIM_Base_Stop_IT) for HAL_TIM_Base_Stop_IT
    main.o(i.HAL_UART_RxCpltCallback) refers to stm32f1xx_hal_tim.o(i.HAL_TIM_Base_Start_IT) for HAL_TIM_Base_Start_IT
    main.o(i.HAL_UART_RxCpltCallback) refers to stm32f1xx_hal_uart.o(i.HAL_UART_Receive_DMA) for HAL_UART_Receive_DMA
    main.o(i.HAL_UART_RxCpltCallback) refers to slave.o(i.Send_Audio) for Send_Audio
    main.o(i.HAL_UART_RxCpltCallback) refers to slave.o(.data) for state
    main.o(i.HAL_UART_RxCpltCallback) refers to tim.o(.bss) for htim2
    main.o(i.HAL_UART_RxCpltCallback) refers to main.o(.data) for .data
    main.o(i.HAL_UART_RxCpltCallback) refers to usart.o(.bss) for huart1
    main.o(i.HAL_UART_RxCpltCallback) refers to main.o(.bss) for .bss
    main.o(i.HAL_UART_TxCpltCallback) refers to stm32f1xx_hal_gpio.o(i.HAL_GPIO_WritePin) for HAL_GPIO_WritePin
    main.o(i.HAL_UART_TxCpltCallback) refers to stm32f1xx_hal_uart.o(i.HAL_UART_Abort) for HAL_UART_Abort
    main.o(i.HAL_UART_TxCpltCallback) refers to stm32f1xx_hal_uart.o(i.HAL_UART_Receive_IT) for HAL_UART_Receive_IT
    main.o(i.HAL_UART_TxCpltCallback) refers to slave.o(.data) for state
    main.o(i.HAL_UART_TxCpltCallback) refers to usart.o(.bss) for huart1
    main.o(i.HAL_UART_TxCpltCallback) refers to main.o(.data) for .data
    main.o(i.SystemClock_Config) refers to stm32f1xx_hal_rcc.o(i.HAL_RCC_OscConfig) for HAL_RCC_OscConfig
    main.o(i.SystemClock_Config) refers to stm32f1xx_hal_rcc.o(i.HAL_RCC_ClockConfig) for HAL_RCC_ClockConfig
    main.o(i.SystemClock_Config) refers to stm32f1xx_hal_rcc.o(i.HAL_RCC_GetHCLKFreq) for HAL_RCC_GetHCLKFreq
    main.o(i.SystemClock_Config) refers to stm32f1xx_hal_cortex.o(i.HAL_SYSTICK_Config) for HAL_SYSTICK_Config
    main.o(i.SystemClock_Config) refers to stm32f1xx_hal_cortex.o(i.HAL_SYSTICK_CLKSourceConfig) for HAL_SYSTICK_CLKSourceConfig
    main.o(i.SystemClock_Config) refers to stm32f1xx_hal_cortex.o(i.HAL_NVIC_SetPriority) for HAL_NVIC_SetPriority
    main.o(i.main) refers to stm32f1xx_hal.o(i.HAL_Init) for HAL_Init
    main.o(i.main) refers to main.o(i.SystemClock_Config) for SystemClock_Config
    main.o(i.main) refers to gpio.o(i.MX_GPIO_Init) for MX_GPIO_Init
    main.o(i.main) refers to dma.o(i.MX_DMA_Init) for MX_DMA_Init
    main.o(i.main) refers to usart.o(i.MX_USART1_UART_Init) for MX_USART1_UART_Init
    main.o(i.main) refers to tim.o(i.MX_TIM2_Init) for MX_TIM2_Init
    main.o(i.main) refers to stm32f1xx_hal_uart.o(i.HAL_UART_Receive_IT) for HAL_UART_Receive_IT
    main.o(i.main) refers to stm32f1xx_hal.o(i.HAL_Delay) for HAL_Delay
    main.o(i.main) refers to slave.o(.data) for state
    main.o(i.main) refers to main.o(.data) for .data
    main.o(i.main) refers to usart.o(.bss) for huart1
    stm32f1xx_it.o(i.DMA1_Channel4_IRQHandler) refers to stm32f1xx_hal_dma.o(i.HAL_DMA_IRQHandler) for HAL_DMA_IRQHandler
    stm32f1xx_it.o(i.DMA1_Channel4_IRQHandler) refers to usart.o(.bss) for hdma_usart1_tx
    stm32f1xx_it.o(i.DMA1_Channel5_IRQHandler) refers to stm32f1xx_hal_dma.o(i.HAL_DMA_IRQHandler) for HAL_DMA_IRQHandler
    stm32f1xx_it.o(i.DMA1_Channel5_IRQHandler) refers to usart.o(.bss) for hdma_usart1_rx
    stm32f1xx_it.o(i.SysTick_Handler) refers to stm32f1xx_hal.o(i.HAL_IncTick) for HAL_IncTick
    stm32f1xx_it.o(i.SysTick_Handler) refers to stm32f1xx_hal_cortex.o(i.HAL_SYSTICK_IRQHandler) for HAL_SYSTICK_IRQHandler
    stm32f1xx_it.o(i.TIM2_IRQHandler) refers to stm32f1xx_hal_tim.o(i.HAL_TIM_IRQHandler) for HAL_TIM_IRQHandler
    stm32f1xx_it.o(i.TIM2_IRQHandler) refers to tim.o(.bss) for htim2
    stm32f1xx_it.o(i.USART1_IRQHandler) refers to stm32f1xx_hal_uart.o(i.HAL_UART_IRQHandler) for HAL_UART_IRQHandler
    stm32f1xx_it.o(i.USART1_IRQHandler) refers to usart.o(.bss) for huart1
    tim.o(i.HAL_TIM_Base_MspDeInit) refers to stm32f1xx_hal_cortex.o(i.HAL_NVIC_DisableIRQ) for HAL_NVIC_DisableIRQ
    tim.o(i.HAL_TIM_Base_MspInit) refers to stm32f1xx_hal_cortex.o(i.HAL_NVIC_SetPriority) for HAL_NVIC_SetPriority
    tim.o(i.HAL_TIM_Base_MspInit) refers to stm32f1xx_hal_cortex.o(i.HAL_NVIC_EnableIRQ) for HAL_NVIC_EnableIRQ
    tim.o(i.MX_TIM2_Init) refers to stm32f1xx_hal_tim.o(i.HAL_TIM_Base_Init) for HAL_TIM_Base_Init
    tim.o(i.MX_TIM2_Init) refers to main.o(i._Error_Handler) for _Error_Handler
    tim.o(i.MX_TIM2_Init) refers to stm32f1xx_hal_tim.o(i.HAL_TIM_ConfigClockSource) for HAL_TIM_ConfigClockSource
    tim.o(i.MX_TIM2_Init) refers to stm32f1xx_hal_tim_ex.o(i.HAL_TIMEx_MasterConfigSynchronization) for HAL_TIMEx_MasterConfigSynchronization
    tim.o(i.MX_TIM2_Init) refers to tim.o(.bss) for .bss
    dma.o(i.MX_DMA_Init) refers to stm32f1xx_hal_cortex.o(i.HAL_NVIC_SetPriority) for HAL_NVIC_SetPriority
    dma.o(i.MX_DMA_Init) refers to stm32f1xx_hal_cortex.o(i.HAL_NVIC_EnableIRQ) for HAL_NVIC_EnableIRQ
    slave.o(i.GetNewData) refers to slave.o(i.Check_PCK) for Check_PCK
    slave.o(i.GetNewData) refers to slave.o(.data) for .data
    slave.o(i.GetNewData) refers to slave.o(.bss) for .bss
    slave.o(i.Send_Audio) refers to stm32f1xx_hal_gpio.o(i.HAL_GPIO_WritePin) for HAL_GPIO_WritePin
    slave.o(i.Send_Audio) refers to stm32f1xx_hal_uart.o(i.HAL_UART_Transmit_DMA) for HAL_UART_Transmit_DMA
    slave.o(i.Send_Audio) refers to usart.o(.bss) for huart1
    slave.o(i.Send_Audio) refers to slave.o(.data) for .data
    slave.o(i.Send_PCK) refers to slave.o(i.Init_PCK) for Init_PCK
    slave.o(i.Send_PCK) refers to stm32f1xx_hal_gpio.o(i.HAL_GPIO_WritePin) for HAL_GPIO_WritePin
    slave.o(i.Send_PCK) refers to stm32f1xx_hal_uart.o(i.HAL_UART_Transmit_DMA) for HAL_UART_Transmit_DMA
    slave.o(i.Send_PCK) refers to slave.o(.bss) for .bss
    slave.o(i.Send_PCK) refers to usart.o(.bss) for huart1
    slave.o(i.Send_PCK) refers to slave.o(.data) for .data
    startup_stm32f103xb.o(RESET) refers to startup_stm32f103xb.o(STACK) for __initial_sp
    startup_stm32f103xb.o(RESET) refers to startup_stm32f103xb.o(.text) for Reset_Handler
    startup_stm32f103xb.o(RESET) refers to stm32f1xx_it.o(i.NMI_Handler) for NMI_Handler
    startup_stm32f103xb.o(RESET) refers to stm32f1xx_it.o(i.HardFault_Handler) for HardFault_Handler
    startup_stm32f103xb.o(RESET) refers to stm32f1xx_it.o(i.MemManage_Handler) for MemManage_Handler
    startup_stm32f103xb.o(RESET) refers to stm32f1xx_it.o(i.BusFault_Handler) for BusFault_Handler
    startup_stm32f103xb.o(RESET) refers to stm32f1xx_it.o(i.UsageFault_Handler) for UsageFault_Handler
    startup_stm32f103xb.o(RESET) refers to stm32f1xx_it.o(i.SVC_Handler) for SVC_Handler
    startup_stm32f103xb.o(RESET) refers to stm32f1xx_it.o(i.DebugMon_Handler) for DebugMon_Handler
    startup_stm32f103xb.o(RESET) refers to stm32f1xx_it.o(i.PendSV_Handler) for PendSV_Handler
    startup_stm32f103xb.o(RESET) refers to stm32f1xx_it.o(i.SysTick_Handler) for SysTick_Handler
    startup_stm32f103xb.o(RESET) refers to stm32f1xx_it.o(i.DMA1_Channel4_IRQHandler) for DMA1_Channel4_IRQHandler
    startup_stm32f103xb.o(RESET) refers to stm32f1xx_it.o(i.DMA1_Channel5_IRQHandler) for DMA1_Channel5_IRQHandler
    startup_stm32f103xb.o(RESET) refers to stm32f1xx_it.o(i.TIM2_IRQHandler) for TIM2_IRQHandler
    startup_stm32f103xb.o(RESET) refers to stm32f1xx_it.o(i.USART1_IRQHandler) for USART1_IRQHandler
    startup_stm32f103xb.o(.text) refers to system_stm32f1xx.o(i.SystemInit) for SystemInit
    startup_stm32f103xb.o(.text) refers to entry.o(.ARM.Collect$$$$00000000) for __main
    system_stm32f1xx.o(i.SystemCoreClockUpdate) refers to system_stm32f1xx.o(.data) for .data
    system_stm32f1xx.o(i.SystemCoreClockUpdate) refers to system_stm32f1xx.o(.constdata) for .constdata
    entry.o(.ARM.Collect$$$$00000000) refers (Special) to entry10a.o(.ARM.Collect$$$$0000000D) for __rt_final_cpp
    entry.o(.ARM.Collect$$$$00000000) refers (Special) to entry11a.o(.ARM.Collect$$$$0000000F) for __rt_final_exit
    entry.o(.ARM.Collect$$$$00000000) refers (Special) to entry7b.o(.ARM.Collect$$$$00000008) for _main_clock
    entry.o(.ARM.Collect$$$$00000000) refers (Special) to entry8b.o(.ARM.Collect$$$$0000000A) for _main_cpp_init
    entry.o(.ARM.Collect$$$$00000000) refers (Special) to entry9a.o(.ARM.Collect$$$$0000000B) for _main_init
    entry.o(.ARM.Collect$$$$00000000) refers (Special) to entry5.o(.ARM.Collect$$$$00000004) for _main_scatterload
    entry.o(.ARM.Collect$$$$00000000) refers (Special) to entry2.o(.ARM.Collect$$$$00000001) for _main_stk
    entry2.o(.ARM.Collect$$$$00000001) refers to entry2.o(.ARM.Collect$$$$00002712) for __lit__00000000
    entry2.o(.ARM.Collect$$$$00002712) refers to startup_stm32f103xb.o(STACK) for __initial_sp
    entry2.o(__vectab_stack_and_reset_area) refers to startup_stm32f103xb.o(STACK) for __initial_sp
    entry2.o(__vectab_stack_and_reset_area) refers to entry.o(.ARM.Collect$$$$00000000) for __main
    entry5.o(.ARM.Collect$$$$00000004) refers to init.o(.text) for __scatterload
    entry9a.o(.ARM.Collect$$$$0000000B) refers to main.o(i.main) for main
    entry9b.o(.ARM.Collect$$$$0000000C) refers to main.o(i.main) for main
    init.o(.text) refers to entry5.o(.ARM.Collect$$$$00000004) for __main_after_scatterload


==============================================================================

Removing Unused input sections from the image.

    Removing stm32f1xx_hal_tim_ex.o(.rev16_text), (4 bytes).
    Removing stm32f1xx_hal_tim_ex.o(.revsh_text), (4 bytes).
    Removing stm32f1xx_hal_tim_ex.o(.rrx_text), (6 bytes).
    Removing stm32f1xx_hal_tim_ex.o(i.HAL_TIMEx_ConfigBreakDeadTime), (90 bytes).
    Removing stm32f1xx_hal_tim_ex.o(i.HAL_TIMEx_ConfigCommutationEvent), (92 bytes).
    Removing stm32f1xx_hal_tim_ex.o(i.HAL_TIMEx_ConfigCommutationEvent_DMA), (124 bytes).
    Removing stm32f1xx_hal_tim_ex.o(i.HAL_TIMEx_ConfigCommutationEvent_IT), (102 bytes).
    Removing stm32f1xx_hal_tim_ex.o(i.HAL_TIMEx_HallSensor_DeInit), (56 bytes).
    Removing stm32f1xx_hal_tim_ex.o(i.HAL_TIMEx_HallSensor_GetState), (6 bytes).
    Removing stm32f1xx_hal_tim_ex.o(i.HAL_TIMEx_HallSensor_Init), (188 bytes).
    Removing stm32f1xx_hal_tim_ex.o(i.HAL_TIMEx_HallSensor_MspDeInit), (2 bytes).
    Removing stm32f1xx_hal_tim_ex.o(i.HAL_TIMEx_HallSensor_MspInit), (2 bytes).
    Removing stm32f1xx_hal_tim_ex.o(i.HAL_TIMEx_HallSensor_Start), (28 bytes).
    Removing stm32f1xx_hal_tim_ex.o(i.HAL_TIMEx_HallSensor_Start_DMA), (104 bytes).
    Removing stm32f1xx_hal_tim_ex.o(i.HAL_TIMEx_HallSensor_Start_IT), (38 bytes).
    Removing stm32f1xx_hal_tim_ex.o(i.HAL_TIMEx_HallSensor_Stop), (46 bytes).
    Removing stm32f1xx_hal_tim_ex.o(i.HAL_TIMEx_HallSensor_Stop_DMA), (56 bytes).
    Removing stm32f1xx_hal_tim_ex.o(i.HAL_TIMEx_HallSensor_Stop_IT), (56 bytes).
    Removing stm32f1xx_hal_tim_ex.o(i.HAL_TIMEx_OCN_Start), (36 bytes).
    Removing stm32f1xx_hal_tim_ex.o(i.HAL_TIMEx_OCN_Start_DMA), (220 bytes).
    Removing stm32f1xx_hal_tim_ex.o(i.HAL_TIMEx_OCN_Start_IT), (96 bytes).
    Removing stm32f1xx_hal_tim_ex.o(i.HAL_TIMEx_OCN_Stop), (68 bytes).
    Removing stm32f1xx_hal_tim_ex.o(i.HAL_TIMEx_OCN_Stop_DMA), (124 bytes).
    Removing stm32f1xx_hal_tim_ex.o(i.HAL_TIMEx_OCN_Stop_IT), (134 bytes).
    Removing stm32f1xx_hal_tim_ex.o(i.HAL_TIMEx_OnePulseN_Start), (26 bytes).
    Removing stm32f1xx_hal_tim_ex.o(i.HAL_TIMEx_OnePulseN_Start_IT), (46 bytes).
    Removing stm32f1xx_hal_tim_ex.o(i.HAL_TIMEx_OnePulseN_Stop), (68 bytes).
    Removing stm32f1xx_hal_tim_ex.o(i.HAL_TIMEx_OnePulseN_Stop_IT), (88 bytes).
    Removing stm32f1xx_hal_tim_ex.o(i.HAL_TIMEx_PWMN_Start), (36 bytes).
    Removing stm32f1xx_hal_tim_ex.o(i.HAL_TIMEx_PWMN_Start_DMA), (220 bytes).
    Removing stm32f1xx_hal_tim_ex.o(i.HAL_TIMEx_PWMN_Start_IT), (96 bytes).
    Removing stm32f1xx_hal_tim_ex.o(i.HAL_TIMEx_PWMN_Stop), (68 bytes).
    Removing stm32f1xx_hal_tim_ex.o(i.HAL_TIMEx_PWMN_Stop_DMA), (124 bytes).
    Removing stm32f1xx_hal_tim_ex.o(i.HAL_TIMEx_PWMN_Stop_IT), (134 bytes).
    Removing stm32f1xx_hal_tim_ex.o(i.TIMEx_DMACommutationCplt), (16 bytes).
    Removing stm32f1xx_hal_tim_ex.o(i.TIM_CCxNChannelCmd), (22 bytes).
    Removing stm32f1xx_hal_gpio.o(.rev16_text), (4 bytes).
    Removing stm32f1xx_hal_gpio.o(.revsh_text), (4 bytes).
    Removing stm32f1xx_hal_gpio.o(.rrx_text), (6 bytes).
    Removing stm32f1xx_hal_gpio.o(i.HAL_GPIO_DeInit), (228 bytes).
    Removing stm32f1xx_hal_gpio.o(i.HAL_GPIO_EXTI_Callback), (2 bytes).
    Removing stm32f1xx_hal_gpio.o(i.HAL_GPIO_EXTI_IRQHandler), (24 bytes).
    Removing stm32f1xx_hal_gpio.o(i.HAL_GPIO_LockPin), (34 bytes).
    Removing stm32f1xx_hal_gpio.o(i.HAL_GPIO_ReadPin), (10 bytes).
    Removing stm32f1xx_hal_gpio.o(i.HAL_GPIO_TogglePin), (8 bytes).
    Removing stm32f1xx_hal_dma.o(.rev16_text), (4 bytes).
    Removing stm32f1xx_hal_dma.o(.revsh_text), (4 bytes).
    Removing stm32f1xx_hal_dma.o(.rrx_text), (6 bytes).
    Removing stm32f1xx_hal_dma.o(i.HAL_DMA_DeInit), (84 bytes).
    Removing stm32f1xx_hal_dma.o(i.HAL_DMA_GetError), (4 bytes).
    Removing stm32f1xx_hal_dma.o(i.HAL_DMA_GetState), (6 bytes).
    Removing stm32f1xx_hal_dma.o(i.HAL_DMA_PollForTransfer), (532 bytes).
    Removing stm32f1xx_hal_dma.o(i.HAL_DMA_RegisterCallback), (74 bytes).
    Removing stm32f1xx_hal_dma.o(i.HAL_DMA_Start), (80 bytes).
    Removing stm32f1xx_hal_dma.o(i.HAL_DMA_UnRegisterCallback), (82 bytes).
    Removing stm32f1xx_hal_cortex.o(.rev16_text), (4 bytes).
    Removing stm32f1xx_hal_cortex.o(.revsh_text), (4 bytes).
    Removing stm32f1xx_hal_cortex.o(.rrx_text), (6 bytes).
    Removing stm32f1xx_hal_cortex.o(i.HAL_NVIC_ClearPendingIRQ), (22 bytes).
    Removing stm32f1xx_hal_cortex.o(i.HAL_NVIC_DisableIRQ), (22 bytes).
    Removing stm32f1xx_hal_cortex.o(i.HAL_NVIC_GetActive), (32 bytes).
    Removing stm32f1xx_hal_cortex.o(i.HAL_NVIC_GetPendingIRQ), (32 bytes).
    Removing stm32f1xx_hal_cortex.o(i.HAL_NVIC_GetPriority), (82 bytes).
    Removing stm32f1xx_hal_cortex.o(i.HAL_NVIC_GetPriorityGrouping), (16 bytes).
    Removing stm32f1xx_hal_cortex.o(i.HAL_NVIC_SetPendingIRQ), (22 bytes).
    Removing stm32f1xx_hal_cortex.o(i.HAL_NVIC_SystemReset), (36 bytes).
    Removing stm32f1xx_hal_pwr.o(.rev16_text), (4 bytes).
    Removing stm32f1xx_hal_pwr.o(.revsh_text), (4 bytes).
    Removing stm32f1xx_hal_pwr.o(.rrx_text), (6 bytes).
    Removing stm32f1xx_hal_pwr.o(i.HAL_PWR_ConfigPVD), (124 bytes).
    Removing stm32f1xx_hal_pwr.o(i.HAL_PWR_DeInit), (24 bytes).
    Removing stm32f1xx_hal_pwr.o(i.HAL_PWR_DisableBkUpAccess), (12 bytes).
    Removing stm32f1xx_hal_pwr.o(i.HAL_PWR_DisablePVD), (12 bytes).
    Removing stm32f1xx_hal_pwr.o(i.HAL_PWR_DisableSEVOnPend), (16 bytes).
    Removing stm32f1xx_hal_pwr.o(i.HAL_PWR_DisableSleepOnExit), (16 bytes).
    Removing stm32f1xx_hal_pwr.o(i.HAL_PWR_DisableWakeUpPin), (28 bytes).
    Removing stm32f1xx_hal_pwr.o(i.HAL_PWR_EnableBkUpAccess), (12 bytes).
    Removing stm32f1xx_hal_pwr.o(i.HAL_PWR_EnablePVD), (12 bytes).
    Removing stm32f1xx_hal_pwr.o(i.HAL_PWR_EnableSEVOnPend), (16 bytes).
    Removing stm32f1xx_hal_pwr.o(i.HAL_PWR_EnableSleepOnExit), (16 bytes).
    Removing stm32f1xx_hal_pwr.o(i.HAL_PWR_EnableWakeUpPin), (28 bytes).
    Removing stm32f1xx_hal_pwr.o(i.HAL_PWR_EnterSLEEPMode), (32 bytes).
    Removing stm32f1xx_hal_pwr.o(i.HAL_PWR_EnterSTANDBYMode), (32 bytes).
    Removing stm32f1xx_hal_pwr.o(i.HAL_PWR_EnterSTOPMode), (68 bytes).
    Removing stm32f1xx_hal_pwr.o(i.HAL_PWR_PVDCallback), (2 bytes).
    Removing stm32f1xx_hal_pwr.o(i.HAL_PWR_PVD_IRQHandler), (28 bytes).
    Removing stm32f1xx_hal_pwr.o(i.PWR_OverloadWfe), (6 bytes).
    Removing stm32f1xx_hal_gpio_ex.o(.rev16_text), (4 bytes).
    Removing stm32f1xx_hal_gpio_ex.o(.revsh_text), (4 bytes).
    Removing stm32f1xx_hal_gpio_ex.o(.rrx_text), (6 bytes).
    Removing stm32f1xx_hal_gpio_ex.o(i.HAL_GPIOEx_ConfigEventout), (20 bytes).
    Removing stm32f1xx_hal_gpio_ex.o(i.HAL_GPIOEx_DisableEventout), (16 bytes).
    Removing stm32f1xx_hal_gpio_ex.o(i.HAL_GPIOEx_EnableEventout), (16 bytes).
    Removing stm32f1xx_hal_uart.o(.rev16_text), (4 bytes).
    Removing stm32f1xx_hal_uart.o(.revsh_text), (4 bytes).
    Removing stm32f1xx_hal_uart.o(.rrx_text), (6 bytes).
    Removing stm32f1xx_hal_uart.o(i.HAL_HalfDuplex_EnableReceiver), (50 bytes).
    Removing stm32f1xx_hal_uart.o(i.HAL_HalfDuplex_EnableTransmitter), (50 bytes).
    Removing stm32f1xx_hal_uart.o(i.HAL_HalfDuplex_Init), (108 bytes).
    Removing stm32f1xx_hal_uart.o(i.HAL_LIN_Init), (122 bytes).
    Removing stm32f1xx_hal_uart.o(i.HAL_LIN_SendBreak), (46 bytes).
    Removing stm32f1xx_hal_uart.o(i.HAL_MultiProcessor_EnterMuteMode), (46 bytes).
    Removing stm32f1xx_hal_uart.o(i.HAL_MultiProcessor_ExitMuteMode), (46 bytes).
    Removing stm32f1xx_hal_uart.o(i.HAL_MultiProcessor_Init), (130 bytes).
    Removing stm32f1xx_hal_uart.o(i.HAL_UART_AbortCpltCallback), (2 bytes).
    Removing stm32f1xx_hal_uart.o(i.HAL_UART_AbortReceive), (68 bytes).
    Removing stm32f1xx_hal_uart.o(i.HAL_UART_AbortReceiveCpltCallback), (2 bytes).
    Removing stm32f1xx_hal_uart.o(i.HAL_UART_AbortReceive_IT), (92 bytes).
    Removing stm32f1xx_hal_uart.o(i.HAL_UART_AbortTransmit), (58 bytes).
    Removing stm32f1xx_hal_uart.o(i.HAL_UART_AbortTransmitCpltCallback), (2 bytes).
    Removing stm32f1xx_hal_uart.o(i.HAL_UART_AbortTransmit_IT), (84 bytes).
    Removing stm32f1xx_hal_uart.o(i.HAL_UART_Abort_IT), (172 bytes).
    Removing stm32f1xx_hal_uart.o(i.HAL_UART_DMAPause), (102 bytes).
    Removing stm32f1xx_hal_uart.o(i.HAL_UART_DMAResume), (94 bytes).
    Removing stm32f1xx_hal_uart.o(i.HAL_UART_DMAStop), (88 bytes).
    Removing stm32f1xx_hal_uart.o(i.HAL_UART_DeInit), (40 bytes).
    Removing stm32f1xx_hal_uart.o(i.HAL_UART_GetError), (4 bytes).
    Removing stm32f1xx_hal_uart.o(i.HAL_UART_GetState), (10 bytes).
    Removing stm32f1xx_hal_uart.o(i.HAL_UART_MspDeInit), (2 bytes).
    Removing stm32f1xx_hal_uart.o(i.HAL_UART_MspInit), (2 bytes).
    Removing stm32f1xx_hal_uart.o(i.HAL_UART_Receive), (184 bytes).
    Removing stm32f1xx_hal_uart.o(i.HAL_UART_RxCpltCallback), (2 bytes).
    Removing stm32f1xx_hal_uart.o(i.HAL_UART_Transmit), (186 bytes).
    Removing stm32f1xx_hal_uart.o(i.HAL_UART_Transmit_IT), (62 bytes).
    Removing stm32f1xx_hal_uart.o(i.HAL_UART_TxCpltCallback), (2 bytes).
    Removing stm32f1xx_hal_uart.o(i.UART_DMARxAbortCallback), (42 bytes).
    Removing stm32f1xx_hal_uart.o(i.UART_DMARxOnlyAbortCallback), (20 bytes).
    Removing stm32f1xx_hal_uart.o(i.UART_DMATxAbortCallback), (42 bytes).
    Removing stm32f1xx_hal_uart.o(i.UART_DMATxOnlyAbortCallback), (20 bytes).
    Removing stm32f1xx_hal_uart.o(i.UART_WaitOnFlagUntilTimeout), (100 bytes).
    Removing stm32f1xx_hal.o(.rev16_text), (4 bytes).
    Removing stm32f1xx_hal.o(.revsh_text), (4 bytes).
    Removing stm32f1xx_hal.o(.rrx_text), (6 bytes).
    Removing stm32f1xx_hal.o(i.HAL_DBGMCU_DisableDBGSleepMode), (16 bytes).
    Removing stm32f1xx_hal.o(i.HAL_DBGMCU_DisableDBGStandbyMode), (16 bytes).
    Removing stm32f1xx_hal.o(i.HAL_DBGMCU_DisableDBGStopMode), (16 bytes).
    Removing stm32f1xx_hal.o(i.HAL_DBGMCU_EnableDBGSleepMode), (16 bytes).
    Removing stm32f1xx_hal.o(i.HAL_DBGMCU_EnableDBGStandbyMode), (16 bytes).
    Removing stm32f1xx_hal.o(i.HAL_DBGMCU_EnableDBGStopMode), (16 bytes).
    Removing stm32f1xx_hal.o(i.HAL_DeInit), (32 bytes).
    Removing stm32f1xx_hal.o(i.HAL_GetDEVID), (16 bytes).
    Removing stm32f1xx_hal.o(i.HAL_GetHalVersion), (8 bytes).
    Removing stm32f1xx_hal.o(i.HAL_GetREVID), (12 bytes).
    Removing stm32f1xx_hal.o(i.HAL_GetUID), (28 bytes).
    Removing stm32f1xx_hal.o(i.HAL_MspDeInit), (2 bytes).
    Removing stm32f1xx_hal.o(i.HAL_MspInit), (2 bytes).
    Removing stm32f1xx_hal.o(i.HAL_ResumeTick), (14 bytes).
    Removing stm32f1xx_hal.o(i.HAL_SuspendTick), (14 bytes).
    Removing stm32f1xx_hal_tim.o(.rev16_text), (4 bytes).
    Removing stm32f1xx_hal_tim.o(.revsh_text), (4 bytes).
    Removing stm32f1xx_hal_tim.o(.rrx_text), (6 bytes).
    Removing stm32f1xx_hal_tim.o(i.HAL_TIM_Base_DeInit), (56 bytes).
    Removing stm32f1xx_hal_tim.o(i.HAL_TIM_Base_GetState), (6 bytes).
    Removing stm32f1xx_hal_tim.o(i.HAL_TIM_Base_MspDeInit), (2 bytes).
    Removing stm32f1xx_hal_tim.o(i.HAL_TIM_Base_MspInit), (2 bytes).
    Removing stm32f1xx_hal_tim.o(i.HAL_TIM_Base_Start), (26 bytes).
    Removing stm32f1xx_hal_tim.o(i.HAL_TIM_Base_Start_DMA), (92 bytes).
    Removing stm32f1xx_hal_tim.o(i.HAL_TIM_Base_Stop), (44 bytes).
    Removing stm32f1xx_hal_tim.o(i.HAL_TIM_Base_Stop_DMA), (48 bytes).
    Removing stm32f1xx_hal_tim.o(i.HAL_TIM_ConfigOCrefClear), (184 bytes).
    Removing stm32f1xx_hal_tim.o(i.HAL_TIM_ConfigTI1Input), (16 bytes).
    Removing stm32f1xx_hal_tim.o(i.HAL_TIM_DMABurst_ReadStart), (260 bytes).
    Removing stm32f1xx_hal_tim.o(i.HAL_TIM_DMABurst_ReadStop), (96 bytes).
    Removing stm32f1xx_hal_tim.o(i.HAL_TIM_DMABurst_WriteStart), (260 bytes).
    Removing stm32f1xx_hal_tim.o(i.HAL_TIM_DMABurst_WriteStop), (96 bytes).
    Removing stm32f1xx_hal_tim.o(i.HAL_TIM_Encoder_DeInit), (56 bytes).
    Removing stm32f1xx_hal_tim.o(i.HAL_TIM_Encoder_GetState), (6 bytes).
    Removing stm32f1xx_hal_tim.o(i.HAL_TIM_Encoder_Init), (150 bytes).
    Removing stm32f1xx_hal_tim.o(i.HAL_TIM_Encoder_MspDeInit), (2 bytes).
    Removing stm32f1xx_hal_tim.o(i.HAL_TIM_Encoder_MspInit), (2 bytes).
    Removing stm32f1xx_hal_tim.o(i.HAL_TIM_Encoder_Start), (52 bytes).
    Removing stm32f1xx_hal_tim.o(i.HAL_TIM_Encoder_Start_DMA), (272 bytes).
    Removing stm32f1xx_hal_tim.o(i.HAL_TIM_Encoder_Start_IT), (92 bytes).
    Removing stm32f1xx_hal_tim.o(i.HAL_TIM_Encoder_Stop), (70 bytes).
    Removing stm32f1xx_hal_tim.o(i.HAL_TIM_Encoder_Stop_DMA), (116 bytes).
    Removing stm32f1xx_hal_tim.o(i.HAL_TIM_Encoder_Stop_IT), (116 bytes).
    Removing stm32f1xx_hal_tim.o(i.HAL_TIM_ErrorCallback), (2 bytes).
    Removing stm32f1xx_hal_tim.o(i.HAL_TIM_GenerateEvent), (38 bytes).
    Removing stm32f1xx_hal_tim.o(i.HAL_TIM_IC_ConfigChannel), (282 bytes).
    Removing stm32f1xx_hal_tim.o(i.HAL_TIM_IC_DeInit), (56 bytes).
    Removing stm32f1xx_hal_tim.o(i.HAL_TIM_IC_GetState), (6 bytes).
    Removing stm32f1xx_hal_tim.o(i.HAL_TIM_IC_Init), (54 bytes).
    Removing stm32f1xx_hal_tim.o(i.HAL_TIM_IC_MspDeInit), (2 bytes).
    Removing stm32f1xx_hal_tim.o(i.HAL_TIM_IC_MspInit), (2 bytes).
    Removing stm32f1xx_hal_tim.o(i.HAL_TIM_IC_Start), (26 bytes).
    Removing stm32f1xx_hal_tim.o(i.HAL_TIM_IC_Start_DMA), (200 bytes).
    Removing stm32f1xx_hal_tim.o(i.HAL_TIM_IC_Start_IT), (76 bytes).
    Removing stm32f1xx_hal_tim.o(i.HAL_TIM_IC_Stop), (44 bytes).
    Removing stm32f1xx_hal_tim.o(i.HAL_TIM_IC_Stop_DMA), (100 bytes).
    Removing stm32f1xx_hal_tim.o(i.HAL_TIM_IC_Stop_IT), (94 bytes).
    Removing stm32f1xx_hal_tim.o(i.HAL_TIM_OC_ConfigChannel), (86 bytes).
    Removing stm32f1xx_hal_tim.o(i.HAL_TIM_OC_DeInit), (56 bytes).
    Removing stm32f1xx_hal_tim.o(i.HAL_TIM_OC_GetState), (6 bytes).
    Removing stm32f1xx_hal_tim.o(i.HAL_TIM_OC_Init), (54 bytes).
    Removing stm32f1xx_hal_tim.o(i.HAL_TIM_OC_MspDeInit), (2 bytes).
    Removing stm32f1xx_hal_tim.o(i.HAL_TIM_OC_MspInit), (2 bytes).
    Removing stm32f1xx_hal_tim.o(i.HAL_TIM_OC_Start), (48 bytes).
    Removing stm32f1xx_hal_tim.o(i.HAL_TIM_OC_Start_DMA), (228 bytes).
    Removing stm32f1xx_hal_tim.o(i.HAL_TIM_OC_Start_IT), (96 bytes).
    Removing stm32f1xx_hal_tim.o(i.HAL_TIM_OC_Stop), (76 bytes).
    Removing stm32f1xx_hal_tim.o(i.HAL_TIM_OC_Stop_DMA), (132 bytes).
    Removing stm32f1xx_hal_tim.o(i.HAL_TIM_OC_Stop_IT), (128 bytes).
    Removing stm32f1xx_hal_tim.o(i.HAL_TIM_OnePulse_ConfigChannel), (218 bytes).
    Removing stm32f1xx_hal_tim.o(i.HAL_TIM_OnePulse_DeInit), (56 bytes).
    Removing stm32f1xx_hal_tim.o(i.HAL_TIM_OnePulse_GetState), (6 bytes).
    Removing stm32f1xx_hal_tim.o(i.HAL_TIM_OnePulse_Init), (74 bytes).
    Removing stm32f1xx_hal_tim.o(i.HAL_TIM_OnePulse_MspDeInit), (2 bytes).
    Removing stm32f1xx_hal_tim.o(i.HAL_TIM_OnePulse_MspInit), (2 bytes).
    Removing stm32f1xx_hal_tim.o(i.HAL_TIM_OnePulse_Start), (48 bytes).
    Removing stm32f1xx_hal_tim.o(i.HAL_TIM_OnePulse_Start_IT), (68 bytes).
    Removing stm32f1xx_hal_tim.o(i.HAL_TIM_OnePulse_Stop), (88 bytes).
    Removing stm32f1xx_hal_tim.o(i.HAL_TIM_OnePulse_Stop_IT), (108 bytes).
    Removing stm32f1xx_hal_tim.o(i.HAL_TIM_PWM_ConfigChannel), (208 bytes).
    Removing stm32f1xx_hal_tim.o(i.HAL_TIM_PWM_DeInit), (56 bytes).
    Removing stm32f1xx_hal_tim.o(i.HAL_TIM_PWM_GetState), (6 bytes).
    Removing stm32f1xx_hal_tim.o(i.HAL_TIM_PWM_Init), (54 bytes).
    Removing stm32f1xx_hal_tim.o(i.HAL_TIM_PWM_MspDeInit), (2 bytes).
    Removing stm32f1xx_hal_tim.o(i.HAL_TIM_PWM_MspInit), (2 bytes).
    Removing stm32f1xx_hal_tim.o(i.HAL_TIM_PWM_Start), (48 bytes).
    Removing stm32f1xx_hal_tim.o(i.HAL_TIM_PWM_Start_DMA), (228 bytes).
    Removing stm32f1xx_hal_tim.o(i.HAL_TIM_PWM_Start_IT), (96 bytes).
    Removing stm32f1xx_hal_tim.o(i.HAL_TIM_PWM_Stop), (84 bytes).
    Removing stm32f1xx_hal_tim.o(i.HAL_TIM_PWM_Stop_DMA), (132 bytes).
    Removing stm32f1xx_hal_tim.o(i.HAL_TIM_PWM_Stop_IT), (128 bytes).
    Removing stm32f1xx_hal_tim.o(i.HAL_TIM_PeriodElapsedCallback), (2 bytes).
    Removing stm32f1xx_hal_tim.o(i.HAL_TIM_ReadCapturedValue), (68 bytes).
    Removing stm32f1xx_hal_tim.o(i.HAL_TIM_SlaveConfigSynchronization), (66 bytes).
    Removing stm32f1xx_hal_tim.o(i.HAL_TIM_SlaveConfigSynchronization_IT), (66 bytes).
    Removing stm32f1xx_hal_tim.o(i.TIM_CCxChannelCmd), (22 bytes).
    Removing stm32f1xx_hal_tim.o(i.TIM_DMACaptureCplt), (62 bytes).
    Removing stm32f1xx_hal_tim.o(i.TIM_DMADelayPulseCplt), (62 bytes).
    Removing stm32f1xx_hal_tim.o(i.TIM_DMAError), (16 bytes).
    Removing stm32f1xx_hal_tim.o(i.TIM_DMAPeriodElapsedCplt), (16 bytes).
    Removing stm32f1xx_hal_tim.o(i.TIM_DMATriggerCplt), (16 bytes).
    Removing stm32f1xx_hal_tim.o(i.TIM_OC1_SetConfig), (80 bytes).
    Removing stm32f1xx_hal_tim.o(i.TIM_OC2_SetConfig), (88 bytes).
    Removing stm32f1xx_hal_tim.o(i.TIM_OC3_SetConfig), (88 bytes).
    Removing stm32f1xx_hal_tim.o(i.TIM_OC4_SetConfig), (68 bytes).
    Removing stm32f1xx_hal_tim.o(i.TIM_SlaveTimer_SetConfig), (124 bytes).
    Removing stm32f1xx_hal_tim.o(i.TIM_TI1_SetConfig), (88 bytes).
    Removing stm32f1xx_hal_tim.o(i.TIM_TI2_SetConfig), (54 bytes).
    Removing stm32f1xx_hal_rcc_ex.o(.rev16_text), (4 bytes).
    Removing stm32f1xx_hal_rcc_ex.o(.revsh_text), (4 bytes).
    Removing stm32f1xx_hal_rcc_ex.o(.rrx_text), (6 bytes).
    Removing stm32f1xx_hal_rcc_ex.o(i.HAL_RCCEx_GetPeriphCLKConfig), (44 bytes).
    Removing stm32f1xx_hal_rcc_ex.o(i.HAL_RCCEx_GetPeriphCLKFreq), (200 bytes).
    Removing stm32f1xx_hal_rcc_ex.o(i.HAL_RCCEx_PeriphCLKConfig), (236 bytes).
    Removing stm32f1xx_hal_rcc.o(.rev16_text), (4 bytes).
    Removing stm32f1xx_hal_rcc.o(.revsh_text), (4 bytes).
    Removing stm32f1xx_hal_rcc.o(.rrx_text), (6 bytes).
    Removing stm32f1xx_hal_rcc.o(i.HAL_RCC_CSSCallback), (2 bytes).
    Removing stm32f1xx_hal_rcc.o(i.HAL_RCC_DeInit), (68 bytes).
    Removing stm32f1xx_hal_rcc.o(i.HAL_RCC_DisableCSS), (12 bytes).
    Removing stm32f1xx_hal_rcc.o(i.HAL_RCC_EnableCSS), (12 bytes).
    Removing stm32f1xx_hal_rcc.o(i.HAL_RCC_GetClockConfig), (64 bytes).
    Removing stm32f1xx_hal_rcc.o(i.HAL_RCC_GetOscConfig), (144 bytes).
    Removing stm32f1xx_hal_rcc.o(i.HAL_RCC_MCOConfig), (72 bytes).
    Removing stm32f1xx_hal_rcc.o(i.HAL_RCC_NMI_IRQHandler), (24 bytes).
    Removing stm32f1xx_hal_flash.o(.rev16_text), (4 bytes).
    Removing stm32f1xx_hal_flash.o(.revsh_text), (4 bytes).
    Removing stm32f1xx_hal_flash.o(.rrx_text), (6 bytes).
    Removing stm32f1xx_hal_flash.o(i.FLASH_Program_HalfWord), (28 bytes).
    Removing stm32f1xx_hal_flash.o(i.FLASH_SetErrorCode), (92 bytes).
    Removing stm32f1xx_hal_flash.o(i.FLASH_WaitForLastOperation), (84 bytes).
    Removing stm32f1xx_hal_flash.o(i.HAL_FLASH_EndOfOperationCallback), (2 bytes).
    Removing stm32f1xx_hal_flash.o(i.HAL_FLASH_GetError), (12 bytes).
    Removing stm32f1xx_hal_flash.o(i.HAL_FLASH_IRQHandler), (260 bytes).
    Removing stm32f1xx_hal_flash.o(i.HAL_FLASH_Lock), (20 bytes).
    Removing stm32f1xx_hal_flash.o(i.HAL_FLASH_OB_Launch), (4 bytes).
    Removing stm32f1xx_hal_flash.o(i.HAL_FLASH_OB_Lock), (20 bytes).
    Removing stm32f1xx_hal_flash.o(i.HAL_FLASH_OB_Unlock), (36 bytes).
    Removing stm32f1xx_hal_flash.o(i.HAL_FLASH_OperationErrorCallback), (2 bytes).
    Removing stm32f1xx_hal_flash.o(i.HAL_FLASH_Program), (128 bytes).
    Removing stm32f1xx_hal_flash.o(i.HAL_FLASH_Program_IT), (100 bytes).
    Removing stm32f1xx_hal_flash.o(i.HAL_FLASH_Unlock), (36 bytes).
    Removing stm32f1xx_hal_flash.o(.bss), (32 bytes).
    Removing stm32f1xx_hal_flash_ex.o(.rev16_text), (4 bytes).
    Removing stm32f1xx_hal_flash_ex.o(.revsh_text), (4 bytes).
    Removing stm32f1xx_hal_flash_ex.o(.rrx_text), (6 bytes).
    Removing stm32f1xx_hal_flash_ex.o(i.FLASH_MassErase), (36 bytes).
    Removing stm32f1xx_hal_flash_ex.o(i.FLASH_OB_DisableWRP), (176 bytes).
    Removing stm32f1xx_hal_flash_ex.o(i.FLASH_OB_EnableWRP), (176 bytes).
    Removing stm32f1xx_hal_flash_ex.o(i.FLASH_OB_GetRDP), (24 bytes).
    Removing stm32f1xx_hal_flash_ex.o(i.FLASH_OB_RDP_LevelConfig), (100 bytes).
    Removing stm32f1xx_hal_flash_ex.o(i.FLASH_PageErase), (36 bytes).
    Removing stm32f1xx_hal_flash_ex.o(i.HAL_FLASHEx_Erase), (168 bytes).
    Removing stm32f1xx_hal_flash_ex.o(i.HAL_FLASHEx_Erase_IT), (84 bytes).
    Removing stm32f1xx_hal_flash_ex.o(i.HAL_FLASHEx_OBErase), (84 bytes).
    Removing stm32f1xx_hal_flash_ex.o(i.HAL_FLASHEx_OBGetConfig), (36 bytes).
    Removing stm32f1xx_hal_flash_ex.o(i.HAL_FLASHEx_OBGetUserData), (32 bytes).
    Removing stm32f1xx_hal_flash_ex.o(i.HAL_FLASHEx_OBProgram), (200 bytes).
    Removing stm32f1xx_hal_msp.o(.rev16_text), (4 bytes).
    Removing stm32f1xx_hal_msp.o(.revsh_text), (4 bytes).
    Removing stm32f1xx_hal_msp.o(.rrx_text), (6 bytes).
    Removing usart.o(.rev16_text), (4 bytes).
    Removing usart.o(.revsh_text), (4 bytes).
    Removing usart.o(.rrx_text), (6 bytes).
    Removing usart.o(i.HAL_UART_MspDeInit), (68 bytes).
    Removing gpio.o(.rev16_text), (4 bytes).
    Removing gpio.o(.revsh_text), (4 bytes).
    Removing gpio.o(.rrx_text), (6 bytes).
    Removing main.o(.rev16_text), (4 bytes).
    Removing main.o(.revsh_text), (4 bytes).
    Removing main.o(.rrx_text), (6 bytes).
    Removing main.o(.data), (4 bytes).
    Removing main.o(.data), (4 bytes).
    Removing main.o(.data), (4 bytes).
    Removing main.o(.data), (1 bytes).
    Removing stm32f1xx_it.o(.rev16_text), (4 bytes).
    Removing stm32f1xx_it.o(.revsh_text), (4 bytes).
    Removing stm32f1xx_it.o(.rrx_text), (6 bytes).
    Removing tim.o(.rev16_text), (4 bytes).
    Removing tim.o(.revsh_text), (4 bytes).
    Removing tim.o(.rrx_text), (6 bytes).
    Removing tim.o(i.HAL_TIM_Base_MspDeInit), (32 bytes).
    Removing dma.o(.rev16_text), (4 bytes).
    Removing dma.o(.revsh_text), (4 bytes).
    Removing dma.o(.rrx_text), (6 bytes).
    Removing slave.o(.rev16_text), (4 bytes).
    Removing slave.o(.revsh_text), (4 bytes).
    Removing slave.o(.rrx_text), (6 bytes).
    Removing slave.o(.bss), (10 bytes).
    Removing startup_stm32f103xb.o(HEAP), (512 bytes).
    Removing system_stm32f1xx.o(.rev16_text), (4 bytes).
    Removing system_stm32f1xx.o(.revsh_text), (4 bytes).
    Removing system_stm32f1xx.o(.rrx_text), (6 bytes).
    Removing system_stm32f1xx.o(i.SystemCoreClockUpdate), (104 bytes).

327 unused section(s) (total 17535 bytes) removed from the image.

==============================================================================

Image Symbol Table

    Local Symbols

    Symbol Name                              Value     Ov Type        Size  Object(Section)

    ../Drivers/STM32F1xx_HAL_Driver/Src/stm32f1xx_hal.c 0x00000000   Number         0  stm32f1xx_hal.o ABSOLUTE
    ../Drivers/STM32F1xx_HAL_Driver/Src/stm32f1xx_hal_cortex.c 0x00000000   Number         0  stm32f1xx_hal_cortex.o ABSOLUTE
    ../Drivers/STM32F1xx_HAL_Driver/Src/stm32f1xx_hal_dma.c 0x00000000   Number         0  stm32f1xx_hal_dma.o ABSOLUTE
    ../Drivers/STM32F1xx_HAL_Driver/Src/stm32f1xx_hal_flash.c 0x00000000   Number         0  stm32f1xx_hal_flash.o ABSOLUTE
    ../Drivers/STM32F1xx_HAL_Driver/Src/stm32f1xx_hal_flash_ex.c 0x00000000   Number         0  stm32f1xx_hal_flash_ex.o ABSOLUTE
    ../Drivers/STM32F1xx_HAL_Driver/Src/stm32f1xx_hal_gpio.c 0x00000000   Number         0  stm32f1xx_hal_gpio.o ABSOLUTE
    ../Drivers/STM32F1xx_HAL_Driver/Src/stm32f1xx_hal_gpio_ex.c 0x00000000   Number         0  stm32f1xx_hal_gpio_ex.o ABSOLUTE
    ../Drivers/STM32F1xx_HAL_Driver/Src/stm32f1xx_hal_pwr.c 0x00000000   Number         0  stm32f1xx_hal_pwr.o ABSOLUTE
    ../Drivers/STM32F1xx_HAL_Driver/Src/stm32f1xx_hal_rcc.c 0x00000000   Number         0  stm32f1xx_hal_rcc.o ABSOLUTE
    ../Drivers/STM32F1xx_HAL_Driver/Src/stm32f1xx_hal_rcc_ex.c 0x00000000   Number         0  stm32f1xx_hal_rcc_ex.o ABSOLUTE
    ../Drivers/STM32F1xx_HAL_Driver/Src/stm32f1xx_hal_tim.c 0x00000000   Number         0  stm32f1xx_hal_tim.o ABSOLUTE
    ../Drivers/STM32F1xx_HAL_Driver/Src/stm32f1xx_hal_tim_ex.c 0x00000000   Number         0  stm32f1xx_hal_tim_ex.o ABSOLUTE
    ../Drivers/STM32F1xx_HAL_Driver/Src/stm32f1xx_hal_uart.c 0x00000000   Number         0  stm32f1xx_hal_uart.o ABSOLUTE
    ../Src/dma.c                             0x00000000   Number         0  dma.o ABSOLUTE
    ../Src/gpio.c                            0x00000000   Number         0  gpio.o ABSOLUTE
    ../Src/main.c                            0x00000000   Number         0  main.o ABSOLUTE
    ../Src/stm32f1xx_hal_msp.c               0x00000000   Number         0  stm32f1xx_hal_msp.o ABSOLUTE
    ../Src/stm32f1xx_it.c                    0x00000000   Number         0  stm32f1xx_it.o ABSOLUTE
    ../Src/system_stm32f1xx.c                0x00000000   Number         0  system_stm32f1xx.o ABSOLUTE
    ../Src/tim.c                             0x00000000   Number         0  tim.o ABSOLUTE
    ../Src/usart.c                           0x00000000   Number         0  usart.o ABSOLUTE
    ../clib/microlib/init/entry.s            0x00000000   Number         0  entry8a.o ABSOLUTE
    ../clib/microlib/init/entry.s            0x00000000   Number         0  entry8b.o ABSOLUTE
    ../clib/microlib/init/entry.s            0x00000000   Number         0  entry11b.o ABSOLUTE
    ../clib/microlib/init/entry.s            0x00000000   Number         0  entry5.o ABSOLUTE
    ../clib/microlib/init/entry.s            0x00000000   Number         0  entry9a.o ABSOLUTE
    ../clib/microlib/init/entry.s            0x00000000   Number         0  entry.o ABSOLUTE
    ../clib/microlib/init/entry.s            0x00000000   Number         0  entry2.o ABSOLUTE
    ../clib/microlib/init/entry.s            0x00000000   Number         0  entry7a.o ABSOLUTE
    ../clib/microlib/init/entry.s            0x00000000   Number         0  entry7b.o ABSOLUTE
    ../clib/microlib/init/entry.s            0x00000000   Number         0  entry9b.o ABSOLUTE
    ../clib/microlib/init/entry.s            0x00000000   Number         0  entry10a.o ABSOLUTE
    ../clib/microlib/init/entry.s            0x00000000   Number         0  entry10b.o ABSOLUTE
    ../clib/microlib/init/entry.s            0x00000000   Number         0  entry11a.o ABSOLUTE
    ../clib/microlib/longlong.c              0x00000000   Number         0  llushr.o ABSOLUTE
    ..\Drivers\STM32F1xx_HAL_Driver\Src\stm32f1xx_hal.c 0x00000000   Number         0  stm32f1xx_hal.o ABSOLUTE
    ..\Drivers\STM32F1xx_HAL_Driver\Src\stm32f1xx_hal_cortex.c 0x00000000   Number         0  stm32f1xx_hal_cortex.o ABSOLUTE
    ..\Drivers\STM32F1xx_HAL_Driver\Src\stm32f1xx_hal_dma.c 0x00000000   Number         0  stm32f1xx_hal_dma.o ABSOLUTE
    ..\Drivers\STM32F1xx_HAL_Driver\Src\stm32f1xx_hal_flash.c 0x00000000   Number         0  stm32f1xx_hal_flash.o ABSOLUTE
    ..\Drivers\STM32F1xx_HAL_Driver\Src\stm32f1xx_hal_flash_ex.c 0x00000000   Number         0  stm32f1xx_hal_flash_ex.o ABSOLUTE
    ..\Drivers\STM32F1xx_HAL_Driver\Src\stm32f1xx_hal_gpio.c 0x00000000   Number         0  stm32f1xx_hal_gpio.o ABSOLUTE
    ..\Drivers\STM32F1xx_HAL_Driver\Src\stm32f1xx_hal_gpio_ex.c 0x00000000   Number         0  stm32f1xx_hal_gpio_ex.o ABSOLUTE
    ..\Drivers\STM32F1xx_HAL_Driver\Src\stm32f1xx_hal_pwr.c 0x00000000   Number         0  stm32f1xx_hal_pwr.o ABSOLUTE
    ..\Drivers\STM32F1xx_HAL_Driver\Src\stm32f1xx_hal_rcc.c 0x00000000   Number         0  stm32f1xx_hal_rcc.o ABSOLUTE
    ..\Drivers\STM32F1xx_HAL_Driver\Src\stm32f1xx_hal_rcc_ex.c 0x00000000   Number         0  stm32f1xx_hal_rcc_ex.o ABSOLUTE
    ..\Drivers\STM32F1xx_HAL_Driver\Src\stm32f1xx_hal_tim.c 0x00000000   Number         0  stm32f1xx_hal_tim.o ABSOLUTE
    ..\Drivers\STM32F1xx_HAL_Driver\Src\stm32f1xx_hal_tim_ex.c 0x00000000   Number         0  stm32f1xx_hal_tim_ex.o ABSOLUTE
    ..\Drivers\STM32F1xx_HAL_Driver\Src\stm32f1xx_hal_uart.c 0x00000000   Number         0  stm32f1xx_hal_uart.o ABSOLUTE
    ..\Src\Slave.c                           0x00000000   Number         0  slave.o ABSOLUTE
    ..\Src\dma.c                             0x00000000   Number         0  dma.o ABSOLUTE
    ..\Src\gpio.c                            0x00000000   Number         0  gpio.o ABSOLUTE
    ..\Src\main.c                            0x00000000   Number         0  main.o ABSOLUTE
    ..\Src\stm32f1xx_hal_msp.c               0x00000000   Number         0  stm32f1xx_hal_msp.o ABSOLUTE
    ..\Src\stm32f1xx_it.c                    0x00000000   Number         0  stm32f1xx_it.o ABSOLUTE
    ..\Src\system_stm32f1xx.c                0x00000000   Number         0  system_stm32f1xx.o ABSOLUTE
    ..\Src\tim.c                             0x00000000   Number         0  tim.o ABSOLUTE
    ..\Src\usart.c                           0x00000000   Number         0  usart.o ABSOLUTE
    ..\\Src\\Slave.c                         0x00000000   Number         0  slave.o ABSOLUTE
    dc.s                                     0x00000000   Number         0  dc.o ABSOLUTE
    handlers.s                               0x00000000   Number         0  handlers.o ABSOLUTE
    init.s                                   0x00000000   Number         0  init.o ABSOLUTE
    startup_stm32f103xb.s                    0x00000000   Number         0  startup_stm32f103xb.o ABSOLUTE
    RESET                                    0x08000000   Section      236  startup_stm32f103xb.o(RESET)
    .ARM.Collect$$$$00000000                 0x080000ec   Section        0  entry.o(.ARM.Collect$$$$00000000)
    .ARM.Collect$$$$00000001                 0x080000ec   Section        4  entry2.o(.ARM.Collect$$$$00000001)
    .ARM.Collect$$$$00000004                 0x080000f0   Section        4  entry5.o(.ARM.Collect$$$$00000004)
    .ARM.Collect$$$$00000008                 0x080000f4   Section        0  entry7b.o(.ARM.Collect$$$$00000008)
    .ARM.Collect$$$$0000000A                 0x080000f4   Section        0  entry8b.o(.ARM.Collect$$$$0000000A)
    .ARM.Collect$$$$0000000B                 0x080000f4   Section        8  entry9a.o(.ARM.Collect$$$$0000000B)
    .ARM.Collect$$$$0000000D                 0x080000fc   Section        0  entry10a.o(.ARM.Collect$$$$0000000D)
    .ARM.Collect$$$$0000000F                 0x080000fc   Section        0  entry11a.o(.ARM.Collect$$$$0000000F)
    .ARM.Collect$$$$00002712                 0x080000fc   Section        4  entry2.o(.ARM.Collect$$$$00002712)
    __lit__00000000                          0x080000fc   Data           4  entry2.o(.ARM.Collect$$$$00002712)
    .text                                    0x08000100   Section       36  startup_stm32f103xb.o(.text)
    .text                                    0x08000124   Section       36  init.o(.text)
    i.BusFault_Handler                       0x08000148   Section        0  stm32f1xx_it.o(i.BusFault_Handler)
    i.Check_PCK                              0x0800014a   Section        0  slave.o(i.Check_PCK)
    i.DMA1_Channel4_IRQHandler               0x08000168   Section        0  stm32f1xx_it.o(i.DMA1_Channel4_IRQHandler)
    i.DMA1_Channel5_IRQHandler               0x08000174   Section        0  stm32f1xx_it.o(i.DMA1_Channel5_IRQHandler)
    i.DMA_SetConfig                          0x08000180   Section        0  stm32f1xx_hal_dma.o(i.DMA_SetConfig)
    DMA_SetConfig                            0x08000181   Thumb Code    42  stm32f1xx_hal_dma.o(i.DMA_SetConfig)
    i.DebugMon_Handler                       0x080001aa   Section        0  stm32f1xx_it.o(i.DebugMon_Handler)
    i.GetNewData                             0x080001ac   Section        0  slave.o(i.GetNewData)
    i.HAL_DMA_Abort                          0x08000224   Section        0  stm32f1xx_hal_dma.o(i.HAL_DMA_Abort)
    i.HAL_DMA_Abort_IT                       0x08000254   Section        0  stm32f1xx_hal_dma.o(i.HAL_DMA_Abort_IT)
    i.HAL_DMA_IRQHandler                     0x080002ec   Section        0  stm32f1xx_hal_dma.o(i.HAL_DMA_IRQHandler)
    i.HAL_DMA_Init                           0x08000440   Section        0  stm32f1xx_hal_dma.o(i.HAL_DMA_Init)
    i.HAL_DMA_Start_IT                       0x080004a4   Section        0  stm32f1xx_hal_dma.o(i.HAL_DMA_Start_IT)
    i.HAL_Delay                              0x08000514   Section        0  stm32f1xx_hal.o(i.HAL_Delay)
    i.HAL_GPIO_Init                          0x08000530   Section        0  stm32f1xx_hal_gpio.o(i.HAL_GPIO_Init)
    i.HAL_GPIO_WritePin                      0x080006ec   Section        0  stm32f1xx_hal_gpio.o(i.HAL_GPIO_WritePin)
    i.HAL_GetTick                            0x080006f8   Section        0  stm32f1xx_hal.o(i.HAL_GetTick)
    i.HAL_IncTick                            0x08000704   Section        0  stm32f1xx_hal.o(i.HAL_IncTick)
    i.HAL_Init                               0x08000714   Section        0  stm32f1xx_hal.o(i.HAL_Init)
    i.HAL_InitTick                           0x08000738   Section        0  stm32f1xx_hal.o(i.HAL_InitTick)
    i.HAL_MspInit                            0x08000760   Section        0  stm32f1xx_hal_msp.o(i.HAL_MspInit)
    i.HAL_NVIC_EnableIRQ                     0x080007e4   Section        0  stm32f1xx_hal_cortex.o(i.HAL_NVIC_EnableIRQ)
    i.HAL_NVIC_SetPriority                   0x080007fc   Section        0  stm32f1xx_hal_cortex.o(i.HAL_NVIC_SetPriority)
    i.HAL_NVIC_SetPriorityGrouping           0x0800083c   Section        0  stm32f1xx_hal_cortex.o(i.HAL_NVIC_SetPriorityGrouping)
    i.HAL_RCC_ClockConfig                    0x08000860   Section        0  stm32f1xx_hal_rcc.o(i.HAL_RCC_ClockConfig)
    i.HAL_RCC_GetHCLKFreq                    0x080009b4   Section        0  stm32f1xx_hal_rcc.o(i.HAL_RCC_GetHCLKFreq)
    i.HAL_RCC_GetPCLK1Freq                   0x080009c0   Section        0  stm32f1xx_hal_rcc.o(i.HAL_RCC_GetPCLK1Freq)
    i.HAL_RCC_GetPCLK2Freq                   0x080009e0   Section        0  stm32f1xx_hal_rcc.o(i.HAL_RCC_GetPCLK2Freq)
    i.HAL_RCC_GetSysClockFreq                0x08000a00   Section        0  stm32f1xx_hal_rcc.o(i.HAL_RCC_GetSysClockFreq)
    i.HAL_RCC_OscConfig                      0x08000a6c   Section        0  stm32f1xx_hal_rcc.o(i.HAL_RCC_OscConfig)
    i.HAL_SYSTICK_CLKSourceConfig            0x08000d70   Section        0  stm32f1xx_hal_cortex.o(i.HAL_SYSTICK_CLKSourceConfig)
    i.HAL_SYSTICK_Callback                   0x08000d88   Section        0  stm32f1xx_hal_cortex.o(i.HAL_SYSTICK_Callback)
    i.HAL_SYSTICK_Config                     0x08000d8a   Section        0  stm32f1xx_hal_cortex.o(i.HAL_SYSTICK_Config)
    i.HAL_SYSTICK_IRQHandler                 0x08000db2   Section        0  stm32f1xx_hal_cortex.o(i.HAL_SYSTICK_IRQHandler)
    i.HAL_TIMEx_BreakCallback                0x08000dba   Section        0  stm32f1xx_hal_tim_ex.o(i.HAL_TIMEx_BreakCallback)
    i.HAL_TIMEx_CommutationCallback          0x08000dbc   Section        0  stm32f1xx_hal_tim_ex.o(i.HAL_TIMEx_CommutationCallback)
    i.HAL_TIMEx_MasterConfigSynchronization  0x08000dbe   Section        0  stm32f1xx_hal_tim_ex.o(i.HAL_TIMEx_MasterConfigSynchronization)
    i.HAL_TIM_Base_Init                      0x08000e0e   Section        0  stm32f1xx_hal_tim.o(i.HAL_TIM_Base_Init)
    i.HAL_TIM_Base_MspInit                   0x08000e44   Section        0  tim.o(i.HAL_TIM_Base_MspInit)
    i.HAL_TIM_Base_Start_IT                  0x08000e7c   Section        0  stm32f1xx_hal_tim.o(i.HAL_TIM_Base_Start_IT)
    i.HAL_TIM_Base_Stop_IT                   0x08000e94   Section        0  stm32f1xx_hal_tim.o(i.HAL_TIM_Base_Stop_IT)
    i.HAL_TIM_ConfigClockSource              0x08000ebe   Section        0  stm32f1xx_hal_tim.o(i.HAL_TIM_ConfigClockSource)
    i.HAL_TIM_IC_CaptureCallback             0x08000fb0   Section        0  stm32f1xx_hal_tim.o(i.HAL_TIM_IC_CaptureCallback)
    i.HAL_TIM_IRQHandler                     0x08000fb2   Section        0  stm32f1xx_hal_tim.o(i.HAL_TIM_IRQHandler)
    i.HAL_TIM_OC_DelayElapsedCallback        0x08001118   Section        0  stm32f1xx_hal_tim.o(i.HAL_TIM_OC_DelayElapsedCallback)
    i.HAL_TIM_PWM_PulseFinishedCallback      0x0800111a   Section        0  stm32f1xx_hal_tim.o(i.HAL_TIM_PWM_PulseFinishedCallback)
    i.HAL_TIM_PeriodElapsedCallback          0x0800111c   Section        0  main.o(i.HAL_TIM_PeriodElapsedCallback)
    i.HAL_TIM_TriggerCallback                0x0800114c   Section        0  stm32f1xx_hal_tim.o(i.HAL_TIM_TriggerCallback)
    i.HAL_UART_Abort                         0x0800114e   Section        0  stm32f1xx_hal_uart.o(i.HAL_UART_Abort)
    i.HAL_UART_ErrorCallback                 0x080011b6   Section        0  stm32f1xx_hal_uart.o(i.HAL_UART_ErrorCallback)
    i.HAL_UART_IRQHandler                    0x080011b8   Section        0  stm32f1xx_hal_uart.o(i.HAL_UART_IRQHandler)
    i.HAL_UART_Init                          0x080012c8   Section        0  stm32f1xx_hal_uart.o(i.HAL_UART_Init)
    i.HAL_UART_MspInit                       0x0800132c   Section        0  usart.o(i.HAL_UART_MspInit)
    i.HAL_UART_Receive_DMA                   0x0800140c   Section        0  stm32f1xx_hal_uart.o(i.HAL_UART_Receive_DMA)
    i.HAL_UART_Receive_IT                    0x080014a4   Section        0  stm32f1xx_hal_uart.o(i.HAL_UART_Receive_IT)
    i.HAL_UART_RxCpltCallback                0x080014f8   Section        0  main.o(i.HAL_UART_RxCpltCallback)
    i.HAL_UART_RxHalfCpltCallback            0x08001594   Section        0  stm32f1xx_hal_uart.o(i.HAL_UART_RxHalfCpltCallback)
    i.HAL_UART_Transmit_DMA                  0x08001598   Section        0  stm32f1xx_hal_uart.o(i.HAL_UART_Transmit_DMA)
    i.HAL_UART_TxCpltCallback                0x08001618   Section        0  main.o(i.HAL_UART_TxCpltCallback)
    i.HAL_UART_TxHalfCpltCallback            0x08001650   Section        0  stm32f1xx_hal_uart.o(i.HAL_UART_TxHalfCpltCallback)
    i.HardFault_Handler                      0x08001652   Section        0  stm32f1xx_it.o(i.HardFault_Handler)
    i.Init_PCK                               0x08001654   Section        0  slave.o(i.Init_PCK)
    i.MX_DMA_Init                            0x08001684   Section        0  dma.o(i.MX_DMA_Init)
    i.MX_GPIO_Init                           0x080016c0   Section        0  gpio.o(i.MX_GPIO_Init)
    i.MX_TIM2_Init                           0x08001704   Section        0  tim.o(i.MX_TIM2_Init)
    i.MX_USART1_UART_Init                    0x08001778   Section        0  usart.o(i.MX_USART1_UART_Init)
    i.MemManage_Handler                      0x080017c4   Section        0  stm32f1xx_it.o(i.MemManage_Handler)
    i.NMI_Handler                            0x080017c6   Section        0  stm32f1xx_it.o(i.NMI_Handler)
    i.NVIC_SetPriority                       0x080017c8   Section        0  stm32f1xx_hal_cortex.o(i.NVIC_SetPriority)
    NVIC_SetPriority                         0x080017c9   Thumb Code    32  stm32f1xx_hal_cortex.o(i.NVIC_SetPriority)
    i.PendSV_Handler                         0x080017e8   Section        0  stm32f1xx_it.o(i.PendSV_Handler)
    i.SVC_Handler                            0x080017ea   Section        0  stm32f1xx_it.o(i.SVC_Handler)
    i.Send_Audio                             0x080017ec   Section        0  slave.o(i.Send_Audio)
    i.Send_PCK                               0x0800181c   Section        0  slave.o(i.Send_PCK)
    i.SysTick_Handler                        0x0800185c   Section        0  stm32f1xx_it.o(i.SysTick_Handler)
    i.SystemClock_Config                     0x0800186a   Section        0  main.o(i.SystemClock_Config)
    i.SystemInit                             0x080018d0   Section        0  system_stm32f1xx.o(i.SystemInit)
    i.TIM2_IRQHandler                        0x08001918   Section        0  stm32f1xx_it.o(i.TIM2_IRQHandler)
    i.TIM_Base_SetConfig                     0x08001924   Section        0  stm32f1xx_hal_tim.o(i.TIM_Base_SetConfig)
    i.TIM_ETR_SetConfig                      0x08001990   Section        0  stm32f1xx_hal_tim.o(i.TIM_ETR_SetConfig)
    TIM_ETR_SetConfig                        0x08001991   Thumb Code    20  stm32f1xx_hal_tim.o(i.TIM_ETR_SetConfig)
    i.TIM_ITRx_SetConfig                     0x080019a4   Section        0  stm32f1xx_hal_tim.o(i.TIM_ITRx_SetConfig)
    TIM_ITRx_SetConfig                       0x080019a5   Thumb Code    16  stm32f1xx_hal_tim.o(i.TIM_ITRx_SetConfig)
    i.TIM_TI1_ConfigInputStage               0x080019b4   Section        0  stm32f1xx_hal_tim.o(i.TIM_TI1_ConfigInputStage)
    TIM_TI1_ConfigInputStage                 0x080019b5   Thumb Code    34  stm32f1xx_hal_tim.o(i.TIM_TI1_ConfigInputStage)
    i.TIM_TI2_ConfigInputStage               0x080019d6   Section        0  stm32f1xx_hal_tim.o(i.TIM_TI2_ConfigInputStage)
    TIM_TI2_ConfigInputStage                 0x080019d7   Thumb Code    36  stm32f1xx_hal_tim.o(i.TIM_TI2_ConfigInputStage)
    i.UART_DMAAbortOnError                   0x080019fa   Section        0  stm32f1xx_hal_uart.o(i.UART_DMAAbortOnError)
    UART_DMAAbortOnError                     0x080019fb   Thumb Code    16  stm32f1xx_hal_uart.o(i.UART_DMAAbortOnError)
    i.UART_DMAError                          0x08001a0a   Section        0  stm32f1xx_hal_uart.o(i.UART_DMAError)
    UART_DMAError                            0x08001a0b   Thumb Code    74  stm32f1xx_hal_uart.o(i.UART_DMAError)
    i.UART_DMAReceiveCplt                    0x08001a54   Section        0  stm32f1xx_hal_uart.o(i.UART_DMAReceiveCplt)
    UART_DMAReceiveCplt                      0x08001a55   Thumb Code    60  stm32f1xx_hal_uart.o(i.UART_DMAReceiveCplt)
    i.UART_DMARxHalfCplt                     0x08001a90   Section        0  stm32f1xx_hal_uart.o(i.UART_DMARxHalfCplt)
    UART_DMARxHalfCplt                       0x08001a91   Thumb Code    10  stm32f1xx_hal_uart.o(i.UART_DMARxHalfCplt)
    i.UART_DMATransmitCplt                   0x08001a9a   Section        0  stm32f1xx_hal_uart.o(i.UART_DMATransmitCplt)
    UART_DMATransmitCplt                     0x08001a9b   Thumb Code    46  stm32f1xx_hal_uart.o(i.UART_DMATransmitCplt)
    i.UART_DMATxHalfCplt                     0x08001ac8   Section        0  stm32f1xx_hal_uart.o(i.UART_DMATxHalfCplt)
    UART_DMATxHalfCplt                       0x08001ac9   Thumb Code    10  stm32f1xx_hal_uart.o(i.UART_DMATxHalfCplt)
    i.UART_EndRxTransfer                     0x08001ad2   Section        0  stm32f1xx_hal_uart.o(i.UART_EndRxTransfer)
    UART_EndRxTransfer                       0x08001ad3   Thumb Code    28  stm32f1xx_hal_uart.o(i.UART_EndRxTransfer)
    i.UART_EndTxTransfer                     0x08001aee   Section        0  stm32f1xx_hal_uart.o(i.UART_EndTxTransfer)
    UART_EndTxTransfer                       0x08001aef   Thumb Code    18  stm32f1xx_hal_uart.o(i.UART_EndTxTransfer)
    i.UART_Receive_IT                        0x08001b00   Section        0  stm32f1xx_hal_uart.o(i.UART_Receive_IT)
    UART_Receive_IT                          0x08001b01   Thumb Code   150  stm32f1xx_hal_uart.o(i.UART_Receive_IT)
    i.UART_SetConfig                         0x08001b98   Section        0  stm32f1xx_hal_uart.o(i.UART_SetConfig)
    UART_SetConfig                           0x08001b99   Thumb Code   364  stm32f1xx_hal_uart.o(i.UART_SetConfig)
    i.UART_Transmit_IT                       0x08001d08   Section        0  stm32f1xx_hal_uart.o(i.UART_Transmit_IT)
    UART_Transmit_IT                         0x08001d09   Thumb Code    98  stm32f1xx_hal_uart.o(i.UART_Transmit_IT)
    i.USART1_IRQHandler                      0x08001d6c   Section        0  stm32f1xx_it.o(i.USART1_IRQHandler)
    i.UsageFault_Handler                     0x08001d78   Section        0  stm32f1xx_it.o(i.UsageFault_Handler)
    i._Error_Handler                         0x08001d7a   Section        0  main.o(i._Error_Handler)
    i.__scatterload_copy                     0x08001d7c   Section       14  handlers.o(i.__scatterload_copy)
    i.__scatterload_null                     0x08001d8a   Section        2  handlers.o(i.__scatterload_null)
    i.__scatterload_zeroinit                 0x08001d8c   Section       14  handlers.o(i.__scatterload_zeroinit)
    i.main                                   0x08001d9c   Section        0  main.o(i.main)
    .constdata                               0x08001de0   Section       16  system_stm32f1xx.o(.constdata)
    .constdata                               0x08001df0   Section        8  system_stm32f1xx.o(.constdata)
    .data                                    0x20000000   Section        4  stm32f1xx_hal.o(.data)
    .data                                    0x20000004   Section        2  main.o(.data)
    .data                                    0x20000006   Section        2  slave.o(.data)
    .data                                    0x20000008   Section        4  system_stm32f1xx.o(.data)
    .bss                                     0x2000000c   Section      200  usart.o(.bss)
    .bss                                     0x200000d4   Section      800  main.o(.bss)
    .bss                                     0x200003f4   Section       64  tim.o(.bss)
    .bss                                     0x20000434   Section       20  slave.o(.bss)
    STACK                                    0x20000448   Section     1024  startup_stm32f103xb.o(STACK)

    Global Symbols

    Symbol Name                              Value     Ov Type        Size  Object(Section)

    BuildAttributes$$THM_ISAv4$P$D$K$B$S$PE$A:L22UL41UL21$X:L11$S22US41US21$IEEE1$IW$USESV6$~STKCKD$USESV7$~SHL$OSPACE$EBA8$MICROLIB$REQ8$PRES8$EABIv2 0x00000000   Number         0  anon$$obj.o ABSOLUTE
    __ARM_use_no_argv                        0x00000000   Number         0  main.o ABSOLUTE
    __cpp_initialize__aeabi_                  - Undefined Weak Reference
    __cxa_finalize                            - Undefined Weak Reference
    __decompress                              - Undefined Weak Reference
    _clock_init                               - Undefined Weak Reference
    _microlib_exit                            - Undefined Weak Reference
    __Vectors_Size                           0x000000ec   Number         0  startup_stm32f103xb.o ABSOLUTE
    __Vectors                                0x08000000   Data           4  startup_stm32f103xb.o(RESET)
    __Vectors_End                            0x080000ec   Data           0  startup_stm32f103xb.o(RESET)
    __main                                   0x080000ed   Thumb Code     0  entry.o(.ARM.Collect$$$$00000000)
    _main_stk                                0x080000ed   Thumb Code     0  entry2.o(.ARM.Collect$$$$00000001)
    _main_scatterload                        0x080000f1   Thumb Code     0  entry5.o(.ARM.Collect$$$$00000004)
    __main_after_scatterload                 0x080000f5   Thumb Code     0  entry5.o(.ARM.Collect$$$$00000004)
    _main_clock                              0x080000f5   Thumb Code     0  entry7b.o(.ARM.Collect$$$$00000008)
    _main_cpp_init                           0x080000f5   Thumb Code     0  entry8b.o(.ARM.Collect$$$$0000000A)
    _main_init                               0x080000f5   Thumb Code     0  entry9a.o(.ARM.Collect$$$$0000000B)
    __rt_final_cpp                           0x080000fd   Thumb Code     0  entry10a.o(.ARM.Collect$$$$0000000D)
    __rt_final_exit                          0x080000fd   Thumb Code     0  entry11a.o(.ARM.Collect$$$$0000000F)
    Reset_Handler                            0x08000101   Thumb Code     8  startup_stm32f103xb.o(.text)
    ADC1_2_IRQHandler                        0x0800011b   Thumb Code     0  startup_stm32f103xb.o(.text)
    CAN1_RX1_IRQHandler                      0x0800011b   Thumb Code     0  startup_stm32f103xb.o(.text)
    CAN1_SCE_IRQHandler                      0x0800011b   Thumb Code     0  startup_stm32f103xb.o(.text)
    DMA1_Channel1_IRQHandler                 0x0800011b   Thumb Code     0  startup_stm32f103xb.o(.text)
    DMA1_Channel2_IRQHandler                 0x0800011b   Thumb Code     0  startup_stm32f103xb.o(.text)
    DMA1_Channel3_IRQHandler                 0x0800011b   Thumb Code     0  startup_stm32f103xb.o(.text)
    DMA1_Channel6_IRQHandler                 0x0800011b   Thumb Code     0  startup_stm32f103xb.o(.text)
    DMA1_Channel7_IRQHandler                 0x0800011b   Thumb Code     0  startup_stm32f103xb.o(.text)
    EXTI0_IRQHandler                         0x0800011b   Thumb Code     0  startup_stm32f103xb.o(.text)
    EXTI15_10_IRQHandler                     0x0800011b   Thumb Code     0  startup_stm32f103xb.o(.text)
    EXTI1_IRQHandler                         0x0800011b   Thumb Code     0  startup_stm32f103xb.o(.text)
    EXTI2_IRQHandler                         0x0800011b   Thumb Code     0  startup_stm32f103xb.o(.text)
    EXTI3_IRQHandler                         0x0800011b   Thumb Code     0  startup_stm32f103xb.o(.text)
    EXTI4_IRQHandler                         0x0800011b   Thumb Code     0  startup_stm32f103xb.o(.text)
    EXTI9_5_IRQHandler                       0x0800011b   Thumb Code     0  startup_stm32f103xb.o(.text)
    FLASH_IRQHandler                         0x0800011b   Thumb Code     0  startup_stm32f103xb.o(.text)
    I2C1_ER_IRQHandler                       0x0800011b   Thumb Code     0  startup_stm32f103xb.o(.text)
    I2C1_EV_IRQHandler                       0x0800011b   Thumb Code     0  startup_stm32f103xb.o(.text)
    I2C2_ER_IRQHandler                       0x0800011b   Thumb Code     0  startup_stm32f103xb.o(.text)
    I2C2_EV_IRQHandler                       0x0800011b   Thumb Code     0  startup_stm32f103xb.o(.text)
    PVD_IRQHandler                           0x0800011b   Thumb Code     0  startup_stm32f103xb.o(.text)
    RCC_IRQHandler                           0x0800011b   Thumb Code     0  startup_stm32f103xb.o(.text)
    RTC_Alarm_IRQHandler                     0x0800011b   Thumb Code     0  startup_stm32f103xb.o(.text)
    RTC_IRQHandler                           0x0800011b   Thumb Code     0  startup_stm32f103xb.o(.text)
    SPI1_IRQHandler                          0x0800011b   Thumb Code     0  startup_stm32f103xb.o(.text)
    SPI2_IRQHandler                          0x0800011b   Thumb Code     0  startup_stm32f103xb.o(.text)
    TAMPER_IRQHandler                        0x0800011b   Thumb Code     0  startup_stm32f103xb.o(.text)
    TIM1_BRK_IRQHandler                      0x0800011b   Thumb Code     0  startup_stm32f103xb.o(.text)
    TIM1_CC_IRQHandler                       0x0800011b   Thumb Code     0  startup_stm32f103xb.o(.text)
    TIM1_TRG_COM_IRQHandler                  0x0800011b   Thumb Code     0  startup_stm32f103xb.o(.text)
    TIM1_UP_IRQHandler                       0x0800011b   Thumb Code     0  startup_stm32f103xb.o(.text)
    TIM3_IRQHandler                          0x0800011b   Thumb Code     0  startup_stm32f103xb.o(.text)
    TIM4_IRQHandler                          0x0800011b   Thumb Code     0  startup_stm32f103xb.o(.text)
    USART2_IRQHandler                        0x0800011b   Thumb Code     0  startup_stm32f103xb.o(.text)
    USART3_IRQHandler                        0x0800011b   Thumb Code     0  startup_stm32f103xb.o(.text)
    USBWakeUp_IRQHandler                     0x0800011b   Thumb Code     0  startup_stm32f103xb.o(.text)
    USB_HP_CAN1_TX_IRQHandler                0x0800011b   Thumb Code     0  startup_stm32f103xb.o(.text)
    USB_LP_CAN1_RX0_IRQHandler               0x0800011b   Thumb Code     0  startup_stm32f103xb.o(.text)
    WWDG_IRQHandler                          0x0800011b   Thumb Code     0  startup_stm32f103xb.o(.text)
    __scatterload                            0x08000125   Thumb Code    28  init.o(.text)
    __scatterload_rt2                        0x08000125   Thumb Code     0  init.o(.text)
    BusFault_Handler                         0x08000149   Thumb Code     2  stm32f1xx_it.o(i.BusFault_Handler)
    Check_PCK                                0x0800014b   Thumb Code    30  slave.o(i.Check_PCK)
    DMA1_Channel4_IRQHandler                 0x08000169   Thumb Code     6  stm32f1xx_it.o(i.DMA1_Channel4_IRQHandler)
    DMA1_Channel5_IRQHandler                 0x08000175   Thumb Code     6  stm32f1xx_it.o(i.DMA1_Channel5_IRQHandler)
    DebugMon_Handler                         0x080001ab   Thumb Code     2  stm32f1xx_it.o(i.DebugMon_Handler)
    GetNewData                               0x080001ad   Thumb Code   112  slave.o(i.GetNewData)
    HAL_DMA_Abort                            0x08000225   Thumb Code    48  stm32f1xx_hal_dma.o(i.HAL_DMA_Abort)
    HAL_DMA_Abort_IT                         0x08000255   Thumb Code   148  stm32f1xx_hal_dma.o(i.HAL_DMA_Abort_IT)
    HAL_DMA_IRQHandler                       0x080002ed   Thumb Code   316  stm32f1xx_hal_dma.o(i.HAL_DMA_IRQHandler)
    HAL_DMA_Init                             0x08000441   Thumb Code    92  stm32f1xx_hal_dma.o(i.HAL_DMA_Init)
    HAL_DMA_Start_IT                         0x080004a5   Thumb Code   112  stm32f1xx_hal_dma.o(i.HAL_DMA_Start_IT)
    HAL_Delay                                0x08000515   Thumb Code    28  stm32f1xx_hal.o(i.HAL_Delay)
    HAL_GPIO_Init                            0x08000531   Thumb Code   408  stm32f1xx_hal_gpio.o(i.HAL_GPIO_Init)
    HAL_GPIO_WritePin                        0x080006ed   Thumb Code    10  stm32f1xx_hal_gpio.o(i.HAL_GPIO_WritePin)
    HAL_GetTick                              0x080006f9   Thumb Code     6  stm32f1xx_hal.o(i.HAL_GetTick)
    HAL_IncTick                              0x08000705   Thumb Code    10  stm32f1xx_hal.o(i.HAL_IncTick)
    HAL_Init                                 0x08000715   Thumb Code    32  stm32f1xx_hal.o(i.HAL_Init)
    HAL_InitTick                             0x08000739   Thumb Code    34  stm32f1xx_hal.o(i.HAL_InitTick)
    HAL_MspInit                              0x08000761   Thumb Code   122  stm32f1xx_hal_msp.o(i.HAL_MspInit)
    HAL_NVIC_EnableIRQ                       0x080007e5   Thumb Code    22  stm32f1xx_hal_cortex.o(i.HAL_NVIC_EnableIRQ)
    HAL_NVIC_SetPriority                     0x080007fd   Thumb Code    60  stm32f1xx_hal_cortex.o(i.HAL_NVIC_SetPriority)
    HAL_NVIC_SetPriorityGrouping             0x0800083d   Thumb Code    26  stm32f1xx_hal_cortex.o(i.HAL_NVIC_SetPriorityGrouping)
    HAL_RCC_ClockConfig                      0x08000861   Thumb Code   322  stm32f1xx_hal_rcc.o(i.HAL_RCC_ClockConfig)
    HAL_RCC_GetHCLKFreq                      0x080009b5   Thumb Code     6  stm32f1xx_hal_rcc.o(i.HAL_RCC_GetHCLKFreq)
    HAL_RCC_GetPCLK1Freq                     0x080009c1   Thumb Code    20  stm32f1xx_hal_rcc.o(i.HAL_RCC_GetPCLK1Freq)
    HAL_RCC_GetPCLK2Freq                     0x080009e1   Thumb Code    20  stm32f1xx_hal_rcc.o(i.HAL_RCC_GetPCLK2Freq)
    HAL_RCC_GetSysClockFreq                  0x08000a01   Thumb Code    74  stm32f1xx_hal_rcc.o(i.HAL_RCC_GetSysClockFreq)
    HAL_RCC_OscConfig                        0x08000a6d   Thumb Code   750  stm32f1xx_hal_rcc.o(i.HAL_RCC_OscConfig)
    HAL_SYSTICK_CLKSourceConfig              0x08000d71   Thumb Code    24  stm32f1xx_hal_cortex.o(i.HAL_SYSTICK_CLKSourceConfig)
    HAL_SYSTICK_Callback                     0x08000d89   Thumb Code     2  stm32f1xx_hal_cortex.o(i.HAL_SYSTICK_Callback)
    HAL_SYSTICK_Config                       0x08000d8b   Thumb Code    40  stm32f1xx_hal_cortex.o(i.HAL_SYSTICK_Config)
    HAL_SYSTICK_IRQHandler                   0x08000db3   Thumb Code     8  stm32f1xx_hal_cortex.o(i.HAL_SYSTICK_IRQHandler)
    HAL_TIMEx_BreakCallback                  0x08000dbb   Thumb Code     2  stm32f1xx_hal_tim_ex.o(i.HAL_TIMEx_BreakCallback)
    HAL_TIMEx_CommutationCallback            0x08000dbd   Thumb Code     2  stm32f1xx_hal_tim_ex.o(i.HAL_TIMEx_CommutationCallback)
    HAL_TIMEx_MasterConfigSynchronization    0x08000dbf   Thumb Code    80  stm32f1xx_hal_tim_ex.o(i.HAL_TIMEx_MasterConfigSynchronization)
    HAL_TIM_Base_Init                        0x08000e0f   Thumb Code    54  stm32f1xx_hal_tim.o(i.HAL_TIM_Base_Init)
    HAL_TIM_Base_MspInit                     0x08000e45   Thumb Code    50  tim.o(i.HAL_TIM_Base_MspInit)
    HAL_TIM_Base_Start_IT                    0x08000e7d   Thumb Code    24  stm32f1xx_hal_tim.o(i.HAL_TIM_Base_Start_IT)
    HAL_TIM_Base_Stop_IT                     0x08000e95   Thumb Code    42  stm32f1xx_hal_tim.o(i.HAL_TIM_Base_Stop_IT)
    HAL_TIM_ConfigClockSource                0x08000ebf   Thumb Code   242  stm32f1xx_hal_tim.o(i.HAL_TIM_ConfigClockSource)
    HAL_TIM_IC_CaptureCallback               0x08000fb1   Thumb Code     2  stm32f1xx_hal_tim.o(i.HAL_TIM_IC_CaptureCallback)
    HAL_TIM_IRQHandler                       0x08000fb3   Thumb Code   358  stm32f1xx_hal_tim.o(i.HAL_TIM_IRQHandler)
    HAL_TIM_OC_DelayElapsedCallback          0x08001119   Thumb Code     2  stm32f1xx_hal_tim.o(i.HAL_TIM_OC_DelayElapsedCallback)
    HAL_TIM_PWM_PulseFinishedCallback        0x0800111b   Thumb Code     2  stm32f1xx_hal_tim.o(i.HAL_TIM_PWM_PulseFinishedCallback)
    HAL_TIM_PeriodElapsedCallback            0x0800111d   Thumb Code    34  main.o(i.HAL_TIM_PeriodElapsedCallback)
    HAL_TIM_TriggerCallback                  0x0800114d   Thumb Code     2  stm32f1xx_hal_tim.o(i.HAL_TIM_TriggerCallback)
    HAL_UART_Abort                           0x0800114f   Thumb Code   104  stm32f1xx_hal_uart.o(i.HAL_UART_Abort)
    HAL_UART_ErrorCallback                   0x080011b7   Thumb Code     2  stm32f1xx_hal_uart.o(i.HAL_UART_ErrorCallback)
    HAL_UART_IRQHandler                      0x080011b9   Thumb Code   266  stm32f1xx_hal_uart.o(i.HAL_UART_IRQHandler)
    HAL_UART_Init                            0x080012c9   Thumb Code    98  stm32f1xx_hal_uart.o(i.HAL_UART_Init)
    HAL_UART_MspInit                         0x0800132d   Thumb Code   188  usart.o(i.HAL_UART_MspInit)
    HAL_UART_Receive_DMA                     0x0800140d   Thumb Code   138  stm32f1xx_hal_uart.o(i.HAL_UART_Receive_DMA)
    HAL_UART_Receive_IT                      0x080014a5   Thumb Code    82  stm32f1xx_hal_uart.o(i.HAL_UART_Receive_IT)
    HAL_UART_RxCpltCallback                  0x080014f9   Thumb Code   136  main.o(i.HAL_UART_RxCpltCallback)
    HAL_UART_RxHalfCpltCallback              0x08001595   Thumb Code     2  stm32f1xx_hal_uart.o(i.HAL_UART_RxHalfCpltCallback)
    HAL_UART_Transmit_DMA                    0x08001599   Thumb Code   114  stm32f1xx_hal_uart.o(i.HAL_UART_Transmit_DMA)
    HAL_UART_TxCpltCallback                  0x08001619   Thumb Code    40  main.o(i.HAL_UART_TxCpltCallback)
    HAL_UART_TxHalfCpltCallback              0x08001651   Thumb Code     2  stm32f1xx_hal_uart.o(i.HAL_UART_TxHalfCpltCallback)
    HardFault_Handler                        0x08001653   Thumb Code     2  stm32f1xx_it.o(i.HardFault_Handler)
    Init_PCK                                 0x08001655   Thumb Code    46  slave.o(i.Init_PCK)
    MX_DMA_Init                              0x08001685   Thumb Code    56  dma.o(i.MX_DMA_Init)
    MX_GPIO_Init                             0x080016c1   Thumb Code    60  gpio.o(i.MX_GPIO_Init)
    MX_TIM2_Init                             0x08001705   Thumb Code    96  tim.o(i.MX_TIM2_Init)
    MX_USART1_UART_Init                      0x08001779   Thumb Code    52  usart.o(i.MX_USART1_UART_Init)
    MemManage_Handler                        0x080017c5   Thumb Code     2  stm32f1xx_it.o(i.MemManage_Handler)
    NMI_Handler                              0x080017c7   Thumb Code     2  stm32f1xx_it.o(i.NMI_Handler)
    PendSV_Handler                           0x080017e9   Thumb Code     2  stm32f1xx_it.o(i.PendSV_Handler)
    SVC_Handler                              0x080017eb   Thumb Code     2  stm32f1xx_it.o(i.SVC_Handler)
    Send_Audio                               0x080017ed   Thumb Code    34  slave.o(i.Send_Audio)
    Send_PCK                                 0x0800181d   Thumb Code    48  slave.o(i.Send_PCK)
    SysTick_Handler                          0x0800185d   Thumb Code    14  stm32f1xx_it.o(i.SysTick_Handler)
    SystemClock_Config                       0x0800186b   Thumb Code   102  main.o(i.SystemClock_Config)
    SystemInit                               0x080018d1   Thumb Code    56  system_stm32f1xx.o(i.SystemInit)
    TIM2_IRQHandler                          0x08001919   Thumb Code     6  stm32f1xx_it.o(i.TIM2_IRQHandler)
    TIM_Base_SetConfig                       0x08001925   Thumb Code    94  stm32f1xx_hal_tim.o(i.TIM_Base_SetConfig)
    USART1_IRQHandler                        0x08001d6d   Thumb Code     6  stm32f1xx_it.o(i.USART1_IRQHandler)
    UsageFault_Handler                       0x08001d79   Thumb Code     2  stm32f1xx_it.o(i.UsageFault_Handler)
    _Error_Handler                           0x08001d7b   Thumb Code     2  main.o(i._Error_Handler)
    __scatterload_copy                       0x08001d7d   Thumb Code    14  handlers.o(i.__scatterload_copy)
    __scatterload_null                       0x08001d8b   Thumb Code     2  handlers.o(i.__scatterload_null)
    __scatterload_zeroinit                   0x08001d8d   Thumb Code    14  handlers.o(i.__scatterload_zeroinit)
    main                                     0x08001d9d   Thumb Code    52  main.o(i.main)
    AHBPrescTable                            0x08001de0   Data          16  system_stm32f1xx.o(.constdata)
    APBPrescTable                            0x08001df0   Data           8  system_stm32f1xx.o(.constdata)
    Region$$Table$$Base                      0x08001df8   Number         0  anon$$obj.o(Region$$Table)
    Region$$Table$$Limit                     0x08001e18   Number         0  anon$$obj.o(Region$$Table)
    uwTick                                   0x20000000   Data           4  stm32f1xx_hal.o(.data)
    buff                                     0x20000004   Data           1  main.o(.data)
    state_pck                                0x20000005   Data           1  main.o(.data)
    PCK_RCV                                  0x20000006   Data           1  slave.o(.data)
    state                                    0x20000007   Data           1  slave.o(.data)
    SystemCoreClock                          0x20000008   Data           4  system_stm32f1xx.o(.data)
    huart1                                   0x2000000c   Data          64  usart.o(.bss)
    hdma_usart1_rx                           0x2000004c   Data          68  usart.o(.bss)
    hdma_usart1_tx                           0x20000090   Data          68  usart.o(.bss)
    audio_buff                               0x200000d4   Data         800  main.o(.bss)
    htim2                                    0x200003f4   Data          64  tim.o(.bss)
    Send_pck                                 0x20000434   Data          10  slave.o(.bss)
    Received_pck                             0x2000043e   Data          10  slave.o(.bss)
    __initial_sp                             0x20000848   Data           0  startup_stm32f103xb.o(STACK)



==============================================================================

Memory Map of the image

  Image Entry point : 0x080000ed

  Load Region LR_IROM1 (Base: 0x08000000, Size: 0x00001e24, Max: 0x00010000, ABSOLUTE)

    Execution Region ER_IROM1 (Base: 0x08000000, Size: 0x00001e18, Max: 0x00010000, ABSOLUTE)

    Base Addr    Size         Type   Attr      Idx    E Section Name        Object

    0x08000000   0x000000ec   Data   RO         2575    RESET               startup_stm32f103xb.o
    0x080000ec   0x00000000   Code   RO         2618  * .ARM.Collect$$$$00000000  mc_w.l(entry.o)
    0x080000ec   0x00000004   Code   RO         2623    .ARM.Collect$$$$00000001  mc_w.l(entry2.o)
    0x080000f0   0x00000004   Code   RO         2626    .ARM.Collect$$$$00000004  mc_w.l(entry5.o)
    0x080000f4   0x00000000   Code   RO         2628    .ARM.Collect$$$$00000008  mc_w.l(entry7b.o)
    0x080000f4   0x00000000   Code   RO         2630    .ARM.Collect$$$$0000000A  mc_w.l(entry8b.o)
    0x080000f4   0x00000008   Code   RO         2631    .ARM.Collect$$$$0000000B  mc_w.l(entry9a.o)
    0x080000fc   0x00000000   Code   RO         2633    .ARM.Collect$$$$0000000D  mc_w.l(entry10a.o)
    0x080000fc   0x00000000   Code   RO         2635    .ARM.Collect$$$$0000000F  mc_w.l(entry11a.o)
    0x080000fc   0x00000004   Code   RO         2624    .ARM.Collect$$$$00002712  mc_w.l(entry2.o)
    0x08000100   0x00000024   Code   RO         2576    .text               startup_stm32f103xb.o
    0x08000124   0x00000024   Code   RO         2637    .text               mc_w.l(init.o)
    0x08000148   0x00000002   Code   RO         2354    i.BusFault_Handler  stm32f1xx_it.o
    0x0800014a   0x0000001e   Code   RO         2520    i.Check_PCK         slave.o
    0x08000168   0x0000000c   Code   RO         2355    i.DMA1_Channel4_IRQHandler  stm32f1xx_it.o
    0x08000174   0x0000000c   Code   RO         2356    i.DMA1_Channel5_IRQHandler  stm32f1xx_it.o
    0x08000180   0x0000002a   Code   RO          387    i.DMA_SetConfig     stm32f1xx_hal_dma.o
    0x080001aa   0x00000002   Code   RO         2357    i.DebugMon_Handler  stm32f1xx_it.o
    0x080001ac   0x00000078   Code   RO         2521    i.GetNewData        slave.o
    0x08000224   0x00000030   Code   RO          388    i.HAL_DMA_Abort     stm32f1xx_hal_dma.o
    0x08000254   0x00000098   Code   RO          389    i.HAL_DMA_Abort_IT  stm32f1xx_hal_dma.o
    0x080002ec   0x00000154   Code   RO          393    i.HAL_DMA_IRQHandler  stm32f1xx_hal_dma.o
    0x08000440   0x00000064   Code   RO          394    i.HAL_DMA_Init      stm32f1xx_hal_dma.o
    0x080004a4   0x00000070   Code   RO          398    i.HAL_DMA_Start_IT  stm32f1xx_hal_dma.o
    0x08000514   0x0000001c   Code   RO         1093    i.HAL_Delay         stm32f1xx_hal.o
    0x08000530   0x000001bc   Code   RO          324    i.HAL_GPIO_Init     stm32f1xx_hal_gpio.o
    0x080006ec   0x0000000a   Code   RO          328    i.HAL_GPIO_WritePin  stm32f1xx_hal_gpio.o
    0x080006f6   0x00000002   PAD
    0x080006f8   0x0000000c   Code   RO         1097    i.HAL_GetTick       stm32f1xx_hal.o
    0x08000704   0x00000010   Code   RO         1099    i.HAL_IncTick       stm32f1xx_hal.o
    0x08000714   0x00000024   Code   RO         1100    i.HAL_Init          stm32f1xx_hal.o
    0x08000738   0x00000028   Code   RO         1101    i.HAL_InitTick      stm32f1xx_hal.o
    0x08000760   0x00000084   Code   RO         2184    i.HAL_MspInit       stm32f1xx_hal_msp.o
    0x080007e4   0x00000016   Code   RO          484    i.HAL_NVIC_EnableIRQ  stm32f1xx_hal_cortex.o
    0x080007fa   0x00000002   PAD
    0x080007fc   0x00000040   Code   RO          490    i.HAL_NVIC_SetPriority  stm32f1xx_hal_cortex.o
    0x0800083c   0x00000024   Code   RO          491    i.HAL_NVIC_SetPriorityGrouping  stm32f1xx_hal_cortex.o
    0x08000860   0x00000154   Code   RO         1895    i.HAL_RCC_ClockConfig  stm32f1xx_hal_rcc.o
    0x080009b4   0x0000000c   Code   RO         1900    i.HAL_RCC_GetHCLKFreq  stm32f1xx_hal_rcc.o
    0x080009c0   0x00000020   Code   RO         1902    i.HAL_RCC_GetPCLK1Freq  stm32f1xx_hal_rcc.o
    0x080009e0   0x00000020   Code   RO         1903    i.HAL_RCC_GetPCLK2Freq  stm32f1xx_hal_rcc.o
    0x08000a00   0x0000006c   Code   RO         1904    i.HAL_RCC_GetSysClockFreq  stm32f1xx_hal_rcc.o
    0x08000a6c   0x00000304   Code   RO         1907    i.HAL_RCC_OscConfig  stm32f1xx_hal_rcc.o
    0x08000d70   0x00000018   Code   RO          493    i.HAL_SYSTICK_CLKSourceConfig  stm32f1xx_hal_cortex.o
    0x08000d88   0x00000002   Code   RO          494    i.HAL_SYSTICK_Callback  stm32f1xx_hal_cortex.o
    0x08000d8a   0x00000028   Code   RO          495    i.HAL_SYSTICK_Config  stm32f1xx_hal_cortex.o
    0x08000db2   0x00000008   Code   RO          496    i.HAL_SYSTICK_IRQHandler  stm32f1xx_hal_cortex.o
    0x08000dba   0x00000002   Code   RO            4    i.HAL_TIMEx_BreakCallback  stm32f1xx_hal_tim_ex.o
    0x08000dbc   0x00000002   Code   RO            5    i.HAL_TIMEx_CommutationCallback  stm32f1xx_hal_tim_ex.o
    0x08000dbe   0x00000050   Code   RO           21    i.HAL_TIMEx_MasterConfigSynchronization  stm32f1xx_hal_tim_ex.o
    0x08000e0e   0x00000036   Code   RO         1229    i.HAL_TIM_Base_Init  stm32f1xx_hal_tim.o
    0x08000e44   0x00000038   Code   RO         2455    i.HAL_TIM_Base_MspInit  tim.o
    0x08000e7c   0x00000018   Code   RO         1234    i.HAL_TIM_Base_Start_IT  stm32f1xx_hal_tim.o
    0x08000e94   0x0000002a   Code   RO         1237    i.HAL_TIM_Base_Stop_IT  stm32f1xx_hal_tim.o
    0x08000ebe   0x000000f2   Code   RO         1238    i.HAL_TIM_ConfigClockSource  stm32f1xx_hal_tim.o
    0x08000fb0   0x00000002   Code   RO         1258    i.HAL_TIM_IC_CaptureCallback  stm32f1xx_hal_tim.o
    0x08000fb2   0x00000166   Code   RO         1271    i.HAL_TIM_IRQHandler  stm32f1xx_hal_tim.o
    0x08001118   0x00000002   Code   RO         1274    i.HAL_TIM_OC_DelayElapsedCallback  stm32f1xx_hal_tim.o
    0x0800111a   0x00000002   Code   RO         1301    i.HAL_TIM_PWM_PulseFinishedCallback  stm32f1xx_hal_tim.o
    0x0800111c   0x00000030   Code   RO         2280    i.HAL_TIM_PeriodElapsedCallback  main.o
    0x0800114c   0x00000002   Code   RO         1312    i.HAL_TIM_TriggerCallback  stm32f1xx_hal_tim.o
    0x0800114e   0x00000068   Code   RO          768    i.HAL_UART_Abort    stm32f1xx_hal_uart.o
    0x080011b6   0x00000002   Code   RO          781    i.HAL_UART_ErrorCallback  stm32f1xx_hal_uart.o
    0x080011b8   0x00000110   Code   RO          784    i.HAL_UART_IRQHandler  stm32f1xx_hal_uart.o
    0x080012c8   0x00000062   Code   RO          785    i.HAL_UART_Init     stm32f1xx_hal_uart.o
    0x0800132a   0x00000002   PAD
    0x0800132c   0x000000e0   Code   RO         2209    i.HAL_UART_MspInit  usart.o
    0x0800140c   0x00000098   Code   RO          789    i.HAL_UART_Receive_DMA  stm32f1xx_hal_uart.o
    0x080014a4   0x00000052   Code   RO          790    i.HAL_UART_Receive_IT  stm32f1xx_hal_uart.o
    0x080014f6   0x00000002   PAD
    0x080014f8   0x0000009c   Code   RO         2281    i.HAL_UART_RxCpltCallback  main.o
    0x08001594   0x00000002   Code   RO          792    i.HAL_UART_RxHalfCpltCallback  stm32f1xx_hal_uart.o
    0x08001596   0x00000002   PAD
    0x08001598   0x00000080   Code   RO          794    i.HAL_UART_Transmit_DMA  stm32f1xx_hal_uart.o
    0x08001618   0x00000038   Code   RO         2282    i.HAL_UART_TxCpltCallback  main.o
    0x08001650   0x00000002   Code   RO          797    i.HAL_UART_TxHalfCpltCallback  stm32f1xx_hal_uart.o
    0x08001652   0x00000002   Code   RO         2358    i.HardFault_Handler  stm32f1xx_it.o
    0x08001654   0x0000002e   Code   RO         2522    i.Init_PCK          slave.o
    0x08001682   0x00000002   PAD
    0x08001684   0x0000003c   Code   RO         2496    i.MX_DMA_Init       dma.o
    0x080016c0   0x00000044   Code   RO         2256    i.MX_GPIO_Init      gpio.o
    0x08001704   0x00000074   Code   RO         2456    i.MX_TIM2_Init      tim.o
    0x08001778   0x0000004c   Code   RO         2210    i.MX_USART1_UART_Init  usart.o
    0x080017c4   0x00000002   Code   RO         2359    i.MemManage_Handler  stm32f1xx_it.o
    0x080017c6   0x00000002   Code   RO         2360    i.NMI_Handler       stm32f1xx_it.o
    0x080017c8   0x00000020   Code   RO          497    i.NVIC_SetPriority  stm32f1xx_hal_cortex.o
    0x080017e8   0x00000002   Code   RO         2361    i.PendSV_Handler    stm32f1xx_it.o
    0x080017ea   0x00000002   Code   RO         2362    i.SVC_Handler       stm32f1xx_it.o
    0x080017ec   0x00000030   Code   RO         2523    i.Send_Audio        slave.o
    0x0800181c   0x00000040   Code   RO         2524    i.Send_PCK          slave.o
    0x0800185c   0x0000000e   Code   RO         2363    i.SysTick_Handler   stm32f1xx_it.o
    0x0800186a   0x00000066   Code   RO         2283    i.SystemClock_Config  main.o
    0x080018d0   0x00000048   Code   RO         2584    i.SystemInit        system_stm32f1xx.o
    0x08001918   0x0000000c   Code   RO         2364    i.TIM2_IRQHandler   stm32f1xx_it.o
    0x08001924   0x0000006c   Code   RO         1313    i.TIM_Base_SetConfig  stm32f1xx_hal_tim.o
    0x08001990   0x00000014   Code   RO         1320    i.TIM_ETR_SetConfig  stm32f1xx_hal_tim.o
    0x080019a4   0x00000010   Code   RO         1321    i.TIM_ITRx_SetConfig  stm32f1xx_hal_tim.o
    0x080019b4   0x00000022   Code   RO         1327    i.TIM_TI1_ConfigInputStage  stm32f1xx_hal_tim.o
    0x080019d6   0x00000024   Code   RO         1329    i.TIM_TI2_ConfigInputStage  stm32f1xx_hal_tim.o
    0x080019fa   0x00000010   Code   RO          798    i.UART_DMAAbortOnError  stm32f1xx_hal_uart.o
    0x08001a0a   0x0000004a   Code   RO          799    i.UART_DMAError     stm32f1xx_hal_uart.o
    0x08001a54   0x0000003c   Code   RO          800    i.UART_DMAReceiveCplt  stm32f1xx_hal_uart.o
    0x08001a90   0x0000000a   Code   RO          802    i.UART_DMARxHalfCplt  stm32f1xx_hal_uart.o
    0x08001a9a   0x0000002e   Code   RO          804    i.UART_DMATransmitCplt  stm32f1xx_hal_uart.o
    0x08001ac8   0x0000000a   Code   RO          806    i.UART_DMATxHalfCplt  stm32f1xx_hal_uart.o
    0x08001ad2   0x0000001c   Code   RO          808    i.UART_EndRxTransfer  stm32f1xx_hal_uart.o
    0x08001aee   0x00000012   Code   RO          809    i.UART_EndTxTransfer  stm32f1xx_hal_uart.o
    0x08001b00   0x00000096   Code   RO          810    i.UART_Receive_IT   stm32f1xx_hal_uart.o
    0x08001b96   0x00000002   PAD
    0x08001b98   0x00000170   Code   RO          811    i.UART_SetConfig    stm32f1xx_hal_uart.o
    0x08001d08   0x00000062   Code   RO          812    i.UART_Transmit_IT  stm32f1xx_hal_uart.o
    0x08001d6a   0x00000002   PAD
    0x08001d6c   0x0000000c   Code   RO         2365    i.USART1_IRQHandler  stm32f1xx_it.o
    0x08001d78   0x00000002   Code   RO         2366    i.UsageFault_Handler  stm32f1xx_it.o
    0x08001d7a   0x00000002   Code   RO         2284    i._Error_Handler    main.o
    0x08001d7c   0x0000000e   Code   RO         2641    i.__scatterload_copy  mc_w.l(handlers.o)
    0x08001d8a   0x00000002   Code   RO         2642    i.__scatterload_null  mc_w.l(handlers.o)
    0x08001d8c   0x0000000e   Code   RO         2643    i.__scatterload_zeroinit  mc_w.l(handlers.o)
    0x08001d9a   0x00000002   PAD
    0x08001d9c   0x00000044   Code   RO         2285    i.main              main.o
    0x08001de0   0x00000010   Data   RO         2585    .constdata          system_stm32f1xx.o
    0x08001df0   0x00000008   Data   RO         2586    .constdata          system_stm32f1xx.o
    0x08001df8   0x00000020   Data   RO         2639    Region$$Table       anon$$obj.o


    Execution Region RW_IRAM1 (Base: 0x20000000, Size: 0x00000848, Max: 0x00005000, ABSOLUTE)

    Base Addr    Size         Type   Attr      Idx    E Section Name        Object

    0x20000000   0x00000004   Data   RW         1106    .data               stm32f1xx_hal.o
    0x20000004   0x00000002   Data   RW         2290    .data               main.o
    0x20000006   0x00000002   Data   RW         2527    .data               slave.o
    0x20000008   0x00000004   Data   RW         2587    .data               system_stm32f1xx.o
    0x2000000c   0x000000c8   Zero   RW         2211    .bss                usart.o
    0x200000d4   0x00000320   Zero   RW         2286    .bss                main.o
    0x200003f4   0x00000040   Zero   RW         2457    .bss                tim.o
    0x20000434   0x00000014   Zero   RW         2525    .bss                slave.o
    0x20000448   0x00000400   Zero   RW         2573    STACK               startup_stm32f103xb.o


==============================================================================

Image component sizes


      Code (inc. data)   RO Data    RW Data    ZI Data      Debug   Object Name

        60          4          0          0          0        918   dma.o
        68          8          0          0          0        979   gpio.o
       432         66          0          2        800       4683   main.o
       308         48          0          2         20       5114   slave.o
        36          8        236          0       1024        856   startup_stm32f103xb.o
       132         22          0          4          0       4227   stm32f1xx_hal.o
       228         14          0          0          0      27797   stm32f1xx_hal_cortex.o
       794         36          0          0          0       5046   stm32f1xx_hal_dma.o
       454         36          0          0          0       2804   stm32f1xx_hal_gpio.o
       132         10          0          0          0       1022   stm32f1xx_hal_msp.o
      1296        104          0          0          0       6032   stm32f1xx_hal_rcc.o
       942         14          0          0          0      10758   stm32f1xx_hal_tim.o
        84          0          0          0          0     433326   stm32f1xx_hal_tim_ex.o
      1720         38          0          0          0      14537   stm32f1xx_hal_uart.o
        78         24          0          0          0       6690   stm32f1xx_it.o
        72         16         24          4          0       1415   system_stm32f1xx.o
       172         26          0          0         64       1930   tim.o
       300         60          0          0        200       2132   usart.o

    ----------------------------------------------------------------------
      7324        534        292         12       2108     530266   Object Totals
         0          0         32          0          0          0   (incl. Generated)
        16          0          0          0          0          0   (incl. Padding)

    ----------------------------------------------------------------------

      Code (inc. data)   RO Data    RW Data    ZI Data      Debug   Library Member Name

         0          0          0          0          0          0   entry.o
         0          0          0          0          0          0   entry10a.o
         0          0          0          0          0          0   entry11a.o
         8          4          0          0          0          0   entry2.o
         4          0          0          0          0          0   entry5.o
         0          0          0          0          0          0   entry7b.o
         0          0          0          0          0          0   entry8b.o
         8          4          0          0          0          0   entry9a.o
        30          0          0          0          0          0   handlers.o
        36          8          0          0          0         68   init.o

    ----------------------------------------------------------------------
        88         16          0          0          0         68   Library Totals
         2          0          0          0          0          0   (incl. Padding)

    ----------------------------------------------------------------------

      Code (inc. data)   RO Data    RW Data    ZI Data      Debug   Library Name

        86         16          0          0          0         68   mc_w.l

    ----------------------------------------------------------------------
        88         16          0          0          0         68   Library Totals

    ----------------------------------------------------------------------

==============================================================================


      Code (inc. data)   RO Data    RW Data    ZI Data      Debug   

      7412        550        292         12       2108     525806   Grand Totals
      7412        550        292         12       2108     525806   ELF Image Totals
      7412        550        292         12          0          0   ROM Totals

==============================================================================

    Total RO  Size (Code + RO Data)                 7704 (   7.52kB)
    Total RW  Size (RW Data + ZI Data)              2120 (   2.07kB)
    Total ROM Size (Code + RO Data + RW Data)       7716 (   7.54kB)

==============================================================================

